Archive member included to satisfy reference by file (symbol)

C:/ST/STM32CubeIDE_1.19.0/STM32CubeIDE/plugins/com.st.stm32cube.ide.mcu.externaltools.gnu-tools-for-stm32.13.3.rel1.win32_1.0.0.202411081344/tools/bin/../lib/gcc/arm-none-eabi/13.3.1/../../../../arm-none-eabi/lib/thumb/v7e-m+dp/hard\libc_nano.a(libc_a-exit.o)
                              C:/ST/STM32CubeIDE_1.19.0/STM32CubeIDE/plugins/com.st.stm32cube.ide.mcu.externaltools.gnu-tools-for-stm32.13.3.rel1.win32_1.0.0.202411081344/tools/bin/../lib/gcc/arm-none-eabi/13.3.1/../../../../arm-none-eabi/lib/thumb/v7e-m+dp/hard/crt0.o (exit)
C:/ST/STM32CubeIDE_1.19.0/STM32CubeIDE/plugins/com.st.stm32cube.ide.mcu.externaltools.gnu-tools-for-stm32.13.3.rel1.win32_1.0.0.202411081344/tools/bin/../lib/gcc/arm-none-eabi/13.3.1/../../../../arm-none-eabi/lib/thumb/v7e-m+dp/hard\libc_nano.a(libc_a-findfp.o)
                              C:/ST/STM32CubeIDE_1.19.0/STM32CubeIDE/plugins/com.st.stm32cube.ide.mcu.externaltools.gnu-tools-for-stm32.13.3.rel1.win32_1.0.0.202411081344/tools/bin/../lib/gcc/arm-none-eabi/13.3.1/../../../../arm-none-eabi/lib/thumb/v7e-m+dp/hard\libc_nano.a(libc_a-exit.o) (__stdio_exit_handler)
C:/ST/STM32CubeIDE_1.19.0/STM32CubeIDE/plugins/com.st.stm32cube.ide.mcu.externaltools.gnu-tools-for-stm32.13.3.rel1.win32_1.0.0.202411081344/tools/bin/../lib/gcc/arm-none-eabi/13.3.1/../../../../arm-none-eabi/lib/thumb/v7e-m+dp/hard\libc_nano.a(libc_a-fwalk.o)
                              C:/ST/STM32CubeIDE_1.19.0/STM32CubeIDE/plugins/com.st.stm32cube.ide.mcu.externaltools.gnu-tools-for-stm32.13.3.rel1.win32_1.0.0.202411081344/tools/bin/../lib/gcc/arm-none-eabi/13.3.1/../../../../arm-none-eabi/lib/thumb/v7e-m+dp/hard\libc_nano.a(libc_a-findfp.o) (_fwalk_sglue)
C:/ST/STM32CubeIDE_1.19.0/STM32CubeIDE/plugins/com.st.stm32cube.ide.mcu.externaltools.gnu-tools-for-stm32.13.3.rel1.win32_1.0.0.202411081344/tools/bin/../lib/gcc/arm-none-eabi/13.3.1/../../../../arm-none-eabi/lib/thumb/v7e-m+dp/hard\libc_nano.a(libc_a-printf.o)
                              ./Core/Src/main.o (printf)
C:/ST/STM32CubeIDE_1.19.0/STM32CubeIDE/plugins/com.st.stm32cube.ide.mcu.externaltools.gnu-tools-for-stm32.13.3.rel1.win32_1.0.0.202411081344/tools/bin/../lib/gcc/arm-none-eabi/13.3.1/../../../../arm-none-eabi/lib/thumb/v7e-m+dp/hard\libc_nano.a(libc_a-stdio.o)
                              C:/ST/STM32CubeIDE_1.19.0/STM32CubeIDE/plugins/com.st.stm32cube.ide.mcu.externaltools.gnu-tools-for-stm32.13.3.rel1.win32_1.0.0.202411081344/tools/bin/../lib/gcc/arm-none-eabi/13.3.1/../../../../arm-none-eabi/lib/thumb/v7e-m+dp/hard\libc_nano.a(libc_a-findfp.o) (__sread)
C:/ST/STM32CubeIDE_1.19.0/STM32CubeIDE/plugins/com.st.stm32cube.ide.mcu.externaltools.gnu-tools-for-stm32.13.3.rel1.win32_1.0.0.202411081344/tools/bin/../lib/gcc/arm-none-eabi/13.3.1/../../../../arm-none-eabi/lib/thumb/v7e-m+dp/hard\libc_nano.a(libc_a-memset.o)
                              C:/ST/STM32CubeIDE_1.19.0/STM32CubeIDE/plugins/com.st.stm32cube.ide.mcu.externaltools.gnu-tools-for-stm32.13.3.rel1.win32_1.0.0.202411081344/tools/bin/../lib/gcc/arm-none-eabi/13.3.1/../../../../arm-none-eabi/lib/thumb/v7e-m+dp/hard/crt0.o (memset)
C:/ST/STM32CubeIDE_1.19.0/STM32CubeIDE/plugins/com.st.stm32cube.ide.mcu.externaltools.gnu-tools-for-stm32.13.3.rel1.win32_1.0.0.202411081344/tools/bin/../lib/gcc/arm-none-eabi/13.3.1/../../../../arm-none-eabi/lib/thumb/v7e-m+dp/hard\libc_nano.a(libc_a-closer.o)
                              C:/ST/STM32CubeIDE_1.19.0/STM32CubeIDE/plugins/com.st.stm32cube.ide.mcu.externaltools.gnu-tools-for-stm32.13.3.rel1.win32_1.0.0.202411081344/tools/bin/../lib/gcc/arm-none-eabi/13.3.1/../../../../arm-none-eabi/lib/thumb/v7e-m+dp/hard\libc_nano.a(libc_a-stdio.o) (_close_r)
C:/ST/STM32CubeIDE_1.19.0/STM32CubeIDE/plugins/com.st.stm32cube.ide.mcu.externaltools.gnu-tools-for-stm32.13.3.rel1.win32_1.0.0.202411081344/tools/bin/../lib/gcc/arm-none-eabi/13.3.1/../../../../arm-none-eabi/lib/thumb/v7e-m+dp/hard\libc_nano.a(libc_a-reent.o)
                              C:/ST/STM32CubeIDE_1.19.0/STM32CubeIDE/plugins/com.st.stm32cube.ide.mcu.externaltools.gnu-tools-for-stm32.13.3.rel1.win32_1.0.0.202411081344/tools/bin/../lib/gcc/arm-none-eabi/13.3.1/../../../../arm-none-eabi/lib/thumb/v7e-m+dp/hard\libc_nano.a(libc_a-closer.o) (errno)
C:/ST/STM32CubeIDE_1.19.0/STM32CubeIDE/plugins/com.st.stm32cube.ide.mcu.externaltools.gnu-tools-for-stm32.13.3.rel1.win32_1.0.0.202411081344/tools/bin/../lib/gcc/arm-none-eabi/13.3.1/../../../../arm-none-eabi/lib/thumb/v7e-m+dp/hard\libc_nano.a(libc_a-impure.o)
                              C:/ST/STM32CubeIDE_1.19.0/STM32CubeIDE/plugins/com.st.stm32cube.ide.mcu.externaltools.gnu-tools-for-stm32.13.3.rel1.win32_1.0.0.202411081344/tools/bin/../lib/gcc/arm-none-eabi/13.3.1/../../../../arm-none-eabi/lib/thumb/v7e-m+dp/hard\libc_nano.a(libc_a-printf.o) (_impure_ptr)
[...]
Memory Configuration

Name             Origin             Length             Attributes
RAM_D1           0x24000000         0x00080000         xrw
FLASH            0x080a0000         0x00060000         xr
DTCMRAM          0x20000000         0x00020000         xrw
RAM_D2           0x30000000         0x00048000         xrw
RAM_D3           0x38000000         0x00010000         xrw
ITCMRAM          0x00000000         0x00010000         xrw
*default*        0x00000000         0xffffffff

Linker script and memory map

LOAD C:/ST/STM32CubeIDE_1.19.0/STM32CubeIDE/plugins/com.st.stm32cube.ide.mcu.externaltools.gnu-tools-for-stm32.13.3.rel1.win32_1.0.0.202411081344/tools/bin/../lib/gcc/arm-none-eabi/13.3.1/thumb/v7e-m+dp/hard/crti.o
LOAD C:/ST/STM32CubeIDE_1.19.0/STM32CubeIDE/plugins/com.st.stm32cube.ide.mcu.externaltools.gnu-tools-for-stm32.13.3.rel1.win32_1.0.0.202411081344/tools/bin/../lib/gcc/arm-none-eabi/13.3.1/thumb/v7e-m+dp/hard/crtbegin.o
LOAD C:/ST/STM32CubeIDE_1.19.0/STM32CubeIDE/plugins/com.st.stm32cube.ide.mcu.externaltools.gnu-tools-for-stm32.13.3.rel1.win32_1.0.0.202411081344/tools/bin/../lib/gcc/arm-none-eabi/13.3.1/../../../../arm-none-eabi/lib/thumb/v7e-m+dp/hard/crt0.o
LOAD ./Common/Src/system_stm32h7xx_dualcore_boot_cm4_cm7.o
LOAD ./Core/Src/main.o
LOAD ./Core/Src/stm32h7xx_hal_msp.o
LOAD ./Core/Src/stm32h7xx_it.o
LOAD ./Core/Src/syscalls.o
LOAD ./Core/Src/sysmem.o
LOAD ./Core/Startup/startup_stm32h747xihx.o
LOAD ./Drivers/STM32H7xx_HAL_Driver/stm32h7xx_hal.o
LOAD ./Drivers/STM32H7xx_HAL_Driver/stm32h7xx_hal_cortex.o
LOAD ./Drivers/STM32H7xx_HAL_Driver/stm32h7xx_hal_dma.o
LOAD ./Drivers/STM32H7xx_HAL_Driver/stm32h7xx_hal_dma_ex.o
LOAD ./Drivers/STM32H7xx_HAL_Driver/stm32h7xx_hal_exti.o
LOAD ./Drivers/STM32H7xx_HAL_Driver/stm32h7xx_hal_flash.o
LOAD ./Drivers/STM32H7xx_HAL_Driver/stm32h7xx_hal_flash_ex.o
LOAD ./Drivers/STM32H7xx_HAL_Driver/stm32h7xx_hal_gpio.o
LOAD ./Drivers/STM32H7xx_HAL_Driver/stm32h7xx_hal_hsem.o
LOAD ./Drivers/STM32H7xx_HAL_Driver/stm32h7xx_hal_i2c.o
LOAD ./Drivers/STM32H7xx_HAL_Driver/stm32h7xx_hal_i2c_ex.o
LOAD ./Drivers/STM32H7xx_HAL_Driver/stm32h7xx_hal_mdma.o
LOAD ./Drivers/STM32H7xx_HAL_Driver/stm32h7xx_hal_pcd.o
LOAD ./Drivers/STM32H7xx_HAL_Driver/stm32h7xx_hal_pcd_ex.o
LOAD ./Drivers/STM32H7xx_HAL_Driver/stm32h7xx_hal_pwr.o
LOAD ./Drivers/STM32H7xx_HAL_Driver/stm32h7xx_hal_pwr_ex.o
LOAD ./Drivers/STM32H7xx_HAL_Driver/stm32h7xx_hal_rcc.o
LOAD ./Drivers/STM32H7xx_HAL_Driver/stm32h7xx_hal_rcc_ex.o
LOAD ./Drivers/STM32H7xx_HAL_Driver/stm32h7xx_hal_tim.o
LOAD ./Drivers/STM32H7xx_HAL_Driver/stm32h7xx_hal_tim_ex.o
LOAD ./Drivers/STM32H7xx_HAL_Driver/stm32h7xx_ll_usb.o
LOAD ./Middlewares/ST/STM32_USB_Device_Library/usbd_cdc.o
LOAD ./Middlewares/ST/STM32_USB_Device_Library/usbd_core.o
LOAD ./Middlewares/ST/STM32_USB_Device_Library/usbd_ctlreq.o
LOAD ./Middlewares/ST/STM32_USB_Device_Library/usbd_ioreq.o
LOAD ./USB_DEVICE/App/usb_device.o
LOAD ./USB_DEVICE/App/usbd_cdc_if.o
LOAD ./USB_DEVICE/App/usbd_desc.o
LOAD ./USB_DEVICE/Target/usbd_conf.o
START GROUP
LOAD C:/ST/STM32CubeIDE_1.19.0/STM32CubeIDE/plugins/com.st.stm32cube.ide.mcu.externaltools.gnu-tools-for-stm32.13.3.rel1.win32_1.0.0.202411081344/tools/bin/../lib/gcc/arm-none-eabi/13.3.1/../../../../arm-none-eabi/lib/thumb/v7e-m+dp/hard\libc_nano.a
LOAD C:/ST/STM32CubeIDE_1.19.0/STM32CubeIDE/plugins/com.st.stm32cube.ide.mcu.externaltools.gnu-tools-for-stm32.13.3.rel1.win32_1.0.0.202411081344/tools/bin/../lib/gcc/arm-none-eabi/13.3.1/../../../../arm-none-eabi/lib/thumb/v7e-m+dp/hard\libm.a
END GROUP
START GROUP
LOAD C:/ST/STM32CubeIDE_1.19.0/STM32CubeIDE/plugins/com.st.stm32cube.ide.mcu.externaltools.gnu-tools-for-stm32.13.3.rel1.win32_1.0.0.202411081344/tools/bin/../lib/gcc/arm-none-eabi/13.3.1/thumb/v7e-m+dp/hard\libgcc.a
LOAD C:/ST/STM32CubeIDE_1.19.0/STM32CubeIDE/plugins/com.st.stm32cube.ide.mcu.externaltools.gnu-tools-for-stm32.13.3.rel1.win32_1.0.0.202411081344/tools/bin/../lib/gcc/arm-none-eabi/13.3.1/../../../../arm-none-eabi/lib/thumb/v7e-m+dp/hard\libc_nano.a
END GROUP
START GROUP
LOAD C:/ST/STM32CubeIDE_1.19.0/STM32CubeIDE/plugins/com.st.stm32cube.ide.mcu.externaltools.gnu-tools-for-stm32.13.3.rel1.win32_1.0.0.202411081344/tools/bin/../lib/gcc/arm-none-eabi/13.3.1/thumb/v7e-m+dp/hard\libgcc.a
LOAD C:/ST/STM32CubeIDE_1.19.0/STM32CubeIDE/plugins/com.st.stm32cube.ide.mcu.externaltools.gnu-tools-for-stm32.13.3.rel1.win32_1.0.0.202411081344/tools/bin/../lib/gcc/arm-none-eabi/13.3.1/../../../../arm-none-eabi/lib/thumb/v7e-m+dp/hard\libc_nano.a
LOAD C:/ST/STM32CubeIDE_1.19.0/STM32CubeIDE/plugins/com.st.stm32cube.ide.mcu.externaltools.gnu-tools-for-stm32.13.3.rel1.win32_1.0.0.202411081344/tools/bin/../lib/gcc/arm-none-eabi/13.3.1/../../../../arm-none-eabi/lib/thumb/v7e-m+dp/hard\libnosys.a
END GROUP
START GROUP
LOAD C:/ST/STM32CubeIDE_1.19.0/STM32CubeIDE/plugins/com.st.stm32cube.ide.mcu.externaltools.gnu-tools-for-stm32.13.3.rel1.win32_1.0.0.202411081344/tools/bin/../lib/gcc/arm-none-eabi/13.3.1/thumb/v7e-m+dp/hard\libgcc.a
LOAD C:/ST/STM32CubeIDE_1.19.0/STM32CubeIDE/plugins/com.st.stm32cube.ide.mcu.externaltools.gnu-tools-for-stm32.13.3.rel1.win32_1.0.0.202411081344/tools/bin/../lib/gcc/arm-none-eabi/13.3.1/../../../../arm-none-eabi/lib/thumb/v7e-m+dp/hard\libc_nano.a
LOAD C:/ST/STM32CubeIDE_1.19.0/STM32CubeIDE/plugins/com.st.stm32cube.ide.mcu.externaltools.gnu-tools-for-stm32.13.3.rel1.win32_1.0.0.202411081344/tools/bin/../lib/gcc/arm-none-eabi/13.3.1/../../../../arm-none-eabi/lib/thumb/v7e-m+dp/hard\libnosys.a
END GROUP
LOAD C:/ST/STM32CubeIDE_1.19.0/STM32CubeIDE/plugins/com.st.stm32cube.ide.mcu.externaltools.gnu-tools-for-stm32.13.3.rel1.win32_1.0.0.202411081344/tools/bin/../lib/gcc/arm-none-eabi/13.3.1/thumb/v7e-m+dp/hard/crtend.o
LOAD C:/ST/STM32CubeIDE_1.19.0/STM32CubeIDE/plugins/com.st.stm32cube.ide.mcu.externaltools.gnu-tools-for-stm32.13.3.rel1.win32_1.0.0.202411081344/tools/bin/../lib/gcc/arm-none-eabi/13.3.1/thumb/v7e-m+dp/hard/crtn.o
                0x2407fffc                        _bfalg = ((ORIGIN (RAM_D1) + LENGTH (RAM_D1)) - 0x4)
                0x2407fffc                        _estack = _bfalg
                0x00000200                        _Min_Heap_Size = 0x200
                0x00000400                        _Min_Stack_Size = 0x400

.isr_vector     0x080a0000      0x298
                0x080a0000                        . = ALIGN (0x4)
 *(.isr_vector)
 .isr_vector    0x080a0000      0x298 ./Core/Startup/startup_stm32h747xihx.o
                0x080a0000                g_pfnVectors
                0x080a0298                        . = ALIGN (0x4)

.text           0x080a02a0     0x9dc8
                0x080a02a0                        . = ALIGN (0x4)
 *(.text)
 .text          0x080a02a0       0x40 C:/ST/STM32CubeIDE_1.19.0/STM32CubeIDE/plugins/com.st.stm32cube.ide.mcu.externaltools.gnu-tools-for-stm32.13.3.rel1.win32_1.0.0.202411081344/tools/bin/../lib/gcc/arm-none-eabi/13.3.1/thumb/v7e-m+dp/hard/crtbegin.o
 .text          0x080a02e0       0xa0 C:/ST/STM32CubeIDE_1.19.0/STM32CubeIDE/plugins/com.st.stm32cube.ide.mcu.externaltools.gnu-tools-for-stm32.13.3.rel1.win32_1.0.0.202411081344/tools/bin/../lib/gcc/arm-none-eabi/13.3.1/../../../../arm-none-eabi/lib/thumb/v7e-m+dp/hard\libc_nano.a(libc_a-memchr.o)
                0x080a02e0                memchr
 *(.text*)
 .text.SystemInit
                0x080a0380      0x164 ./Common/Src/system_stm32h7xx_dualcore_boot_cm4_cm7.o
                0x080a0380                SystemInit
 .text.ExitRun0Mode
                0x080a04e4       0x30 ./Common/Src/system_stm32h7xx_dualcore_boot_cm4_cm7.o
                0x080a04e4                ExitRun0Mode
 .text.main     0x080a0514       0x84 ./Core/Src/main.o
                0x080a0514                main
 .text.SystemClock_Config
                0x080a0598      0x10c ./Core/Src/main.o
                0x080a0598                SystemClock_Config
 .text.PeriphCommonClock_Config
                0x080a06a4       0x5e ./Core/Src/main.o
                0x080a06a4                PeriphCommonClock_Config
 *fill*         0x080a0702        0x2 
 .text.MX_GPIO_Init
                0x080a0704      0x108 ./Core/Src/main.o
 .text.Error_Handler
                0x080a080c        0xc ./Core/Src/main.o
                0x080a080c                Error_Handler
 .text.HAL_MspInit
                0x080a0818       0x34 ./Core/Src/stm32h7xx_hal_msp.o
                0x080a0818                HAL_MspInit
 .text.NMI_Handler
                0x080a084c        0x8 ./Core/Src/stm32h7xx_it.o
                0x080a084c                NMI_Handler
 .text.HardFault_Handler
                0x080a0854        0x8 ./Core/Src/stm32h7xx_it.o
                0x080a0854                HardFault_Handler
 .text.MemManage_Handler
                0x080a085c        0x8 ./Core/Src/stm32h7xx_it.o
                0x080a085c                MemManage_Handler
 .text.BusFault_Handler
                0x080a0864        0x8 ./Core/Src/stm32h7xx_it.o
                0x080a0864                BusFault_Handler
 .text.UsageFault_Handler
                0x080a086c        0x8 ./Core/Src/stm32h7xx_it.o
                0x080a086c                UsageFault_Handler
 .text.SVC_Handler
                0x080a0874        0xe ./Core/Src/stm32h7xx_it.o
                0x080a0874                SVC_Handler
 .text.DebugMon_Handler
                0x080a0882        0xe ./Core/Src/stm32h7xx_it.o
                0x080a0882                DebugMon_Handler
 .text.PendSV_Handler
                0x080a0890        0xe ./Core/Src/stm32h7xx_it.o
                0x080a0890                PendSV_Handler
 .text.SysTick_Handler
                0x080a089e        0xc ./Core/Src/stm32h7xx_it.o
                0x080a089e                SysTick_Handler
 *fill*         0x080a08aa        0x2 
 .text.OTG_HS_IRQHandler
                0x080a08ac       0x14 ./Core/Src/stm32h7xx_it.o
                0x080a08ac                OTG_HS_IRQHandler
 .text.ITM_SendChar
                0x080a08c0       0x50 ./Core/Src/syscalls.o
                0x080a08c0                ITM_SendChar
 .text._read    0x080a0910       0x3a ./Core/Src/syscalls.o
                0x080a0910                _read
 .text._write   0x080a094a       0x38 ./Core/Src/syscalls.o
                0x080a094a                _write
 .text._close   0x080a0982       0x18 ./Core/Src/syscalls.o
                0x080a0982                _close
 .text._fstat   0x080a099a       0x20 ./Core/Src/syscalls.o
                0x080a099a                _fstat
 .text._isatty  0x080a09ba       0x16 ./Core/Src/syscalls.o
                0x080a09ba                _isatty
 .text._lseek   0x080a09d0       0x1a ./Core/Src/syscalls.o
                0x080a09d0                _lseek
 *fill*         0x080a09ea        0x2 
 .text._sbrk    0x080a09ec       0x6c ./Core/Src/sysmem.o
                0x080a09ec                _sbrk
 .text.Reset_Handler
                0x080a0a58       0x54 ./Core/Startup/startup_stm32h747xihx.o
                0x080a0a58                Reset_Handler
 .text.Default_Handler
                0x080a0aac        0x2 ./Core/Startup/startup_stm32h747xihx.o
                0x080a0aac                RTC_Alarm_IRQHandler
                0x080a0aac                EXTI2_IRQHandler
                0x080a0aac                TIM8_CC_IRQHandler
                0x080a0aac                HRTIM1_Master_IRQHandler
                0x080a0aac                UART8_IRQHandler
                0x080a0aac                SPI4_IRQHandler
                0x080a0aac                TIM1_CC_IRQHandler
                0x080a0aac                BDMA_Channel6_IRQHandler
                0x080a0aac                DMA2_Stream5_IRQHandler
                0x080a0aac                HRTIM1_FLT_IRQHandler
                0x080a0aac                JPEG_IRQHandler
                0x080a0aac                DMA1_Stream5_IRQHandler
                0x080a0aac                BDMA_Channel1_IRQHandler
                0x080a0aac                HRTIM1_TIMD_IRQHandler
                0x080a0aac                TAMP_STAMP_IRQHandler
                0x080a0aac                EXTI3_IRQHandler
                0x080a0aac                LPTIM4_IRQHandler
                0x080a0aac                TIM8_TRG_COM_TIM14_IRQHandler
                0x080a0aac                LPTIM2_IRQHandler
                0x080a0aac                DFSDM1_FLT1_IRQHandler
                0x080a0aac                DMAMUX2_OVR_IRQHandler
                0x080a0aac                TIM8_UP_TIM13_IRQHandler
                0x080a0aac                I2C3_ER_IRQHandler
                0x080a0aac                DFSDM1_FLT2_IRQHandler
                0x080a0aac                MDMA_IRQHandler
                0x080a0aac                LPTIM3_IRQHandler
                0x080a0aac                HSEM1_IRQHandler
                0x080a0aac                EXTI0_IRQHandler
                0x080a0aac                I2C2_EV_IRQHandler
                0x080a0aac                DMA1_Stream2_IRQHandler
                0x080a0aac                FPU_IRQHandler
                0x080a0aac                OTG_HS_WKUP_IRQHandler
                0x080a0aac                FDCAN1_IT1_IRQHandler
                0x080a0aac                LTDC_ER_IRQHandler
                0x080a0aac                DMA2_Stream2_IRQHandler
                0x080a0aac                HRTIM1_TIME_IRQHandler
                0x080a0aac                SPI1_IRQHandler
                0x080a0aac                TIM6_DAC_IRQHandler
                0x080a0aac                DCMI_IRQHandler
                0x080a0aac                HRTIM1_TIMC_IRQHandler
                0x080a0aac                DMA2_Stream3_IRQHandler
                0x080a0aac                SAI2_IRQHandler
                0x080a0aac                DFSDM1_FLT3_IRQHandler
                0x080a0aac                USART6_IRQHandler
                0x080a0aac                TIM17_IRQHandler
                0x080a0aac                USART3_IRQHandler
                0x080a0aac                BDMA_Channel7_IRQHandler
                0x080a0aac                LPTIM5_IRQHandler
                0x080a0aac                UART5_IRQHandler
                0x080a0aac                ADC3_IRQHandler
                0x080a0aac                DMA2_Stream0_IRQHandler
                0x080a0aac                TIM4_IRQHandler
                0x080a0aac                BDMA_Channel2_IRQHandler
                0x080a0aac                QUADSPI_IRQHandler
                0x080a0aac                I2C1_EV_IRQHandler
                0x080a0aac                DMA1_Stream6_IRQHandler
                0x080a0aac                DMAMUX1_OVR_IRQHandler
                0x080a0aac                DMA1_Stream1_IRQHandler
                0x080a0aac                TIM16_IRQHandler
                0x080a0aac                UART4_IRQHandler
                0x080a0aac                BDMA_Channel5_IRQHandler
                0x080a0aac                TIM3_IRQHandler
                0x080a0aac                RCC_IRQHandler
                0x080a0aac                TIM8_BRK_TIM12_IRQHandler
                0x080a0aac                TIM1_TRG_COM_IRQHandler
                0x080a0aac                Default_Handler
                0x080a0aac                ECC_IRQHandler
                0x080a0aac                CEC_IRQHandler
                0x080a0aac                EXTI15_10_IRQHandler
                0x080a0aac                BDMA_Channel0_IRQHandler
                0x080a0aac                ADC_IRQHandler
                0x080a0aac                DMA1_Stream7_IRQHandler
                0x080a0aac                HRTIM1_TIMA_IRQHandler
                0x080a0aac                SPI5_IRQHandler
                0x080a0aac                TIM7_IRQHandler
                0x080a0aac                SDMMC1_IRQHandler
                0x080a0aac                TIM5_IRQHandler
                0x080a0aac                DMA2_Stream7_IRQHandler
                0x080a0aac                TIM15_IRQHandler
                0x080a0aac                PVD_AVD_IRQHandler
                0x080a0aac                I2C3_EV_IRQHandler
                0x080a0aac                EXTI9_5_IRQHandler
                0x080a0aac                RTC_WKUP_IRQHandler
                0x080a0aac                LTDC_IRQHandler
                0x080a0aac                SAI3_IRQHandler
                0x080a0aac                ETH_WKUP_IRQHandler
                0x080a0aac                SPDIF_RX_IRQHandler
                0x080a0aac                SPI2_IRQHandler
                0x080a0aac                OTG_HS_EP1_IN_IRQHandler
                0x080a0aac                DMA1_Stream0_IRQHandler
                0x080a0aac                CRS_IRQHandler
                0x080a0aac                CM7_SEV_IRQHandler
                0x080a0aac                EXTI4_IRQHandler
                0x080a0aac                RNG_IRQHandler
                0x080a0aac                CM4_SEV_IRQHandler
                0x080a0aac                HRTIM1_TIMB_IRQHandler
                0x080a0aac                FDCAN2_IT1_IRQHandler
                0x080a0aac                DSI_IRQHandler
                0x080a0aac                ETH_IRQHandler
                0x080a0aac                TIM1_UP_IRQHandler
                0x080a0aac                WWDG_RST_IRQHandler
                0x080a0aac                BDMA_Channel4_IRQHandler
                0x080a0aac                OTG_HS_EP1_OUT_IRQHandler
                0x080a0aac                WWDG_IRQHandler
                0x080a0aac                SPI6_IRQHandler
                0x080a0aac                MDIOS_IRQHandler
                0x080a0aac                I2C4_EV_IRQHandler
                0x080a0aac                FDCAN2_IT0_IRQHandler
                0x080a0aac                LPUART1_IRQHandler
                0x080a0aac                FDCAN1_IT0_IRQHandler
                0x080a0aac                TIM2_IRQHandler
                0x080a0aac                OTG_FS_WKUP_IRQHandler
                0x080a0aac                HSEM2_IRQHandler
                0x080a0aac                DMA2D_IRQHandler
                0x080a0aac                TIM1_BRK_IRQHandler
                0x080a0aac                EXTI1_IRQHandler
                0x080a0aac                SDMMC2_IRQHandler
                0x080a0aac                OTG_FS_EP1_OUT_IRQHandler
                0x080a0aac                BDMA_Channel3_IRQHandler
                0x080a0aac                HOLD_CORE_IRQHandler
                0x080a0aac                UART7_IRQHandler
                0x080a0aac                MDIOS_WKUP_IRQHandler
                0x080a0aac                USART2_IRQHandler
                0x080a0aac                DFSDM1_FLT0_IRQHandler
                0x080a0aac                SAI4_IRQHandler
                0x080a0aac                I2C2_ER_IRQHandler
                0x080a0aac                DMA2_Stream1_IRQHandler
                0x080a0aac                FLASH_IRQHandler
                0x080a0aac                DMA2_Stream4_IRQHandler
                0x080a0aac                USART1_IRQHandler
                0x080a0aac                OTG_FS_IRQHandler
                0x080a0aac                SPI3_IRQHandler
                0x080a0aac                WAKEUP_PIN_IRQHandler
                0x080a0aac                DMA1_Stream4_IRQHandler
                0x080a0aac                OTG_FS_EP1_IN_IRQHandler
                0x080a0aac                I2C1_ER_IRQHandler
                0x080a0aac                FMC_IRQHandler
                0x080a0aac                FDCAN_CAL_IRQHandler
                0x080a0aac                SWPMI1_IRQHandler
                0x080a0aac                COMP1_IRQHandler
                0x080a0aac                LPTIM1_IRQHandler
                0x080a0aac                I2C4_ER_IRQHandler
                0x080a0aac                DMA2_Stream6_IRQHandler
                0x080a0aac                SAI1_IRQHandler
                0x080a0aac                DMA1_Stream3_IRQHandler
 *fill*         0x080a0aae        0x2 
 .text.HAL_Init
                0x080a0ab0       0x78 ./Drivers/STM32H7xx_HAL_Driver/stm32h7xx_hal.o
                0x080a0ab0                HAL_Init
 .text.HAL_InitTick
                0x080a0b28       0x6c ./Drivers/STM32H7xx_HAL_Driver/stm32h7xx_hal.o
                0x080a0b28                HAL_InitTick
 .text.HAL_IncTick
                0x080a0b94       0x28 ./Drivers/STM32H7xx_HAL_Driver/stm32h7xx_hal.o
                0x080a0b94                HAL_IncTick
 .text.HAL_GetTick
                0x080a0bbc       0x18 ./Drivers/STM32H7xx_HAL_Driver/stm32h7xx_hal.o
                0x080a0bbc                HAL_GetTick
 .text.HAL_Delay
                0x080a0bd4       0x48 ./Drivers/STM32H7xx_HAL_Driver/stm32h7xx_hal.o
                0x080a0bd4                HAL_Delay
 .text.HAL_GetREVID
                0x080a0c1c       0x18 ./Drivers/STM32H7xx_HAL_Driver/stm32h7xx_hal.o
                0x080a0c1c                HAL_GetREVID
 .text.__NVIC_SetPriorityGrouping
                0x080a0c34       0x48 ./Drivers/STM32H7xx_HAL_Driver/stm32h7xx_hal_cortex.o
 .text.__NVIC_GetPriorityGrouping
                0x080a0c7c       0x1c ./Drivers/STM32H7xx_HAL_Driver/stm32h7xx_hal_cortex.o
 .text.__NVIC_EnableIRQ
                0x080a0c98       0x3c ./Drivers/STM32H7xx_HAL_Driver/stm32h7xx_hal_cortex.o
 .text.__NVIC_SetPriority
                0x080a0cd4       0x54 ./Drivers/STM32H7xx_HAL_Driver/stm32h7xx_hal_cortex.o
 .text.NVIC_EncodePriority
                0x080a0d28       0x66 ./Drivers/STM32H7xx_HAL_Driver/stm32h7xx_hal_cortex.o
 *fill*         0x080a0d8e        0x2 
 .text.SysTick_Config
                0x080a0d90       0x44 ./Drivers/STM32H7xx_HAL_Driver/stm32h7xx_hal_cortex.o
 .text.HAL_NVIC_SetPriorityGrouping
                0x080a0dd4       0x16 ./Drivers/STM32H7xx_HAL_Driver/stm32h7xx_hal_cortex.o
                0x080a0dd4                HAL_NVIC_SetPriorityGrouping
 .text.HAL_NVIC_SetPriority
                0x080a0dea       0x34 ./Drivers/STM32H7xx_HAL_Driver/stm32h7xx_hal_cortex.o
                0x080a0dea                HAL_NVIC_SetPriority
 .text.HAL_NVIC_EnableIRQ
                0x080a0e1e       0x1c ./Drivers/STM32H7xx_HAL_Driver/stm32h7xx_hal_cortex.o
                0x080a0e1e                HAL_NVIC_EnableIRQ
 .text.HAL_SYSTICK_Config
                0x080a0e3a       0x18 ./Drivers/STM32H7xx_HAL_Driver/stm32h7xx_hal_cortex.o
                0x080a0e3a                HAL_SYSTICK_Config
 *fill*         0x080a0e52        0x2 
 .text.HAL_GPIO_Init
                0x080a0e54      0x360 ./Drivers/STM32H7xx_HAL_Driver/stm32h7xx_hal_gpio.o
                0x080a0e54                HAL_GPIO_Init
 .text.HAL_GPIO_WritePin
                0x080a11b4       0x32 ./Drivers/STM32H7xx_HAL_Driver/stm32h7xx_hal_gpio.o
                0x080a11b4                HAL_GPIO_WritePin
 .text.HAL_GPIO_TogglePin
                0x080a11e6       0x34 ./Drivers/STM32H7xx_HAL_Driver/stm32h7xx_hal_gpio.o
                0x080a11e6                HAL_GPIO_TogglePin
 *fill*         0x080a121a        0x2 
 .text.HAL_HSEM_FastTake
                0x080a121c       0x34 ./Drivers/STM32H7xx_HAL_Driver/stm32h7xx_hal_hsem.o
                0x080a121c                HAL_HSEM_FastTake
 .text.HAL_HSEM_Release
                0x080a1250       0x28 ./Drivers/STM32H7xx_HAL_Driver/stm32h7xx_hal_hsem.o
                0x080a1250                HAL_HSEM_Release
 .text.HAL_PCD_Init
                0x080a1278      0x218 ./Drivers/STM32H7xx_HAL_Driver/stm32h7xx_hal_pcd.o
                0x080a1278                HAL_PCD_Init
 .text.HAL_PCD_Start
                0x080a1490       0x6a ./Drivers/STM32H7xx_HAL_Driver/stm32h7xx_hal_pcd.o
                0x080a1490                HAL_PCD_Start
 .text.HAL_PCD_IRQHandler
                0x080a14fa      0x99c ./Drivers/STM32H7xx_HAL_Driver/stm32h7xx_hal_pcd.o
                0x080a14fa                HAL_PCD_IRQHandler
 .text.HAL_PCD_SetAddress
                0x080a1e96       0x48 ./Drivers/STM32H7xx_HAL_Driver/stm32h7xx_hal_pcd.o
                0x080a1e96                HAL_PCD_SetAddress
 .text.HAL_PCD_EP_Open
                0x080a1ede       0xd4 ./Drivers/STM32H7xx_HAL_Driver/stm32h7xx_hal_pcd.o
                0x080a1ede                HAL_PCD_EP_Open
 .text.HAL_PCD_EP_Close
                0x080a1fb2       0x94 ./Drivers/STM32H7xx_HAL_Driver/stm32h7xx_hal_pcd.o
                0x080a1fb2                HAL_PCD_EP_Close
 .text.HAL_PCD_EP_Receive
                0x080a2046       0x76 ./Drivers/STM32H7xx_HAL_Driver/stm32h7xx_hal_pcd.o
                0x080a2046                HAL_PCD_EP_Receive
 .text.HAL_PCD_EP_GetRxCount
                0x080a20bc       0x30 ./Drivers/STM32H7xx_HAL_Driver/stm32h7xx_hal_pcd.o
                0x080a20bc                HAL_PCD_EP_GetRxCount
 .text.HAL_PCD_EP_Transmit
                0x080a20ec       0x74 ./Drivers/STM32H7xx_HAL_Driver/stm32h7xx_hal_pcd.o
                0x080a20ec                HAL_PCD_EP_Transmit
 .text.HAL_PCD_EP_SetStall
                0x080a2160       0xc6 ./Drivers/STM32H7xx_HAL_Driver/stm32h7xx_hal_pcd.o
                0x080a2160                HAL_PCD_EP_SetStall
 .text.HAL_PCD_EP_ClrStall
                0x080a2226       0xac ./Drivers/STM32H7xx_HAL_Driver/stm32h7xx_hal_pcd.o
                0x080a2226                HAL_PCD_EP_ClrStall
 .text.HAL_PCD_EP_Abort
                0x080a22d2       0x62 ./Drivers/STM32H7xx_HAL_Driver/stm32h7xx_hal_pcd.o
                0x080a22d2                HAL_PCD_EP_Abort
 .text.PCD_WriteEmptyTxFifo
                0x080a2334      0x118 ./Drivers/STM32H7xx_HAL_Driver/stm32h7xx_hal_pcd.o
 .text.PCD_EP_OutXfrComplete_int
                0x080a244c      0x1d0 ./Drivers/STM32H7xx_HAL_Driver/stm32h7xx_hal_pcd.o
 .text.PCD_EP_OutSetupPacket_int
                0x080a261c       0x8c ./Drivers/STM32H7xx_HAL_Driver/stm32h7xx_hal_pcd.o
 .text.HAL_PCDEx_SetTxFiFo
                0x080a26a8       0x8e ./Drivers/STM32H7xx_HAL_Driver/stm32h7xx_hal_pcd_ex.o
                0x080a26a8                HAL_PCDEx_SetTxFiFo
 .text.HAL_PCDEx_SetRxFiFo
                0x080a2736       0x22 ./Drivers/STM32H7xx_HAL_Driver/stm32h7xx_hal_pcd_ex.o
                0x080a2736                HAL_PCDEx_SetRxFiFo
 .text.HAL_PCDEx_ActivateLPM
                0x080a2758       0x48 ./Drivers/STM32H7xx_HAL_Driver/stm32h7xx_hal_pcd_ex.o
                0x080a2758                HAL_PCDEx_ActivateLPM
 .text.HAL_PCDEx_LPM_Callback
                0x080a27a0       0x18 ./Drivers/STM32H7xx_HAL_Driver/stm32h7xx_hal_pcd_ex.o
                0x080a27a0                HAL_PCDEx_LPM_Callback
 .text.HAL_PWREx_ConfigSupply
                0x080a27b8       0xb4 ./Drivers/STM32H7xx_HAL_Driver/stm32h7xx_hal_pwr_ex.o
                0x080a27b8                HAL_PWREx_ConfigSupply
 .text.HAL_PWREx_EnableUSBVoltageDetector
                0x080a286c       0x20 ./Drivers/STM32H7xx_HAL_Driver/stm32h7xx_hal_pwr_ex.o
                0x080a286c                HAL_PWREx_EnableUSBVoltageDetector
 .text.HAL_RCC_OscConfig
                0x080a288c      0x8b4 ./Drivers/STM32H7xx_HAL_Driver/stm32h7xx_hal_rcc.o
                0x080a288c                HAL_RCC_OscConfig
 .text.HAL_RCC_ClockConfig
                0x080a3140      0x36c ./Drivers/STM32H7xx_HAL_Driver/stm32h7xx_hal_rcc.o
                0x080a3140                HAL_RCC_ClockConfig
 .text.HAL_RCC_MCOConfig
                0x080a34ac       0xd4 ./Drivers/STM32H7xx_HAL_Driver/stm32h7xx_hal_rcc.o
                0x080a34ac                HAL_RCC_MCOConfig
 .text.HAL_RCC_GetSysClockFreq
                0x080a3580      0x2f4 ./Drivers/STM32H7xx_HAL_Driver/stm32h7xx_hal_rcc.o
                0x080a3580                HAL_RCC_GetSysClockFreq
 .text.HAL_RCC_GetHCLKFreq
                0x080a3874       0x60 ./Drivers/STM32H7xx_HAL_Driver/stm32h7xx_hal_rcc.o
                0x080a3874                HAL_RCC_GetHCLKFreq
 .text.HAL_RCCEx_PeriphCLKConfig
                0x080a38d4     0x1494 ./Drivers/STM32H7xx_HAL_Driver/stm32h7xx_hal_rcc_ex.o
                0x080a38d4                HAL_RCCEx_PeriphCLKConfig
 .text.RCCEx_PLL2_Config
                0x080a4d68      0x164 ./Drivers/STM32H7xx_HAL_Driver/stm32h7xx_hal_rcc_ex.o
 .text.RCCEx_PLL3_Config
                0x080a4ecc      0x164 ./Drivers/STM32H7xx_HAL_Driver/stm32h7xx_hal_rcc_ex.o
 .text.USB_CoreInit
                0x080a5030       0xe4 ./Drivers/STM32H7xx_HAL_Driver/stm32h7xx_ll_usb.o
                0x080a5030                USB_CoreInit
 .text.USB_SetTurnaroundTime
                0x080a5114      0x144 ./Drivers/STM32H7xx_HAL_Driver/stm32h7xx_ll_usb.o
                0x080a5114                USB_SetTurnaroundTime
 .text.USB_EnableGlobalInt
                0x080a5258       0x22 ./Drivers/STM32H7xx_HAL_Driver/stm32h7xx_ll_usb.o
                0x080a5258                USB_EnableGlobalInt
 .text.USB_DisableGlobalInt
                0x080a527a       0x22 ./Drivers/STM32H7xx_HAL_Driver/stm32h7xx_ll_usb.o
                0x080a527a                USB_DisableGlobalInt
 .text.USB_SetCurrentMode
                0x080a529c       0x98 ./Drivers/STM32H7xx_HAL_Driver/stm32h7xx_ll_usb.o
                0x080a529c                USB_SetCurrentMode
 .text.USB_DevInit
                0x080a5334      0x2bc ./Drivers/STM32H7xx_HAL_Driver/stm32h7xx_ll_usb.o
                0x080a5334                USB_DevInit
 .text.USB_FlushTxFifo
                0x080a55f0       0x64 ./Drivers/STM32H7xx_HAL_Driver/stm32h7xx_ll_usb.o
                0x080a55f0                USB_FlushTxFifo
 .text.USB_FlushRxFifo
                0x080a5654       0x5c ./Drivers/STM32H7xx_HAL_Driver/stm32h7xx_ll_usb.o
                0x080a5654                USB_FlushRxFifo
 .text.USB_SetDevSpeed
                0x080a56b0       0x32 ./Drivers/STM32H7xx_HAL_Driver/stm32h7xx_ll_usb.o
                0x080a56b0                USB_SetDevSpeed
 .text.USB_GetDevSpeed
                0x080a56e2       0x4a ./Drivers/STM32H7xx_HAL_Driver/stm32h7xx_ll_usb.o
                0x080a56e2                USB_GetDevSpeed
 .text.USB_ActivateEndpoint
                0x080a572c      0x110 ./Drivers/STM32H7xx_HAL_Driver/stm32h7xx_ll_usb.o
                0x080a572c                USB_ActivateEndpoint
 .text.USB_DeactivateEndpoint
                0x080a583c      0x1b8 ./Drivers/STM32H7xx_HAL_Driver/stm32h7xx_ll_usb.o
                0x080a583c                USB_DeactivateEndpoint
 .text.USB_EPStartXfer
                0x080a59f4      0x548 ./Drivers/STM32H7xx_HAL_Driver/stm32h7xx_ll_usb.o
                0x080a59f4                USB_EPStartXfer
 .text.USB_EPStopXfer
                0x080a5f3c      0x154 ./Drivers/STM32H7xx_HAL_Driver/stm32h7xx_ll_usb.o
                0x080a5f3c                USB_EPStopXfer
 .text.USB_WritePacket
                0x080a6090       0x7c ./Drivers/STM32H7xx_HAL_Driver/stm32h7xx_ll_usb.o
                0x080a6090                USB_WritePacket
 .text.USB_ReadPacket
                0x080a610c       0xb0 ./Drivers/STM32H7xx_HAL_Driver/stm32h7xx_ll_usb.o
                0x080a610c                USB_ReadPacket
 .text.USB_EPSetStall
                0x080a61bc       0xdc ./Drivers/STM32H7xx_HAL_Driver/stm32h7xx_ll_usb.o
                0x080a61bc                USB_EPSetStall
 .text.USB_EPClearStall
                0x080a6298       0xcc ./Drivers/STM32H7xx_HAL_Driver/stm32h7xx_ll_usb.o
                0x080a6298                USB_EPClearStall
 .text.USB_SetDevAddress
                0x080a6364       0x4c ./Drivers/STM32H7xx_HAL_Driver/stm32h7xx_ll_usb.o
                0x080a6364                USB_SetDevAddress
 .text.USB_DevConnect
                0x080a63b0       0x42 ./Drivers/STM32H7xx_HAL_Driver/stm32h7xx_ll_usb.o
                0x080a63b0                USB_DevConnect
 .text.USB_DevDisconnect
                0x080a63f2       0x42 ./Drivers/STM32H7xx_HAL_Driver/stm32h7xx_ll_usb.o
                0x080a63f2                USB_DevDisconnect
 .text.USB_ReadInterrupts
                0x080a6434       0x26 ./Drivers/STM32H7xx_HAL_Driver/stm32h7xx_ll_usb.o
                0x080a6434                USB_ReadInterrupts
 .text.USB_ReadDevAllOutEpInterrupt
                0x080a645a       0x34 ./Drivers/STM32H7xx_HAL_Driver/stm32h7xx_ll_usb.o
                0x080a645a                USB_ReadDevAllOutEpInterrupt
 .text.USB_ReadDevAllInEpInterrupt
                0x080a648e       0x34 ./Drivers/STM32H7xx_HAL_Driver/stm32h7xx_ll_usb.o
                0x080a648e                USB_ReadDevAllInEpInterrupt
 .text.USB_ReadDevOutEPInterrupt
                0x080a64c2       0x3c ./Drivers/STM32H7xx_HAL_Driver/stm32h7xx_ll_usb.o
                0x080a64c2                USB_ReadDevOutEPInterrupt
 .text.USB_ReadDevInEPInterrupt
                0x080a64fe       0x5c ./Drivers/STM32H7xx_HAL_Driver/stm32h7xx_ll_usb.o
                0x080a64fe                USB_ReadDevInEPInterrupt
 .text.USB_GetMode
                0x080a655a       0x1c ./Drivers/STM32H7xx_HAL_Driver/stm32h7xx_ll_usb.o
                0x080a655a                USB_GetMode
 *fill*         0x080a6576        0x2 
 .text.USB_ActivateSetup
                0x080a6578       0x48 ./Drivers/STM32H7xx_HAL_Driver/stm32h7xx_ll_usb.o
                0x080a6578                USB_ActivateSetup
 .text.USB_EP0_OutStart
                0x080a65c0       0xbc ./Drivers/STM32H7xx_HAL_Driver/stm32h7xx_ll_usb.o
                0x080a65c0                USB_EP0_OutStart
 .text.USB_CoreReset
                0x080a667c       0x62 ./Drivers/STM32H7xx_HAL_Driver/stm32h7xx_ll_usb.o
 *fill*         0x080a66de        0x2 
 .text.USBD_CDC_Init
                0x080a66e0      0x1f0 ./Middlewares/ST/STM32_USB_Device_Library/usbd_cdc.o
 .text.USBD_CDC_DeInit
                0x080a68d0      0x104 ./Middlewares/ST/STM32_USB_Device_Library/usbd_cdc.o
 .text.USBD_CDC_Setup
                0x080a69d4      0x1b8 ./Middlewares/ST/STM32_USB_Device_Library/usbd_cdc.o
 .text.USBD_CDC_DataIn
                0x080a6b8c       0xfe ./Middlewares/ST/STM32_USB_Device_Library/usbd_cdc.o
 .text.USBD_CDC_DataOut
                0x080a6c8a       0x70 ./Middlewares/ST/STM32_USB_Device_Library/usbd_cdc.o
 .text.USBD_CDC_EP0_RxReady
                0x080a6cfa       0x74 ./Middlewares/ST/STM32_USB_Device_Library/usbd_cdc.o
 *fill*         0x080a6d6e        0x2 
 .text.USBD_CDC_GetFSCfgDesc
                0x080a6d70       0x70 ./Middlewares/ST/STM32_USB_Device_Library/usbd_cdc.o
 .text.USBD_CDC_GetHSCfgDesc
                0x080a6de0       0x70 ./Middlewares/ST/STM32_USB_Device_Library/usbd_cdc.o
 .text.USBD_CDC_GetOtherSpeedCfgDesc
                0x080a6e50       0x70 ./Middlewares/ST/STM32_USB_Device_Library/usbd_cdc.o
 .text.USBD_CDC_GetDeviceQualifierDescriptor
                0x080a6ec0       0x20 ./Middlewares/ST/STM32_USB_Device_Library/usbd_cdc.o
                0x080a6ec0                USBD_CDC_GetDeviceQualifierDescriptor
 .text.USBD_CDC_RegisterInterface
                0x080a6ee0       0x34 ./Middlewares/ST/STM32_USB_Device_Library/usbd_cdc.o
                0x080a6ee0                USBD_CDC_RegisterInterface
 .text.USBD_CDC_SetTxBuffer
                0x080a6f14       0x44 ./Middlewares/ST/STM32_USB_Device_Library/usbd_cdc.o
                0x080a6f14                USBD_CDC_SetTxBuffer
 .text.USBD_CDC_SetRxBuffer
                0x080a6f58       0x3a ./Middlewares/ST/STM32_USB_Device_Library/usbd_cdc.o
                0x080a6f58                USBD_CDC_SetRxBuffer
 *fill*         0x080a6f92        0x2 
 .text.USBD_CDC_ReceivePacket
                0x080a6f94       0x6c ./Middlewares/ST/STM32_USB_Device_Library/usbd_cdc.o
                0x080a6f94                USBD_CDC_ReceivePacket
 .text.USBD_Init
                0x080a7000       0x60 ./Middlewares/ST/STM32_USB_Device_Library/usbd_core.o
                0x080a7000                USBD_Init
 .text.USBD_RegisterClass
                0x080a7060       0x6c ./Middlewares/ST/STM32_USB_Device_Library/usbd_core.o
                0x080a7060                USBD_RegisterClass
 .text.USBD_Start
                0x080a70cc       0x18 ./Middlewares/ST/STM32_USB_Device_Library/usbd_core.o
                0x080a70cc                USBD_Start
 .text.USBD_RunTestMode
                0x080a70e4       0x16 ./Middlewares/ST/STM32_USB_Device_Library/usbd_core.o
                0x080a70e4                USBD_RunTestMode
 .text.USBD_SetClassConfig
                0x080a70fa       0x38 ./Middlewares/ST/STM32_USB_Device_Library/usbd_core.o
                0x080a70fa                USBD_SetClassConfig
 .text.USBD_ClrClassConfig
                0x080a7132       0x34 ./Middlewares/ST/STM32_USB_Device_Library/usbd_core.o
                0x080a7132                USBD_ClrClassConfig
 .text.USBD_LL_SetupStage
                0x080a7166       0xaa ./Middlewares/ST/STM32_USB_Device_Library/usbd_core.o
                0x080a7166                USBD_LL_SetupStage
 .text.USBD_LL_DataOutStage
                0x080a7210      0x166 ./Middlewares/ST/STM32_USB_Device_Library/usbd_core.o
                0x080a7210                USBD_LL_DataOutStage
 .text.USBD_LL_DataInStage
                0x080a7376      0x164 ./Middlewares/ST/STM32_USB_Device_Library/usbd_core.o
                0x080a7376                USBD_LL_DataInStage
 .text.USBD_LL_Reset
                0x080a74da       0xa4 ./Middlewares/ST/STM32_USB_Device_Library/usbd_core.o
                0x080a74da                USBD_LL_Reset
 .text.USBD_LL_SetSpeed
                0x080a757e       0x20 ./Middlewares/ST/STM32_USB_Device_Library/usbd_core.o
                0x080a757e                USBD_LL_SetSpeed
 .text.USBD_LL_Suspend
                0x080a759e       0x38 ./Middlewares/ST/STM32_USB_Device_Library/usbd_core.o
                0x080a759e                USBD_LL_Suspend
 .text.USBD_LL_Resume
                0x080a75d6       0x30 ./Middlewares/ST/STM32_USB_Device_Library/usbd_core.o
                0x080a75d6                USBD_LL_Resume
 .text.USBD_LL_SOF
                0x080a7606       0x40 ./Middlewares/ST/STM32_USB_Device_Library/usbd_core.o
                0x080a7606                USBD_LL_SOF
 .text.USBD_LL_IsoINIncomplete
                0x080a7646       0x64 ./Middlewares/ST/STM32_USB_Device_Library/usbd_core.o
                0x080a7646                USBD_LL_IsoINIncomplete
 .text.USBD_LL_IsoOUTIncomplete
                0x080a76aa       0x64 ./Middlewares/ST/STM32_USB_Device_Library/usbd_core.o
                0x080a76aa                USBD_LL_IsoOUTIncomplete
 .text.USBD_LL_DevConnected
                0x080a770e       0x16 ./Middlewares/ST/STM32_USB_Device_Library/usbd_core.o
                0x080a770e                USBD_LL_DevConnected
 .text.USBD_LL_DevDisconnected
                0x080a7724       0x46 ./Middlewares/ST/STM32_USB_Device_Library/usbd_core.o
                0x080a7724                USBD_LL_DevDisconnected
 .text.USBD_CoreFindIF
                0x080a776a       0x1a ./Middlewares/ST/STM32_USB_Device_Library/usbd_core.o
                0x080a776a                USBD_CoreFindIF
 .text.USBD_CoreFindEP
                0x080a7784       0x1a ./Middlewares/ST/STM32_USB_Device_Library/usbd_core.o
                0x080a7784                USBD_CoreFindEP
 .text.USBD_GetEpDesc
                0x080a779e       0x70 ./Middlewares/ST/STM32_USB_Device_Library/usbd_core.o
                0x080a779e                USBD_GetEpDesc
 .text.USBD_GetNextDesc
                0x080a780e       0x38 ./Middlewares/ST/STM32_USB_Device_Library/usbd_core.o
                0x080a780e                USBD_GetNextDesc
 .text.SWAPBYTE
                0x080a7846       0x3e ./Middlewares/ST/STM32_USB_Device_Library/usbd_ctlreq.o
 .text.USBD_StdDevReq
                0x080a7884       0xe4 ./Middlewares/ST/STM32_USB_Device_Library/usbd_ctlreq.o
                0x080a7884                USBD_StdDevReq
 .text.USBD_StdItfReq
                0x080a7968       0xd8 ./Middlewares/ST/STM32_USB_Device_Library/usbd_ctlreq.o
                0x080a7968                USBD_StdItfReq
 .text.USBD_StdEPReq
                0x080a7a40      0x33a ./Middlewares/ST/STM32_USB_Device_Library/usbd_ctlreq.o
                0x080a7a40                USBD_StdEPReq
 *fill*         0x080a7d7a        0x2 
 .text.USBD_GetDescriptor
                0x080a7d7c      0x328 ./Middlewares/ST/STM32_USB_Device_Library/usbd_ctlreq.o
 .text.USBD_SetAddress
                0x080a80a4       0x88 ./Middlewares/ST/STM32_USB_Device_Library/usbd_ctlreq.o
 .text.USBD_SetConfig
                0x080a812c      0x154 ./Middlewares/ST/STM32_USB_Device_Library/usbd_ctlreq.o
 .text.USBD_GetConfig
                0x080a8280       0x6c ./Middlewares/ST/STM32_USB_Device_Library/usbd_ctlreq.o
 .text.USBD_GetStatus
                0x080a82ec       0x68 ./Middlewares/ST/STM32_USB_Device_Library/usbd_ctlreq.o
 .text.USBD_SetFeature
                0x080a8354       0x52 ./Middlewares/ST/STM32_USB_Device_Library/usbd_ctlreq.o
 .text.USBD_ClrFeature
                0x080a83a6       0x44 ./Middlewares/ST/STM32_USB_Device_Library/usbd_ctlreq.o
 .text.USBD_ParseSetupRequest
                0x080a83ea       0x74 ./Middlewares/ST/STM32_USB_Device_Library/usbd_ctlreq.o
                0x080a83ea                USBD_ParseSetupRequest
 .text.USBD_CtlError
                0x080a845e       0x22 ./Middlewares/ST/STM32_USB_Device_Library/usbd_ctlreq.o
                0x080a845e                USBD_CtlError
 .text.USBD_GetString
                0x080a8480       0xa4 ./Middlewares/ST/STM32_USB_Device_Library/usbd_ctlreq.o
                0x080a8480                USBD_GetString
 .text.USBD_GetLen
                0x080a8524       0x34 ./Middlewares/ST/STM32_USB_Device_Library/usbd_ctlreq.o
 .text.USBD_CtlSendData
                0x080a8558       0x36 ./Middlewares/ST/STM32_USB_Device_Library/usbd_ioreq.o
                0x080a8558                USBD_CtlSendData
 .text.USBD_CtlContinueSendData
                0x080a858e       0x22 ./Middlewares/ST/STM32_USB_Device_Library/usbd_ioreq.o
                0x080a858e                USBD_CtlContinueSendData
 .text.USBD_CtlPrepareRx
                0x080a85b0       0x3a ./Middlewares/ST/STM32_USB_Device_Library/usbd_ioreq.o
                0x080a85b0                USBD_CtlPrepareRx
 .text.USBD_CtlContinueRx
                0x080a85ea       0x22 ./Middlewares/ST/STM32_USB_Device_Library/usbd_ioreq.o
                0x080a85ea                USBD_CtlContinueRx
 .text.USBD_CtlSendStatus
                0x080a860c       0x26 ./Middlewares/ST/STM32_USB_Device_Library/usbd_ioreq.o
                0x080a860c                USBD_CtlSendStatus
 .text.USBD_CtlReceiveStatus
                0x080a8632       0x26 ./Middlewares/ST/STM32_USB_Device_Library/usbd_ioreq.o
                0x080a8632                USBD_CtlReceiveStatus
 .text.MX_USB_DEVICE_Init
                0x080a8658       0x64 ./USB_DEVICE/App/usb_device.o
                0x080a8658                MX_USB_DEVICE_Init
 .text.CDC_Init_HS
                0x080a86bc       0x28 ./USB_DEVICE/App/usbd_cdc_if.o
 .text.CDC_DeInit_HS
                0x080a86e4       0x10 ./USB_DEVICE/App/usbd_cdc_if.o
 .text.CDC_Control_HS
                0x080a86f4       0xbc ./USB_DEVICE/App/usbd_cdc_if.o
 .text.CDC_Receive_HS
                0x080a87b0       0x28 ./USB_DEVICE/App/usbd_cdc_if.o
 .text.CDC_TransmitCplt_HS
                0x080a87d8       0x22 ./USB_DEVICE/App/usbd_cdc_if.o
 *fill*         0x080a87fa        0x2 
 .text.USBD_HS_DeviceDescriptor
                0x080a87fc       0x24 ./USB_DEVICE/App/usbd_desc.o
                0x080a87fc                USBD_HS_DeviceDescriptor
 .text.USBD_HS_LangIDStrDescriptor
                0x080a8820       0x24 ./USB_DEVICE/App/usbd_desc.o
                0x080a8820                USBD_HS_LangIDStrDescriptor
 .text.USBD_HS_ProductStrDescriptor
                0x080a8844       0x3c ./USB_DEVICE/App/usbd_desc.o
                0x080a8844                USBD_HS_ProductStrDescriptor
 .text.USBD_HS_ManufacturerStrDescriptor
                0x080a8880       0x28 ./USB_DEVICE/App/usbd_desc.o
                0x080a8880                USBD_HS_ManufacturerStrDescriptor
 .text.USBD_HS_SerialStrDescriptor
                0x080a88a8       0x24 ./USB_DEVICE/App/usbd_desc.o
                0x080a88a8                USBD_HS_SerialStrDescriptor
 .text.USBD_HS_ConfigStrDescriptor
                0x080a88cc       0x3c ./USB_DEVICE/App/usbd_desc.o
                0x080a88cc                USBD_HS_ConfigStrDescriptor
 .text.USBD_HS_InterfaceStrDescriptor
                0x080a8908       0x3c ./USB_DEVICE/App/usbd_desc.o
                0x080a8908                USBD_HS_InterfaceStrDescriptor
 .text.Get_SerialNum
                0x080a8944       0x58 ./USB_DEVICE/App/usbd_desc.o
 .text.IntToUnicode
                0x080a899c       0x7e ./USB_DEVICE/App/usbd_desc.o
 *fill*         0x080a8a1a        0x2 
 .text.HAL_PCD_MspInit
                0x080a8a1c      0x24c ./USB_DEVICE/Target/usbd_conf.o
                0x080a8a1c                HAL_PCD_MspInit
 .text.HAL_PCD_SetupStageCallback
                0x080a8c68       0x24 ./USB_DEVICE/Target/usbd_conf.o
                0x080a8c68                HAL_PCD_SetupStageCallback
 .text.HAL_PCD_DataOutStageCallback
                0x080a8c8c       0x36 ./USB_DEVICE/Target/usbd_conf.o
                0x080a8c8c                HAL_PCD_DataOutStageCallback
 .text.HAL_PCD_DataInStageCallback
                0x080a8cc2       0x34 ./USB_DEVICE/Target/usbd_conf.o
                0x080a8cc2                HAL_PCD_DataInStageCallback
 .text.HAL_PCD_SOFCallback
                0x080a8cf6       0x1c ./USB_DEVICE/Target/usbd_conf.o
                0x080a8cf6                HAL_PCD_SOFCallback
 .text.HAL_PCD_ResetCallback
                0x080a8d12       0x50 ./USB_DEVICE/Target/usbd_conf.o
                0x080a8d12                HAL_PCD_ResetCallback
 *fill*         0x080a8d62        0x2 
 .text.HAL_PCD_SuspendCallback
                0x080a8d64       0x4c ./USB_DEVICE/Target/usbd_conf.o
                0x080a8d64                HAL_PCD_SuspendCallback
 .text.HAL_PCD_ResumeCallback
                0x080a8db0       0x1c ./USB_DEVICE/Target/usbd_conf.o
                0x080a8db0                HAL_PCD_ResumeCallback
 .text.HAL_PCD_ISOOUTIncompleteCallback
                0x080a8dcc       0x24 ./USB_DEVICE/Target/usbd_conf.o
                0x080a8dcc                HAL_PCD_ISOOUTIncompleteCallback
 .text.HAL_PCD_ISOINIncompleteCallback
                0x080a8df0       0x24 ./USB_DEVICE/Target/usbd_conf.o
                0x080a8df0                HAL_PCD_ISOINIncompleteCallback
 .text.HAL_PCD_ConnectCallback
                0x080a8e14       0x1c ./USB_DEVICE/Target/usbd_conf.o
                0x080a8e14                HAL_PCD_ConnectCallback
 .text.HAL_PCD_DisconnectCallback
                0x080a8e30       0x1c ./USB_DEVICE/Target/usbd_conf.o
                0x080a8e30                HAL_PCD_DisconnectCallback
 .text.USBD_LL_Init
                0x080a8e4c       0xa4 ./USB_DEVICE/Target/usbd_conf.o
                0x080a8e4c                USBD_LL_Init
 .text.USBD_LL_Start
                0x080a8ef0       0x36 ./USB_DEVICE/Target/usbd_conf.o
                0x080a8ef0                USBD_LL_Start
 .text.USBD_LL_OpenEP
                0x080a8f26       0x4c ./USB_DEVICE/Target/usbd_conf.o
                0x080a8f26                USBD_LL_OpenEP
 .text.USBD_LL_CloseEP
                0x080a8f72       0x3e ./USB_DEVICE/Target/usbd_conf.o
                0x080a8f72                USBD_LL_CloseEP
 .text.USBD_LL_StallEP
                0x080a8fb0       0x3e ./USB_DEVICE/Target/usbd_conf.o
                0x080a8fb0                USBD_LL_StallEP
 .text.USBD_LL_ClearStallEP
                0x080a8fee       0x3e ./USB_DEVICE/Target/usbd_conf.o
                0x080a8fee                USBD_LL_ClearStallEP
 .text.USBD_LL_IsStallEP
                0x080a902c       0x58 ./USB_DEVICE/Target/usbd_conf.o
                0x080a902c                USBD_LL_IsStallEP
 .text.USBD_LL_SetUSBAddress
                0x080a9084       0x3e ./USB_DEVICE/Target/usbd_conf.o
                0x080a9084                USBD_LL_SetUSBAddress
 .text.USBD_LL_Transmit
                0x080a90c2       0x42 ./USB_DEVICE/Target/usbd_conf.o
                0x080a90c2                USBD_LL_Transmit
 .text.USBD_LL_PrepareReceive
                0x080a9104       0x42 ./USB_DEVICE/Target/usbd_conf.o
                0x080a9104                USBD_LL_PrepareReceive
 .text.USBD_LL_GetRxDataSize
                0x080a9146       0x26 ./USB_DEVICE/Target/usbd_conf.o
                0x080a9146                USBD_LL_GetRxDataSize
 .text.USBD_static_malloc
                0x080a916c       0x1c ./USB_DEVICE/Target/usbd_conf.o
                0x080a916c                USBD_static_malloc
 .text.USBD_static_free
                0x080a9188       0x14 ./USB_DEVICE/Target/usbd_conf.o
                0x080a9188                USBD_static_free
 .text.USBD_Get_USB_Status
                0x080a919c       0x58 ./USB_DEVICE/Target/usbd_conf.o
                0x080a919c                USBD_Get_USB_Status
 .text.std      0x080a91f4       0x6c C:/ST/STM32CubeIDE_1.19.0/STM32CubeIDE/plugins/com.st.stm32cube.ide.mcu.externaltools.gnu-tools-for-stm32.13.3.rel1.win32_1.0.0.202411081344/tools/bin/../lib/gcc/arm-none-eabi/13.3.1/../../../../arm-none-eabi/lib/thumb/v7e-m+dp/hard\libc_nano.a(libc_a-findfp.o)
 .text.stdio_exit_handler
                0x080a9260       0x18 C:/ST/STM32CubeIDE_1.19.0/STM32CubeIDE/plugins/com.st.stm32cube.ide.mcu.externaltools.gnu-tools-for-stm32.13.3.rel1.win32_1.0.0.202411081344/tools/bin/../lib/gcc/arm-none-eabi/13.3.1/../../../../arm-none-eabi/lib/thumb/v7e-m+dp/hard\libc_nano.a(libc_a-findfp.o)
 .text.cleanup_stdio
                0x080a9278       0x40 C:/ST/STM32CubeIDE_1.19.0/STM32CubeIDE/plugins/com.st.stm32cube.ide.mcu.externaltools.gnu-tools-for-stm32.13.3.rel1.win32_1.0.0.202411081344/tools/bin/../lib/gcc/arm-none-eabi/13.3.1/../../../../arm-none-eabi/lib/thumb/v7e-m+dp/hard\libc_nano.a(libc_a-findfp.o)
 .text.global_stdio_init.part.0
                0x080a92b8       0x3c C:/ST/STM32CubeIDE_1.19.0/STM32CubeIDE/plugins/com.st.stm32cube.ide.mcu.externaltools.gnu-tools-for-stm32.13.3.rel1.win32_1.0.0.202411081344/tools/bin/../lib/gcc/arm-none-eabi/13.3.1/../../../../arm-none-eabi/lib/thumb/v7e-m+dp/hard\libc_nano.a(libc_a-findfp.o)
 .text.__sfp_lock_acquire
                0x080a92f4        0xc C:/ST/STM32CubeIDE_1.19.0/STM32CubeIDE/plugins/com.st.stm32cube.ide.mcu.externaltools.gnu-tools-for-stm32.13.3.rel1.win32_1.0.0.202411081344/tools/bin/../lib/gcc/arm-none-eabi/13.3.1/../../../../arm-none-eabi/lib/thumb/v7e-m+dp/hard\libc_nano.a(libc_a-findfp.o)
                0x080a92f4                __sfp_lock_acquire
 .text.__sfp_lock_release
                0x080a9300        0xc C:/ST/STM32CubeIDE_1.19.0/STM32CubeIDE/plugins/com.st.stm32cube.ide.mcu.externaltools.gnu-tools-for-stm32.13.3.rel1.win32_1.0.0.202411081344/tools/bin/../lib/gcc/arm-none-eabi/13.3.1/../../../../arm-none-eabi/lib/thumb/v7e-m+dp/hard\libc_nano.a(libc_a-findfp.o)
                0x080a9300                __sfp_lock_release
 .text.__sinit  0x080a930c       0x30 C:/ST/STM32CubeIDE_1.19.0/STM32CubeIDE/plugins/com.st.stm32cube.ide.mcu.externaltools.gnu-tools-for-stm32.13.3.rel1.win32_1.0.0.202411081344/tools/bin/../lib/gcc/arm-none-eabi/13.3.1/../../../../arm-none-eabi/lib/thumb/v7e-m+dp/hard\libc_nano.a(libc_a-findfp.o)
                0x080a930c                __sinit
 .text._fwalk_sglue
                0x080a933c       0x3c C:/ST/STM32CubeIDE_1.19.0/STM32CubeIDE/plugins/com.st.stm32cube.ide.mcu.externaltools.gnu-tools-for-stm32.13.3.rel1.win32_1.0.0.202411081344/tools/bin/../lib/gcc/arm-none-eabi/13.3.1/../../../../arm-none-eabi/lib/thumb/v7e-m+dp/hard\libc_nano.a(libc_a-fwalk.o)
                0x080a933c                _fwalk_sglue
 .text.printf   0x080a9378       0x24 C:/ST/STM32CubeIDE_1.19.0/STM32CubeIDE/plugins/com.st.stm32cube.ide.mcu.externaltools.gnu-tools-for-stm32.13.3.rel1.win32_1.0.0.202411081344/tools/bin/../lib/gcc/arm-none-eabi/13.3.1/../../../../arm-none-eabi/lib/thumb/v7e-m+dp/hard\libc_nano.a(libc_a-printf.o)
                0x080a9378                iprintf
                0x080a9378                printf
 .text.__sread  0x080a939c       0x22 C:/ST/STM32CubeIDE_1.19.0/STM32CubeIDE/plugins/com.st.stm32cube.ide.mcu.externaltools.gnu-tools-for-stm32.13.3.rel1.win32_1.0.0.202411081344/tools/bin/../lib/gcc/arm-none-eabi/13.3.1/../../../../arm-none-eabi/lib/thumb/v7e-m+dp/hard\libc_nano.a(libc_a-stdio.o)
                0x080a939c                __sread
 .text.__swrite
                0x080a93be       0x38 C:/ST/STM32CubeIDE_1.19.0/STM32CubeIDE/plugins/com.st.stm32cube.ide.mcu.externaltools.gnu-tools-for-stm32.13.3.rel1.win32_1.0.0.202411081344/tools/bin/../lib/gcc/arm-none-eabi/13.3.1/../../../../arm-none-eabi/lib/thumb/v7e-m+dp/hard\libc_nano.a(libc_a-stdio.o)
                0x080a93be                __swrite
 .text.__sseek  0x080a93f6       0x24 C:/ST/STM32CubeIDE_1.19.0/STM32CubeIDE/plugins/com.st.stm32cube.ide.mcu.externaltools.gnu-tools-for-stm32.13.3.rel1.win32_1.0.0.202411081344/tools/bin/../lib/gcc/arm-none-eabi/13.3.1/../../../../arm-none-eabi/lib/thumb/v7e-m+dp/hard\libc_nano.a(libc_a-stdio.o)
                0x080a93f6                __sseek
 .text.__sclose
                0x080a941a        0x8 C:/ST/STM32CubeIDE_1.19.0/STM32CubeIDE/plugins/com.st.stm32cube.ide.mcu.externaltools.gnu-tools-for-stm32.13.3.rel1.win32_1.0.0.202411081344/tools/bin/../lib/gcc/arm-none-eabi/13.3.1/../../../../arm-none-eabi/lib/thumb/v7e-m+dp/hard\libc_nano.a(libc_a-stdio.o)
                0x080a941a                __sclose
 .text.memset   0x080a9422       0x10 C:/ST/STM32CubeIDE_1.19.0/STM32CubeIDE/plugins/com.st.stm32cube.ide.mcu.externaltools.gnu-tools-for-stm32.13.3.rel1.win32_1.0.0.202411081344/tools/bin/../lib/gcc/arm-none-eabi/13.3.1/../../../../arm-none-eabi/lib/thumb/v7e-m+dp/hard\libc_nano.a(libc_a-memset.o)
                0x080a9422                memset
 *fill*         0x080a9432        0x2 
 .text._close_r
                0x080a9434       0x20 C:/ST/STM32CubeIDE_1.19.0/STM32CubeIDE/plugins/com.st.stm32cube.ide.mcu.externaltools.gnu-tools-for-stm32.13.3.rel1.win32_1.0.0.202411081344/tools/bin/../lib/gcc/arm-none-eabi/13.3.1/../../../../arm-none-eabi/lib/thumb/v7e-m+dp/hard\libc_nano.a(libc_a-closer.o)
                0x080a9434                _close_r
 .text._lseek_r
                0x080a9454       0x24 C:/ST/STM32CubeIDE_1.19.0/STM32CubeIDE/plugins/com.st.stm32cube.ide.mcu.externaltools.gnu-tools-for-stm32.13.3.rel1.win32_1.0.0.202411081344/tools/bin/../lib/gcc/arm-none-eabi/13.3.1/../../../../arm-none-eabi/lib/thumb/v7e-m+dp/hard\libc_nano.a(libc_a-lseekr.o)
                0x080a9454                _lseek_r
 .text._read_r  0x080a9478       0x24 C:/ST/STM32CubeIDE_1.19.0/STM32CubeIDE/plugins/com.st.stm32cube.ide.mcu.externaltools.gnu-tools-for-stm32.13.3.rel1.win32_1.0.0.202411081344/tools/bin/../lib/gcc/arm-none-eabi/13.3.1/../../../../arm-none-eabi/lib/thumb/v7e-m+dp/hard\libc_nano.a(libc_a-readr.o)
                0x080a9478                _read_r
 .text._write_r
                0x080a949c       0x24 C:/ST/STM32CubeIDE_1.19.0/STM32CubeIDE/plugins/com.st.stm32cube.ide.mcu.externaltools.gnu-tools-for-stm32.13.3.rel1.win32_1.0.0.202411081344/tools/bin/../lib/gcc/arm-none-eabi/13.3.1/../../../../arm-none-eabi/lib/thumb/v7e-m+dp/hard\libc_nano.a(libc_a-writer.o)
                0x080a949c                _write_r
 .text.__errno  0x080a94c0        0xc C:/ST/STM32CubeIDE_1.19.0/STM32CubeIDE/plugins/com.st.stm32cube.ide.mcu.externaltools.gnu-tools-for-stm32.13.3.rel1.win32_1.0.0.202411081344/tools/bin/../lib/gcc/arm-none-eabi/13.3.1/../../../../arm-none-eabi/lib/thumb/v7e-m+dp/hard\libc_nano.a(libc_a-errno.o)
                0x080a94c0                __errno
 .text.__libc_init_array
                0x080a94cc       0x48 C:/ST/STM32CubeIDE_1.19.0/STM32CubeIDE/plugins/com.st.stm32cube.ide.mcu.externaltools.gnu-tools-for-stm32.13.3.rel1.win32_1.0.0.202411081344/tools/bin/../lib/gcc/arm-none-eabi/13.3.1/../../../../arm-none-eabi/lib/thumb/v7e-m+dp/hard\libc_nano.a(libc_a-init.o)
                0x080a94cc                __libc_init_array
 .text.__retarget_lock_init_recursive
                0x080a9514        0x2 C:/ST/STM32CubeIDE_1.19.0/STM32CubeIDE/plugins/com.st.stm32cube.ide.mcu.externaltools.gnu-tools-for-stm32.13.3.rel1.win32_1.0.0.202411081344/tools/bin/../lib/gcc/arm-none-eabi/13.3.1/../../../../arm-none-eabi/lib/thumb/v7e-m+dp/hard\libc_nano.a(libc_a-lock.o)
                0x080a9514                __retarget_lock_init_recursive
 .text.__retarget_lock_acquire_recursive
                0x080a9516        0x2 C:/ST/STM32CubeIDE_1.19.0/STM32CubeIDE/plugins/com.st.stm32cube.ide.mcu.externaltools.gnu-tools-for-stm32.13.3.rel1.win32_1.0.0.202411081344/tools/bin/../lib/gcc/arm-none-eabi/13.3.1/../../../../arm-none-eabi/lib/thumb/v7e-m+dp/hard\libc_nano.a(libc_a-lock.o)
                0x080a9516                __retarget_lock_acquire_recursive
 .text.__retarget_lock_release_recursive
                0x080a9518        0x2 C:/ST/STM32CubeIDE_1.19.0/STM32CubeIDE/plugins/com.st.stm32cube.ide.mcu.externaltools.gnu-tools-for-stm32.13.3.rel1.win32_1.0.0.202411081344/tools/bin/../lib/gcc/arm-none-eabi/13.3.1/../../../../arm-none-eabi/lib/thumb/v7e-m+dp/hard\libc_nano.a(libc_a-lock.o)
                0x080a9518                __retarget_lock_release_recursive
 *fill*         0x080a951a        0x2 
 .text._free_r  0x080a951c       0x94 C:/ST/STM32CubeIDE_1.19.0/STM32CubeIDE/plugins/com.st.stm32cube.ide.mcu.externaltools.gnu-tools-for-stm32.13.3.rel1.win32_1.0.0.202411081344/tools/bin/../lib/gcc/arm-none-eabi/13.3.1/../../../../arm-none-eabi/lib/thumb/v7e-m+dp/hard\libc_nano.a(libc_a-freer.o)
                0x080a951c                _free_r
 .text.sbrk_aligned
                0x080a95b0       0x44 C:/ST/STM32CubeIDE_1.19.0/STM32CubeIDE/plugins/com.st.stm32cube.ide.mcu.externaltools.gnu-tools-for-stm32.13.3.rel1.win32_1.0.0.202411081344/tools/bin/../lib/gcc/arm-none-eabi/13.3.1/../../../../arm-none-eabi/lib/thumb/v7e-m+dp/hard\libc_nano.a(libc_a-mallocr.o)
 .text._malloc_r
                0x080a95f4      0x100 C:/ST/STM32CubeIDE_1.19.0/STM32CubeIDE/plugins/com.st.stm32cube.ide.mcu.externaltools.gnu-tools-for-stm32.13.3.rel1.win32_1.0.0.202411081344/tools/bin/../lib/gcc/arm-none-eabi/13.3.1/../../../../arm-none-eabi/lib/thumb/v7e-m+dp/hard\libc_nano.a(libc_a-mallocr.o)
                0x080a95f4                _malloc_r
 .text.__malloc_lock
                0x080a96f4        0xc C:/ST/STM32CubeIDE_1.19.0/STM32CubeIDE/plugins/com.st.stm32cube.ide.mcu.externaltools.gnu-tools-for-stm32.13.3.rel1.win32_1.0.0.202411081344/tools/bin/../lib/gcc/arm-none-eabi/13.3.1/../../../../arm-none-eabi/lib/thumb/v7e-m+dp/hard\libc_nano.a(libc_a-mlock.o)
                0x080a96f4                __malloc_lock
 .text.__malloc_unlock
                0x080a9700        0xc C:/ST/STM32CubeIDE_1.19.0/STM32CubeIDE/plugins/com.st.stm32cube.ide.mcu.externaltools.gnu-tools-for-stm32.13.3.rel1.win32_1.0.0.202411081344/tools/bin/../lib/gcc/arm-none-eabi/13.3.1/../../../../arm-none-eabi/lib/thumb/v7e-m+dp/hard\libc_nano.a(libc_a-mlock.o)
                0x080a9700                __malloc_unlock
 .text.__sfputc_r
                0x080a970c       0x2e C:/ST/STM32CubeIDE_1.19.0/STM32CubeIDE/plugins/com.st.stm32cube.ide.mcu.externaltools.gnu-tools-for-stm32.13.3.rel1.win32_1.0.0.202411081344/tools/bin/../lib/gcc/arm-none-eabi/13.3.1/../../../../arm-none-eabi/lib/thumb/v7e-m+dp/hard\libc_nano.a(libc_a-nano-vfprintf.o)
 .text.__sfputs_r
                0x080a973a       0x24 C:/ST/STM32CubeIDE_1.19.0/STM32CubeIDE/plugins/com.st.stm32cube.ide.mcu.externaltools.gnu-tools-for-stm32.13.3.rel1.win32_1.0.0.202411081344/tools/bin/../lib/gcc/arm-none-eabi/13.3.1/../../../../arm-none-eabi/lib/thumb/v7e-m+dp/hard\libc_nano.a(libc_a-nano-vfprintf.o)
                0x080a973a                __sfputs_r
 *fill*         0x080a975e        0x2 
 .text._vfprintf_r
                0x080a9760      0x230 C:/ST/STM32CubeIDE_1.19.0/STM32CubeIDE/plugins/com.st.stm32cube.ide.mcu.externaltools.gnu-tools-for-stm32.13.3.rel1.win32_1.0.0.202411081344/tools/bin/../lib/gcc/arm-none-eabi/13.3.1/../../../../arm-none-eabi/lib/thumb/v7e-m+dp/hard\libc_nano.a(libc_a-nano-vfprintf.o)
                0x080a9760                _vfprintf_r
                0x080a9760                _vfiprintf_r
 .text._printf_common
                0x080a9990       0xda C:/ST/STM32CubeIDE_1.19.0/STM32CubeIDE/plugins/com.st.stm32cube.ide.mcu.externaltools.gnu-tools-for-stm32.13.3.rel1.win32_1.0.0.202411081344/tools/bin/../lib/gcc/arm-none-eabi/13.3.1/../../../../arm-none-eabi/lib/thumb/v7e-m+dp/hard\libc_nano.a(libc_a-nano-vfprintf_i.o)
                0x080a9990                _printf_common
 *fill*         0x080a9a6a        0x2 
 .text._printf_i
                0x080a9a6c      0x23c C:/ST/STM32CubeIDE_1.19.0/STM32CubeIDE/plugins/com.st.stm32cube.ide.mcu.externaltools.gnu-tools-for-stm32.13.3.rel1.win32_1.0.0.202411081344/tools/bin/../lib/gcc/arm-none-eabi/13.3.1/../../../../arm-none-eabi/lib/thumb/v7e-m+dp/hard\libc_nano.a(libc_a-nano-vfprintf_i.o)
                0x080a9a6c                _printf_i
 .text.__sflush_r
                0x080a9ca8      0x108 C:/ST/STM32CubeIDE_1.19.0/STM32CubeIDE/plugins/com.st.stm32cube.ide.mcu.externaltools.gnu-tools-for-stm32.13.3.rel1.win32_1.0.0.202411081344/tools/bin/../lib/gcc/arm-none-eabi/13.3.1/../../../../arm-none-eabi/lib/thumb/v7e-m+dp/hard\libc_nano.a(libc_a-fflush.o)
                0x080a9ca8                __sflush_r
 .text._fflush_r
                0x080a9db0       0x50 C:/ST/STM32CubeIDE_1.19.0/STM32CubeIDE/plugins/com.st.stm32cube.ide.mcu.externaltools.gnu-tools-for-stm32.13.3.rel1.win32_1.0.0.202411081344/tools/bin/../lib/gcc/arm-none-eabi/13.3.1/../../../../arm-none-eabi/lib/thumb/v7e-m+dp/hard\libc_nano.a(libc_a-fflush.o)
                0x080a9db0                _fflush_r
 .text.__swbuf_r
                0x080a9e00       0x7c C:/ST/STM32CubeIDE_1.19.0/STM32CubeIDE/plugins/com.st.stm32cube.ide.mcu.externaltools.gnu-tools-for-stm32.13.3.rel1.win32_1.0.0.202411081344/tools/bin/../lib/gcc/arm-none-eabi/13.3.1/../../../../arm-none-eabi/lib/thumb/v7e-m+dp/hard\libc_nano.a(libc_a-wbuf.o)
                0x080a9e00                __swbuf_r
 .text.__swsetup_r
                0x080a9e7c       0xac C:/ST/STM32CubeIDE_1.19.0/STM32CubeIDE/plugins/com.st.stm32cube.ide.mcu.externaltools.gnu-tools-for-stm32.13.3.rel1.win32_1.0.0.202411081344/tools/bin/../lib/gcc/arm-none-eabi/13.3.1/../../../../arm-none-eabi/lib/thumb/v7e-m+dp/hard\libc_nano.a(libc_a-wsetup.o)
                0x080a9e7c                __swsetup_r
 .text._sbrk_r  0x080a9f28       0x20 C:/ST/STM32CubeIDE_1.19.0/STM32CubeIDE/plugins/com.st.stm32cube.ide.mcu.externaltools.gnu-tools-for-stm32.13.3.rel1.win32_1.0.0.202411081344/tools/bin/../lib/gcc/arm-none-eabi/13.3.1/../../../../arm-none-eabi/lib/thumb/v7e-m+dp/hard\libc_nano.a(libc_a-sbrkr.o)
                0x080a9f28                _sbrk_r
 .text.__swhatbuf_r
                0x080a9f48       0x4c C:/ST/STM32CubeIDE_1.19.0/STM32CubeIDE/plugins/com.st.stm32cube.ide.mcu.externaltools.gnu-tools-for-stm32.13.3.rel1.win32_1.0.0.202411081344/tools/bin/../lib/gcc/arm-none-eabi/13.3.1/../../../../arm-none-eabi/lib/thumb/v7e-m+dp/hard\libc_nano.a(libc_a-makebuf.o)
                0x080a9f48                __swhatbuf_r
 .text.__smakebuf_r
                0x080a9f94       0x78 C:/ST/STM32CubeIDE_1.19.0/STM32CubeIDE/plugins/com.st.stm32cube.ide.mcu.externaltools.gnu-tools-for-stm32.13.3.rel1.win32_1.0.0.202411081344/tools/bin/../lib/gcc/arm-none-eabi/13.3.1/../../../../arm-none-eabi/lib/thumb/v7e-m+dp/hard\libc_nano.a(libc_a-makebuf.o)
                0x080a9f94                __smakebuf_r
 .text._fstat_r
                0x080aa00c       0x24 C:/ST/STM32CubeIDE_1.19.0/STM32CubeIDE/plugins/com.st.stm32cube.ide.mcu.externaltools.gnu-tools-for-stm32.13.3.rel1.win32_1.0.0.202411081344/tools/bin/../lib/gcc/arm-none-eabi/13.3.1/../../../../arm-none-eabi/lib/thumb/v7e-m+dp/hard\libc_nano.a(libc_a-fstatr.o)
                0x080aa00c                _fstat_r
 .text._isatty_r
                0x080aa030       0x20 C:/ST/STM32CubeIDE_1.19.0/STM32CubeIDE/plugins/com.st.stm32cube.ide.mcu.externaltools.gnu-tools-for-stm32.13.3.rel1.win32_1.0.0.202411081344/tools/bin/../lib/gcc/arm-none-eabi/13.3.1/../../../../arm-none-eabi/lib/thumb/v7e-m+dp/hard\libc_nano.a(libc_a-isattyr.o)
                0x080aa030                _isatty_r
 *(.glue_7)
 .glue_7        0x080aa050        0x0 linker stubs
 *(.glue_7t)
 .glue_7t       0x080aa050        0x0 linker stubs
 *(.eh_frame)
 .eh_frame      0x080aa050        0x0 C:/ST/STM32CubeIDE_1.19.0/STM32CubeIDE/plugins/com.st.stm32cube.ide.mcu.externaltools.gnu-tools-for-stm32.13.3.rel1.win32_1.0.0.202411081344/tools/bin/../lib/gcc/arm-none-eabi/13.3.1/thumb/v7e-m+dp/hard/crtbegin.o
 *(.init)
 .init          0x080aa050        0x4 C:/ST/STM32CubeIDE_1.19.0/STM32CubeIDE/plugins/com.st.stm32cube.ide.mcu.externaltools.gnu-tools-for-stm32.13.3.rel1.win32_1.0.0.202411081344/tools/bin/../lib/gcc/arm-none-eabi/13.3.1/thumb/v7e-m+dp/hard/crti.o
                0x080aa050                _init
 .init          0x080aa054        0x8 C:/ST/STM32CubeIDE_1.19.0/STM32CubeIDE/plugins/com.st.stm32cube.ide.mcu.externaltools.gnu-tools-for-stm32.13.3.rel1.win32_1.0.0.202411081344/tools/bin/../lib/gcc/arm-none-eabi/13.3.1/thumb/v7e-m+dp/hard/crtn.o
 *(.fini)
 .fini          0x080aa05c        0x4 C:/ST/STM32CubeIDE_1.19.0/STM32CubeIDE/plugins/com.st.stm32cube.ide.mcu.externaltools.gnu-tools-for-stm32.13.3.rel1.win32_1.0.0.202411081344/tools/bin/../lib/gcc/arm-none-eabi/13.3.1/thumb/v7e-m+dp/hard/crti.o
                0x080aa05c                _fini
 .fini          0x080aa060        0x8 C:/ST/STM32CubeIDE_1.19.0/STM32CubeIDE/plugins/com.st.stm32cube.ide.mcu.externaltools.gnu-tools-for-stm32.13.3.rel1.win32_1.0.0.202411081344/tools/bin/../lib/gcc/arm-none-eabi/13.3.1/thumb/v7e-m+dp/hard/crtn.o
                0x080aa068                        . = ALIGN (0x4)
                0x080aa068                        _etext = .

.vfp11_veneer   0x080aa068        0x0
 .vfp11_veneer  0x080aa068        0x0 linker stubs

.v4_bx          0x080aa068        0x0
 .v4_bx         0x080aa068        0x0 linker stubs

.iplt           0x080aa068        0x0
 .iplt          0x080aa068        0x0 C:/ST/STM32CubeIDE_1.19.0/STM32CubeIDE/plugins/com.st.stm32cube.ide.mcu.externaltools.gnu-tools-for-stm32.13.3.rel1.win32_1.0.0.202411081344/tools/bin/../lib/gcc/arm-none-eabi/13.3.1/thumb/v7e-m+dp/hard/crtbegin.o

.rodata         0x080aa068       0xc0
                0x080aa068                        . = ALIGN (0x4)
 *(.rodata)
 .rodata        0x080aa068       0x33 ./Core/Src/main.o
 *fill*         0x080aa09b        0x1 
 .rodata        0x080aa09c       0x46 ./USB_DEVICE/App/usbd_desc.o
 *(.rodata*)
 *fill*         0x080aa0e2        0x2 
 .rodata.D1CorePrescTable
                0x080aa0e4       0x10 ./Common/Src/system_stm32h7xx_dualcore_boot_cm4_cm7.o
                0x080aa0e4                D1CorePrescTable
 .rodata._vfprintf_r.str1.1
                0x080aa0f4       0x33 C:/ST/STM32CubeIDE_1.19.0/STM32CubeIDE/plugins/com.st.stm32cube.ide.mcu.externaltools.gnu-tools-for-stm32.13.3.rel1.win32_1.0.0.202411081344/tools/bin/../lib/gcc/arm-none-eabi/13.3.1/../../../../arm-none-eabi/lib/thumb/v7e-m+dp/hard\libc_nano.a(libc_a-nano-vfprintf.o)
                                 0x11 (size before relaxing)
 .rodata._printf_i.str1.1
                0x080aa127       0x22 C:/ST/STM32CubeIDE_1.19.0/STM32CubeIDE/plugins/com.st.stm32cube.ide.mcu.externaltools.gnu-tools-for-stm32.13.3.rel1.win32_1.0.0.202411081344/tools/bin/../lib/gcc/arm-none-eabi/13.3.1/../../../../arm-none-eabi/lib/thumb/v7e-m+dp/hard\libc_nano.a(libc_a-nano-vfprintf_i.o)
                0x080aa14c                        . = ALIGN (0x4)
 *fill*         0x080aa127        0x1 

.ARM.extab      0x080aa128        0x0
                0x080aa128                        . = ALIGN (0x4)
 *(.ARM.extab* .gnu.linkonce.armextab.*)
                0x080aa128                        . = ALIGN (0x4)

.ARM            0x080aa128        0x8
                0x080aa128                        . = ALIGN (0x4)
                0x080aa128                        __exidx_start = .
 *(.ARM.exidx*)
 .ARM.exidx     0x080aa128        0x8 C:/ST/STM32CubeIDE_1.19.0/STM32CubeIDE/plugins/com.st.stm32cube.ide.mcu.externaltools.gnu-tools-for-stm32.13.3.rel1.win32_1.0.0.202411081344/tools/bin/../lib/gcc/arm-none-eabi/13.3.1/../../../../arm-none-eabi/lib/thumb/v7e-m+dp/hard\libc_nano.a(libc_a-memchr.o)
                0x080aa130                        __exidx_end = .
                0x080aa130                        . = ALIGN (0x4)

.preinit_array  0x080aa130        0x0
                0x080aa130                        . = ALIGN (0x4)
                0x080aa130                        PROVIDE (__preinit_array_start = .)
 *(.preinit_array*)
                0x080aa130                        PROVIDE (__preinit_array_end = .)
                0x080aa130                        . = ALIGN (0x4)

.init_array     0x080aa130        0x4
                0x080aa130                        . = ALIGN (0x4)
                0x080aa130                        PROVIDE (__init_array_start = .)
 *(SORT_BY_NAME(.init_array.*))
 *(.init_array*)
 .init_array    0x080aa130        0x4 C:/ST/STM32CubeIDE_1.19.0/STM32CubeIDE/plugins/com.st.stm32cube.ide.mcu.externaltools.gnu-tools-for-stm32.13.3.rel1.win32_1.0.0.202411081344/tools/bin/../lib/gcc/arm-none-eabi/13.3.1/thumb/v7e-m+dp/hard/crtbegin.o
                0x080aa134                        PROVIDE (__init_array_end = .)
                0x080aa134                        . = ALIGN (0x4)

.fini_array     0x080aa134        0x4
                0x080aa134                        . = ALIGN (0x4)
                [!provide]                        PROVIDE (__fini_array_start = .)
 *(SORT_BY_NAME(.fini_array.*))
 *(.fini_array*)
 .fini_array    0x080aa134        0x4 C:/ST/STM32CubeIDE_1.19.0/STM32CubeIDE/plugins/com.st.stm32cube.ide.mcu.externaltools.gnu-tools-for-stm32.13.3.rel1.win32_1.0.0.202411081344/tools/bin/../lib/gcc/arm-none-eabi/13.3.1/thumb/v7e-m+dp/hard/crtbegin.o
                [!provide]                        PROVIDE (__fini_array_end = .)
                0x080aa138                        . = ALIGN (0x4)
                0x080aa138                        _sidata = LOADADDR (.data)

.rel.dyn        0x080aa138        0x0
 .rel.iplt      0x080aa138        0x0 C:/ST/STM32CubeIDE_1.19.0/STM32CubeIDE/plugins/com.st.stm32cube.ide.mcu.externaltools.gnu-tools-for-stm32.13.3.rel1.win32_1.0.0.202411081344/tools/bin/../lib/gcc/arm-none-eabi/13.3.1/thumb/v7e-m+dp/hard/crtbegin.o

.data           0x24000000      0x160 load address 0x080aa138
                0x24000000                        . = ALIGN (0x4)
                0x24000000                        _sdata = .
 *(.data)
 *(.data*)
 .data.SystemCoreClock
                0x24000000        0x4 ./Common/Src/system_stm32h7xx_dualcore_boot_cm4_cm7.o
                0x24000000                SystemCoreClock
 .data.SystemD2Clock
                0x24000004        0x4 ./Common/Src/system_stm32h7xx_dualcore_boot_cm4_cm7.o
                0x24000004                SystemD2Clock
 .data.uwTickPrio
                0x24000008        0x4 ./Drivers/STM32H7xx_HAL_Driver/stm32h7xx_hal.o
                0x24000008                uwTickPrio
 .data.uwTickFreq
                0x2400000c        0x1 ./Drivers/STM32H7xx_HAL_Driver/stm32h7xx_hal.o
                0x2400000c                uwTickFreq
 *fill*         0x2400000d        0x3 
 .data.USBD_CDC_DeviceQualifierDesc
                0x24000010        0xa ./Middlewares/ST/STM32_USB_Device_Library/usbd_cdc.o
 *fill*         0x2400001a        0x2 
 .data.USBD_CDC
                0x2400001c       0x38 ./Middlewares/ST/STM32_USB_Device_Library/usbd_cdc.o
                0x2400001c                USBD_CDC
 .data.USBD_CDC_CfgDesc
                0x24000054       0x43 ./Middlewares/ST/STM32_USB_Device_Library/usbd_cdc.o
 .data.CDCInEpAdd
                0x24000097        0x1 ./Middlewares/ST/STM32_USB_Device_Library/usbd_cdc.o
 .data.CDCOutEpAdd
                0x24000098        0x1 ./Middlewares/ST/STM32_USB_Device_Library/usbd_cdc.o
 .data.CDCCmdEpAdd
                0x24000099        0x1 ./Middlewares/ST/STM32_USB_Device_Library/usbd_cdc.o
 *fill*         0x2400009a        0x2 
 .data.USBD_Interface_fops_HS
                0x2400009c       0x14 ./USB_DEVICE/App/usbd_cdc_if.o
                0x2400009c                USBD_Interface_fops_HS
 .data.HS_Desc  0x240000b0       0x20 ./USB_DEVICE/App/usbd_desc.o
                0x240000b0                HS_Desc
 .data.USBD_HS_DeviceDesc
                0x240000d0       0x12 ./USB_DEVICE/App/usbd_desc.o
                0x240000d0                USBD_HS_DeviceDesc
 *fill*         0x240000e2        0x2 
 .data.USBD_LangIDDesc
                0x240000e4        0x4 ./USB_DEVICE/App/usbd_desc.o
                0x240000e4                USBD_LangIDDesc
 .data.USBD_StringSerial
                0x240000e8       0x1a ./USB_DEVICE/App/usbd_desc.o
                0x240000e8                USBD_StringSerial
 *fill*         0x24000102        0x2 
 .data.__sglue  0x24000104        0xc C:/ST/STM32CubeIDE_1.19.0/STM32CubeIDE/plugins/com.st.stm32cube.ide.mcu.externaltools.gnu-tools-for-stm32.13.3.rel1.win32_1.0.0.202411081344/tools/bin/../lib/gcc/arm-none-eabi/13.3.1/../../../../arm-none-eabi/lib/thumb/v7e-m+dp/hard\libc_nano.a(libc_a-findfp.o)
                0x24000104                __sglue
 .data._impure_ptr
                0x24000110        0x4 C:/ST/STM32CubeIDE_1.19.0/STM32CubeIDE/plugins/com.st.stm32cube.ide.mcu.externaltools.gnu-tools-for-stm32.13.3.rel1.win32_1.0.0.202411081344/tools/bin/../lib/gcc/arm-none-eabi/13.3.1/../../../../arm-none-eabi/lib/thumb/v7e-m+dp/hard\libc_nano.a(libc_a-impure.o)
                0x24000110                _impure_ptr
 .data._impure_data
                0x24000114       0x4c C:/ST/STM32CubeIDE_1.19.0/STM32CubeIDE/plugins/com.st.stm32cube.ide.mcu.externaltools.gnu-tools-for-stm32.13.3.rel1.win32_1.0.0.202411081344/tools/bin/../lib/gcc/arm-none-eabi/13.3.1/../../../../arm-none-eabi/lib/thumb/v7e-m+dp/hard\libc_nano.a(libc_a-impure.o)
                0x24000114                _impure_data
 *(.RamFunc)
 *(.RamFunc*)
                0x24000160                        . = ALIGN (0x4)
                0x24000160                        _edata = .

.igot.plt       0x24000160        0x0 load address 0x080aa298
 .igot.plt      0x24000160        0x0 C:/ST/STM32CubeIDE_1.19.0/STM32CubeIDE/plugins/com.st.stm32cube.ide.mcu.externaltools.gnu-tools-for-stm32.13.3.rel1.win32_1.0.0.202411081344/tools/bin/../lib/gcc/arm-none-eabi/13.3.1/thumb/v7e-m+dp/hard/crtbegin.o
                0x24000160                        . = ALIGN (0x4)

.bss            0x24000160     0x1d54 load address 0x080aa298
                0x24000160                        _sbss = .
                0x24000160                        __bss_start__ = _sbss
 *(.bss)
 .bss           0x24000160       0x1c C:/ST/STM32CubeIDE_1.19.0/STM32CubeIDE/plugins/com.st.stm32cube.ide.mcu.externaltools.gnu-tools-for-stm32.13.3.rel1.win32_1.0.0.202411081344/tools/bin/../lib/gcc/arm-none-eabi/13.3.1/thumb/v7e-m+dp/hard/crtbegin.o
 *(.bss*)
 .bss.__sbrk_heap_end
                0x2400017c        0x4 ./Core/Src/sysmem.o
 .bss.uwTick    0x24000180        0x4 ./Drivers/STM32H7xx_HAL_Driver/stm32h7xx_hal.o
                0x24000180                uwTick
 .bss.cfgidx.0  0x24000184        0x1 ./Middlewares/ST/STM32_USB_Device_Library/usbd_ctlreq.o
 *fill*         0x24000185        0x3 
 .bss.hUsbDeviceHS
                0x24000188      0x2dc ./USB_DEVICE/App/usb_device.o
                0x24000188                hUsbDeviceHS
 .bss.UserRxBufferHS
                0x24000464      0x800 ./USB_DEVICE/App/usbd_cdc_if.o
                0x24000464                UserRxBufferHS
 .bss.UserTxBufferHS
                0x24000c64      0x800 ./USB_DEVICE/App/usbd_cdc_if.o
                0x24000c64                UserTxBufferHS
 .bss.USBD_StrDesc
                0x24001464      0x200 ./USB_DEVICE/App/usbd_desc.o
                0x24001464                USBD_StrDesc
 .bss.hpcd_USB_OTG_HS
                0x24001664      0x4e4 ./USB_DEVICE/Target/usbd_conf.o
                0x24001664                hpcd_USB_OTG_HS
 .bss.mem.0     0x24001b48      0x220 ./USB_DEVICE/Target/usbd_conf.o
 .bss.__sf      0x24001d68      0x138 C:/ST/STM32CubeIDE_1.19.0/STM32CubeIDE/plugins/com.st.stm32cube.ide.mcu.externaltools.gnu-tools-for-stm32.13.3.rel1.win32_1.0.0.202411081344/tools/bin/../lib/gcc/arm-none-eabi/13.3.1/../../../../arm-none-eabi/lib/thumb/v7e-m+dp/hard\libc_nano.a(libc_a-findfp.o)
                0x24001d68                __sf
 .bss.__stdio_exit_handler
                0x24001ea0        0x4 C:/ST/STM32CubeIDE_1.19.0/STM32CubeIDE/plugins/com.st.stm32cube.ide.mcu.externaltools.gnu-tools-for-stm32.13.3.rel1.win32_1.0.0.202411081344/tools/bin/../lib/gcc/arm-none-eabi/13.3.1/../../../../arm-none-eabi/lib/thumb/v7e-m+dp/hard\libc_nano.a(libc_a-findfp.o)
                0x24001ea0                __stdio_exit_handler
 .bss.errno     0x24001ea4        0x4 C:/ST/STM32CubeIDE_1.19.0/STM32CubeIDE/plugins/com.st.stm32cube.ide.mcu.externaltools.gnu-tools-for-stm32.13.3.rel1.win32_1.0.0.202411081344/tools/bin/../lib/gcc/arm-none-eabi/13.3.1/../../../../arm-none-eabi/lib/thumb/v7e-m+dp/hard\libc_nano.a(libc_a-reent.o)
                0x24001ea4                errno
 .bss.__lock___malloc_recursive_mutex
                0x24001ea8        0x1 C:/ST/STM32CubeIDE_1.19.0/STM32CubeIDE/plugins/com.st.stm32cube.ide.mcu.externaltools.gnu-tools-for-stm32.13.3.rel1.win32_1.0.0.202411081344/tools/bin/../lib/gcc/arm-none-eabi/13.3.1/../../../../arm-none-eabi/lib/thumb/v7e-m+dp/hard\libc_nano.a(libc_a-lock.o)
                0x24001ea8                __lock___malloc_recursive_mutex
 .bss.__lock___sfp_recursive_mutex
                0x24001ea9        0x1 C:/ST/STM32CubeIDE_1.19.0/STM32CubeIDE/plugins/com.st.stm32cube.ide.mcu.externaltools.gnu-tools-for-stm32.13.3.rel1.win32_1.0.0.202411081344/tools/bin/../lib/gcc/arm-none-eabi/13.3.1/../../../../arm-none-eabi/lib/thumb/v7e-m+dp/hard\libc_nano.a(libc_a-lock.o)
                0x24001ea9                __lock___sfp_recursive_mutex
 *fill*         0x24001eaa        0x2 
 .bss.__malloc_sbrk_start
                0x24001eac        0x4 C:/ST/STM32CubeIDE_1.19.0/STM32CubeIDE/plugins/com.st.stm32cube.ide.mcu.externaltools.gnu-tools-for-stm32.13.3.rel1.win32_1.0.0.202411081344/tools/bin/../lib/gcc/arm-none-eabi/13.3.1/../../../../arm-none-eabi/lib/thumb/v7e-m+dp/hard\libc_nano.a(libc_a-mallocr.o)
                0x24001eac                __malloc_sbrk_start
 .bss.__malloc_free_list
                0x24001eb0        0x4 C:/ST/STM32CubeIDE_1.19.0/STM32CubeIDE/plugins/com.st.stm32cube.ide.mcu.externaltools.gnu-tools-for-stm32.13.3.rel1.win32_1.0.0.202411081344/tools/bin/../lib/gcc/arm-none-eabi/13.3.1/../../../../arm-none-eabi/lib/thumb/v7e-m+dp/hard\libc_nano.a(libc_a-mallocr.o)
                0x24001eb0                __malloc_free_list
 *(COMMON)
                0x24001eb4                        . = ALIGN (0x4)
                0x24001eb4                        _ebss = .
                0x24001eb4                        __bss_end__ = _ebss

._user_heap_stack
                0x24001eb4      0x604 load address 0x080aa298
                0x24001eb8                        . = ALIGN (0x8)
 *fill*         0x24001eb4        0x4 
                [!provide]                        PROVIDE (end = .)
                0x24001eb8                        PROVIDE (_end = .)
                0x240020b8                        . = (. + _Min_Heap_Size)
 *fill*         0x24001eb8      0x200 
                0x240024b8                        . = (. + _Min_Stack_Size)
 *fill*         0x240020b8      0x400 
                0x240024b8                        . = ALIGN (0x8)

/DISCARD/
 libc.a(*)
 libm.a(*)
 libgcc.a(*)

.ARM.attributes
                0x00000000       0x2e
 *(.ARM.attributes)
 .ARM.attributes
                0x00000000       0x20 C:/ST/STM32CubeIDE_1.19.0/STM32CubeIDE/plugins/com.st.stm32cube.ide.mcu.externaltools.gnu-tools-for-stm32.13.3.rel1.win32_1.0.0.202411081344/tools/bin/../lib/gcc/arm-none-eabi/13.3.1/thumb/v7e-m+dp/hard/crti.o
 .ARM.attributes
                0x00000020       0x32 C:/ST/STM32CubeIDE_1.19.0/STM32CubeIDE/plugins/com.st.stm32cube.ide.mcu.externaltools.gnu-tools-for-stm32.13.3.rel1.win32_1.0.0.202411081344/tools/bin/../lib/gcc/arm-none-eabi/13.3.1/thumb/v7e-m+dp/hard/crtbegin.o
 .ARM.attributes
                0x00000052       0x32 ./Common/Src/system_stm32h7xx_dualcore_boot_cm4_cm7.o
 .ARM.attributes
                0x00000084       0x32 ./Core/Src/main.o
 .ARM.attributes
                0x000000b6       0x32 ./Core/Src/stm32h7xx_hal_msp.o
 .ARM.attributes
                0x000000e8       0x32 ./Core/Src/stm32h7xx_it.o
 .ARM.attributes
                0x0000011a       0x32 ./Core/Src/syscalls.o
 .ARM.attributes
                0x0000014c       0x32 ./Core/Src/sysmem.o
 .ARM.attributes
                0x0000017e       0x21 ./Core/Startup/startup_stm32h747xihx.o
 .ARM.attributes
                0x0000019f       0x32 ./Drivers/STM32H7xx_HAL_Driver/stm32h7xx_hal.o
 .ARM.attributes
                0x000001d1       0x32 ./Drivers/STM32H7xx_HAL_Driver/stm32h7xx_hal_cortex.o
 .ARM.attributes
                0x00000203       0x32 ./Drivers/STM32H7xx_HAL_Driver/stm32h7xx_hal_gpio.o
 .ARM.attributes
                0x00000235       0x32 ./Drivers/STM32H7xx_HAL_Driver/stm32h7xx_hal_hsem.o
 .ARM.attributes
                0x00000267       0x32 ./Drivers/STM32H7xx_HAL_Driver/stm32h7xx_hal_pcd.o
 .ARM.attributes
                0x00000299       0x32 ./Drivers/STM32H7xx_HAL_Driver/stm32h7xx_hal_pcd_ex.o
 .ARM.attributes
                0x000002cb       0x32 ./Drivers/STM32H7xx_HAL_Driver/stm32h7xx_hal_pwr_ex.o
 .ARM.attributes
                0x000002fd       0x32 ./Drivers/STM32H7xx_HAL_Driver/stm32h7xx_hal_rcc.o
 .ARM.attributes
                0x0000032f       0x32 ./Drivers/STM32H7xx_HAL_Driver/stm32h7xx_hal_rcc_ex.o
 .ARM.attributes
                0x00000361       0x32 ./Drivers/STM32H7xx_HAL_Driver/stm32h7xx_ll_usb.o
 .ARM.attributes
                0x00000393       0x32 ./Middlewares/ST/STM32_USB_Device_Library/usbd_cdc.o
 .ARM.attributes
                0x000003c5       0x32 ./Middlewares/ST/STM32_USB_Device_Library/usbd_core.o
 .ARM.attributes
                0x000003f7       0x32 ./Middlewares/ST/STM32_USB_Device_Library/usbd_ctlreq.o
 .ARM.attributes
                0x00000429       0x32 ./Middlewares/ST/STM32_USB_Device_Library/usbd_ioreq.o
 .ARM.attributes
                0x0000045b       0x32 ./USB_DEVICE/App/usb_device.o
 .ARM.attributes
                0x0000048d       0x32 ./USB_DEVICE/App/usbd_cdc_if.o
 .ARM.attributes
                0x000004bf       0x32 ./USB_DEVICE/App/usbd_desc.o
 .ARM.attributes
                0x000004f1       0x32 ./USB_DEVICE/Target/usbd_conf.o
 .ARM.attributes
                0x00000523       0x32 C:/ST/STM32CubeIDE_1.19.0/STM32CubeIDE/plugins/com.st.stm32cube.ide.mcu.externaltools.gnu-tools-for-stm32.13.3.rel1.win32_1.0.0.202411081344/tools/bin/../lib/gcc/arm-none-eabi/13.3.1/../../../../arm-none-eabi/lib/thumb/v7e-m+dp/hard\libc_nano.a(libc_a-findfp.o)
 .ARM.attributes
                0x00000555       0x32 C:/ST/STM32CubeIDE_1.19.0/STM32CubeIDE/plugins/com.st.stm32cube.ide.mcu.externaltools.gnu-tools-for-stm32.13.3.rel1.win32_1.0.0.202411081344/tools/bin/../lib/gcc/arm-none-eabi/13.3.1/../../../../arm-none-eabi/lib/thumb/v7e-m+dp/hard\libc_nano.a(libc_a-fwalk.o)
 .ARM.attributes
                0x00000587       0x32 C:/ST/STM32CubeIDE_1.19.0/STM32CubeIDE/plugins/com.st.stm32cube.ide.mcu.externaltools.gnu-tools-for-stm32.13.3.rel1.win32_1.0.0.202411081344/tools/bin/../lib/gcc/arm-none-eabi/13.3.1/../../../../arm-none-eabi/lib/thumb/v7e-m+dp/hard\libc_nano.a(libc_a-printf.o)
 .ARM.attributes
                0x000005b9       0x32 C:/ST/STM32CubeIDE_1.19.0/STM32CubeIDE/plugins/com.st.stm32cube.ide.mcu.externaltools.gnu-tools-for-stm32.13.3.rel1.win32_1.0.0.202411081344/tools/bin/../lib/gcc/arm-none-eabi/13.3.1/../../../../arm-none-eabi/lib/thumb/v7e-m+dp/hard\libc_nano.a(libc_a-stdio.o)
 .ARM.attributes
                0x000005eb       0x32 C:/ST/STM32CubeIDE_1.19.0/STM32CubeIDE/plugins/com.st.stm32cube.ide.mcu.externaltools.gnu-tools-for-stm32.13.3.rel1.win32_1.0.0.202411081344/tools/bin/../lib/gcc/arm-none-eabi/13.3.1/../../../../arm-none-eabi/lib/thumb/v7e-m+dp/hard\libc_nano.a(libc_a-memset.o)
 .ARM.attributes
                0x0000061d       0x32 C:/ST/STM32CubeIDE_1.19.0/STM32CubeIDE/plugins/com.st.stm32cube.ide.mcu.externaltools.gnu-tools-for-stm32.13.3.rel1.win32_1.0.0.202411081344/tools/bin/../lib/gcc/arm-none-eabi/13.3.1/../../../../arm-none-eabi/lib/thumb/v7e-m+dp/hard\libc_nano.a(libc_a-closer.o)
 .ARM.attributes
                0x0000064f       0x32 C:/ST/STM32CubeIDE_1.19.0/STM32CubeIDE/plugins/com.st.stm32cube.ide.mcu.externaltools.gnu-tools-for-stm32.13.3.rel1.win32_1.0.0.202411081344/tools/bin/../lib/gcc/arm-none-eabi/13.3.1/../../../../arm-none-eabi/lib/thumb/v7e-m+dp/hard\libc_nano.a(libc_a-reent.o)
 .ARM.attributes
                0x00000681       0x32 C:/ST/STM32CubeIDE_1.19.0/STM32CubeIDE/plugins/com.st.stm32cube.ide.mcu.externaltools.gnu-tools-for-stm32.13.3.rel1.win32_1.0.0.202411081344/tools/bin/../lib/gcc/arm-none-eabi/13.3.1/../../../../arm-none-eabi/lib/thumb/v7e-m+dp/hard\libc_nano.a(libc_a-impure.o)
 .ARM.attributes
                0x000006b3       0x32 C:/ST/STM32CubeIDE_1.19.0/STM32CubeIDE/plugins/com.st.stm32cube.ide.mcu.externaltools.gnu-tools-for-stm32.13.3.rel1.win32_1.0.0.202411081344/tools/bin/../lib/gcc/arm-none-eabi/13.3.1/../../../../arm-none-eabi/lib/thumb/v7e-m+dp/hard\libc_nano.a(libc_a-lseekr.o)
 .ARM.attributes
                0x000006e5       0x32 C:/ST/STM32CubeIDE_1.19.0/STM32CubeIDE/plugins/com.st.stm32cube.ide.mcu.externaltools.gnu-tools-for-stm32.13.3.rel1.win32_1.0.0.202411081344/tools/bin/../lib/gcc/arm-none-eabi/13.3.1/../../../../arm-none-eabi/lib/thumb/v7e-m+dp/hard\libc_nano.a(libc_a-readr.o)
 .ARM.attributes
                0x00000717       0x32 C:/ST/STM32CubeIDE_1.19.0/STM32CubeIDE/plugins/com.st.stm32cube.ide.mcu.externaltools.gnu-tools-for-stm32.13.3.rel1.win32_1.0.0.202411081344/tools/bin/../lib/gcc/arm-none-eabi/13.3.1/../../../../arm-none-eabi/lib/thumb/v7e-m+dp/hard\libc_nano.a(libc_a-writer.o)
 .ARM.attributes
                0x00000749       0x32 C:/ST/STM32CubeIDE_1.19.0/STM32CubeIDE/plugins/com.st.stm32cube.ide.mcu.externaltools.gnu-tools-for-stm32.13.3.rel1.win32_1.0.0.202411081344/tools/bin/../lib/gcc/arm-none-eabi/13.3.1/../../../../arm-none-eabi/lib/thumb/v7e-m+dp/hard\libc_nano.a(libc_a-errno.o)
 .ARM.attributes
                0x0000077b       0x32 C:/ST/STM32CubeIDE_1.19.0/STM32CubeIDE/plugins/com.st.stm32cube.ide.mcu.externaltools.gnu-tools-for-stm32.13.3.rel1.win32_1.0.0.202411081344/tools/bin/../lib/gcc/arm-none-eabi/13.3.1/../../../../arm-none-eabi/lib/thumb/v7e-m+dp/hard\libc_nano.a(libc_a-init.o)
 .ARM.attributes
                0x000007ad       0x32 C:/ST/STM32CubeIDE_1.19.0/STM32CubeIDE/plugins/com.st.stm32cube.ide.mcu.externaltools.gnu-tools-for-stm32.13.3.rel1.win32_1.0.0.202411081344/tools/bin/../lib/gcc/arm-none-eabi/13.3.1/../../../../arm-none-eabi/lib/thumb/v7e-m+dp/hard\libc_nano.a(libc_a-lock.o)
 .ARM.attributes
                0x000007df       0x32 C:/ST/STM32CubeIDE_1.19.0/STM32CubeIDE/plugins/com.st.stm32cube.ide.mcu.externaltools.gnu-tools-for-stm32.13.3.rel1.win32_1.0.0.202411081344/tools/bin/../lib/gcc/arm-none-eabi/13.3.1/../../../../arm-none-eabi/lib/thumb/v7e-m+dp/hard\libc_nano.a(libc_a-freer.o)
 .ARM.attributes
                0x00000811       0x32 C:/ST/STM32CubeIDE_1.19.0/STM32CubeIDE/plugins/com.st.stm32cube.ide.mcu.externaltools.gnu-tools-for-stm32.13.3.rel1.win32_1.0.0.202411081344/tools/bin/../lib/gcc/arm-none-eabi/13.3.1/../../../../arm-none-eabi/lib/thumb/v7e-m+dp/hard\libc_nano.a(libc_a-mallocr.o)
 .ARM.attributes
                0x00000843       0x32 C:/ST/STM32CubeIDE_1.19.0/STM32CubeIDE/plugins/com.st.stm32cube.ide.mcu.externaltools.gnu-tools-for-stm32.13.3.rel1.win32_1.0.0.202411081344/tools/bin/../lib/gcc/arm-none-eabi/13.3.1/../../../../arm-none-eabi/lib/thumb/v7e-m+dp/hard\libc_nano.a(libc_a-mlock.o)
 .ARM.attributes
                0x00000875       0x32 C:/ST/STM32CubeIDE_1.19.0/STM32CubeIDE/plugins/com.st.stm32cube.ide.mcu.externaltools.gnu-tools-for-stm32.13.3.rel1.win32_1.0.0.202411081344/tools/bin/../lib/gcc/arm-none-eabi/13.3.1/../../../../arm-none-eabi/lib/thumb/v7e-m+dp/hard\libc_nano.a(libc_a-nano-vfprintf.o)
 .ARM.attributes
                0x000008a7       0x32 C:/ST/STM32CubeIDE_1.19.0/STM32CubeIDE/plugins/com.st.stm32cube.ide.mcu.externaltools.gnu-tools-for-stm32.13.3.rel1.win32_1.0.0.202411081344/tools/bin/../lib/gcc/arm-none-eabi/13.3.1/../../../../arm-none-eabi/lib/thumb/v7e-m+dp/hard\libc_nano.a(libc_a-nano-vfprintf_i.o)
 .ARM.attributes
                0x000008d9       0x32 C:/ST/STM32CubeIDE_1.19.0/STM32CubeIDE/plugins/com.st.stm32cube.ide.mcu.externaltools.gnu-tools-for-stm32.13.3.rel1.win32_1.0.0.202411081344/tools/bin/../lib/gcc/arm-none-eabi/13.3.1/../../../../arm-none-eabi/lib/thumb/v7e-m+dp/hard\libc_nano.a(libc_a-fflush.o)
 .ARM.attributes
                0x0000090b       0x32 C:/ST/STM32CubeIDE_1.19.0/STM32CubeIDE/plugins/com.st.stm32cube.ide.mcu.externaltools.gnu-tools-for-stm32.13.3.rel1.win32_1.0.0.202411081344/tools/bin/../lib/gcc/arm-none-eabi/13.3.1/../../../../arm-none-eabi/lib/thumb/v7e-m+dp/hard\libc_nano.a(libc_a-wbuf.o)
 .ARM.attributes
                0x0000093d       0x32 C:/ST/STM32CubeIDE_1.19.0/STM32CubeIDE/plugins/com.st.stm32cube.ide.mcu.externaltools.gnu-tools-for-stm32.13.3.rel1.win32_1.0.0.202411081344/tools/bin/../lib/gcc/arm-none-eabi/13.3.1/../../../../arm-none-eabi/lib/thumb/v7e-m+dp/hard\libc_nano.a(libc_a-wsetup.o)
 .ARM.attributes
                0x0000096f       0x32 C:/ST/STM32CubeIDE_1.19.0/STM32CubeIDE/plugins/com.st.stm32cube.ide.mcu.externaltools.gnu-tools-for-stm32.13.3.rel1.win32_1.0.0.202411081344/tools/bin/../lib/gcc/arm-none-eabi/13.3.1/../../../../arm-none-eabi/lib/thumb/v7e-m+dp/hard\libc_nano.a(libc_a-sbrkr.o)
 .ARM.attributes
                0x000009a1       0x1c C:/ST/STM32CubeIDE_1.19.0/STM32CubeIDE/plugins/com.st.stm32cube.ide.mcu.externaltools.gnu-tools-for-stm32.13.3.rel1.win32_1.0.0.202411081344/tools/bin/../lib/gcc/arm-none-eabi/13.3.1/../../../../arm-none-eabi/lib/thumb/v7e-m+dp/hard\libc_nano.a(libc_a-memchr.o)
 .ARM.attributes
                0x000009bd       0x32 C:/ST/STM32CubeIDE_1.19.0/STM32CubeIDE/plugins/com.st.stm32cube.ide.mcu.externaltools.gnu-tools-for-stm32.13.3.rel1.win32_1.0.0.202411081344/tools/bin/../lib/gcc/arm-none-eabi/13.3.1/../../../../arm-none-eabi/lib/thumb/v7e-m+dp/hard\libc_nano.a(libc_a-makebuf.o)
 .ARM.attributes
                0x000009ef       0x32 C:/ST/STM32CubeIDE_1.19.0/STM32CubeIDE/plugins/com.st.stm32cube.ide.mcu.externaltools.gnu-tools-for-stm32.13.3.rel1.win32_1.0.0.202411081344/tools/bin/../lib/gcc/arm-none-eabi/13.3.1/../../../../arm-none-eabi/lib/thumb/v7e-m+dp/hard\libc_nano.a(libc_a-fstatr.o)
 .ARM.attributes
                0x00000a21       0x32 C:/ST/STM32CubeIDE_1.19.0/STM32CubeIDE/plugins/com.st.stm32cube.ide.mcu.externaltools.gnu-tools-for-stm32.13.3.rel1.win32_1.0.0.202411081344/tools/bin/../lib/gcc/arm-none-eabi/13.3.1/../../../../arm-none-eabi/lib/thumb/v7e-m+dp/hard\libc_nano.a(libc_a-isattyr.o)
 .ARM.attributes
                0x00000a53       0x20 C:/ST/STM32CubeIDE_1.19.0/STM32CubeIDE/plugins/com.st.stm32cube.ide.mcu.externaltools.gnu-tools-for-stm32.13.3.rel1.win32_1.0.0.202411081344/tools/bin/../lib/gcc/arm-none-eabi/13.3.1/thumb/v7e-m+dp/hard/crtn.o
OUTPUT(h7_bootloader_application_2_CM7.elf elf32-littlearm)
LOAD linker stubs
LOAD C:/ST/STM32CubeIDE_1.19.0/STM32CubeIDE/plugins/com.st.stm32cube.ide.mcu.externaltools.gnu-tools-for-stm32.13.3.rel1.win32_1.0.0.202411081344/tools/bin/../lib/gcc/arm-none-eabi/13.3.1/../../../../arm-none-eabi/lib/thumb/v7e-m+dp/hard\libc.a
LOAD C:/ST/STM32CubeIDE_1.19.0/STM32CubeIDE/plugins/com.st.stm32cube.ide.mcu.externaltools.gnu-tools-for-stm32.13.3.rel1.win32_1.0.0.202411081344/tools/bin/../lib/gcc/arm-none-eabi/13.3.1/../../../../arm-none-eabi/lib/thumb/v7e-m+dp/hard\libm.a
LOAD C:/ST/STM32CubeIDE_1.19.0/STM32CubeIDE/plugins/com.st.stm32cube.ide.mcu.externaltools.gnu-tools-for-stm32.13.3.rel1.win32_1.0.0.202411081344/tools/bin/../lib/gcc/arm-none-eabi/13.3.1/thumb/v7e-m+dp/hard\libgcc.a

.debug_info     0x00000000    0x145ec
 .debug_info    0x00000000      0xe73 ./Common/Src/system_stm32h7xx_dualcore_boot_cm4_cm7.o
 .debug_info    0x00000e73      0xff1 ./Core/Src/main.o
 .debug_info    0x00001e64      0x464 ./Core/Src/stm32h7xx_hal_msp.o
 .debug_info    0x000022c8      0x6b2 ./Core/Src/stm32h7xx_it.o
 .debug_info    0x0000297a      0x6d1 ./Core/Src/syscalls.o
 .debug_info    0x0000304b      0x168 ./Core/Src/sysmem.o
 .debug_info    0x000031b3       0x30 ./Core/Startup/startup_stm32h747xihx.o
 .debug_info    0x000031e3     0x177a ./Drivers/STM32H7xx_HAL_Driver/stm32h7xx_hal.o
 .debug_info    0x0000495d     0x10d5 ./Drivers/STM32H7xx_HAL_Driver/stm32h7xx_hal_cortex.o
 .debug_info    0x00005a32      0xd06 ./Drivers/STM32H7xx_HAL_Driver/stm32h7xx_hal_gpio.o
 .debug_info    0x00006738      0x3d3 ./Drivers/STM32H7xx_HAL_Driver/stm32h7xx_hal_hsem.o
 .debug_info    0x00006b0b     0x1561 ./Drivers/STM32H7xx_HAL_Driver/stm32h7xx_hal_pcd.o
 .debug_info    0x0000806c      0x8b3 ./Drivers/STM32H7xx_HAL_Driver/stm32h7xx_hal_pcd_ex.o
 .debug_info    0x0000891f     0x1225 ./Drivers/STM32H7xx_HAL_Driver/stm32h7xx_hal_pwr_ex.o
 .debug_info    0x00009b44      0xe67 ./Drivers/STM32H7xx_HAL_Driver/stm32h7xx_hal_rcc.o
 .debug_info    0x0000a9ab     0x130f ./Drivers/STM32H7xx_HAL_Driver/stm32h7xx_hal_rcc_ex.o
 .debug_info    0x0000bcba     0x1a1e ./Drivers/STM32H7xx_HAL_Driver/stm32h7xx_ll_usb.o
 .debug_info    0x0000d6d8     0x133d ./Middlewares/ST/STM32_USB_Device_Library/usbd_cdc.o
 .debug_info    0x0000ea15      0xe20 ./Middlewares/ST/STM32_USB_Device_Library/usbd_core.o
 .debug_info    0x0000f835      0xaf9 ./Middlewares/ST/STM32_USB_Device_Library/usbd_ctlreq.o
 .debug_info    0x0001032e      0x770 ./Middlewares/ST/STM32_USB_Device_Library/usbd_ioreq.o
 .debug_info    0x00010a9e      0x725 ./USB_DEVICE/App/usb_device.o
 .debug_info    0x000111c3      0x915 ./USB_DEVICE/App/usbd_cdc_if.o
 .debug_info    0x00011ad8      0x4c5 ./USB_DEVICE/App/usbd_desc.o