Archive member included to satisfy reference by file (symbol)

C:/ST/STM32CubeIDE_1.19.0/STM32CubeIDE/plugins/com.st.stm32cube.ide.mcu.externaltools.gnu-tools-for-stm32.13.3.rel1.win32_1.0.0.202411081344/tools/bin/../lib/gcc/arm-none-eabi/13.3.1/../../../../arm-none-eabi/lib/thumb/v7e-m+dp/hard\libc_nano.a(libc_a-exit.o)
                              C:/ST/STM32CubeIDE_1.19.0/STM32CubeIDE/plugins/com.st.stm32cube.ide.mcu.externaltools.gnu-tools-for-stm32.13.3.rel1.win32_1.0.0.202411081344/tools/bin/../lib/gcc/arm-none-eabi/13.3.1/../../../../arm-none-eabi/lib/thumb/v7e-m+dp/hard/crt0.o (exit)
C:/ST/STM32CubeIDE_1.19.0/STM32CubeIDE/plugins/com.st.stm32cube.ide.mcu.externaltools.gnu-tools-for-stm32.13.3.rel1.win32_1.0.0.202411081344/tools/bin/../lib/gcc/arm-none-eabi/13.3.1/../../../../arm-none-eabi/lib/thumb/v7e-m+dp/hard\libc_nano.a(libc_a-findfp.o)
                              C:/ST/STM32CubeIDE_1.19.0/STM32CubeIDE/plugins/com.st.stm32cube.ide.mcu.externaltools.gnu-tools-for-stm32.13.3.rel1.win32_1.0.0.202411081344/tools/bin/../lib/gcc/arm-none-eabi/13.3.1/../../../../arm-none-eabi/lib/thumb/v7e-m+dp/hard\libc_nano.a(libc_a-exit.o) (__stdio_exit_handler)
C:/ST/STM32CubeIDE_1.19.0/STM32CubeIDE/plugins/com.st.stm32cube.ide.mcu.externaltools.gnu-tools-for-stm32.13.3.rel1.win32_1.0.0.202411081344/tools/bin/../lib/gcc/arm-none-eabi/13.3.1/../../../../arm-none-eabi/lib/thumb/v7e-m+dp/hard\libc_nano.a(libc_a-fwalk.o)
                              C:/ST/STM32CubeIDE_1.19.0/STM32CubeIDE/plugins/com.st.stm32cube.ide.mcu.externaltools.gnu-tools-for-stm32.13.3.rel1.win32_1.0.0.202411081344/tools/bin/../lib/gcc/arm-none-eabi/13.3.1/../../../../arm-none-eabi/lib/thumb/v7e-m+dp/hard\libc_nano.a(libc_a-findfp.o) (_fwalk_sglue)
C:/ST/STM32CubeIDE_1.19.0/STM32CubeIDE/plugins/com.st.stm32cube.ide.mcu.externaltools.gnu-tools-for-stm32.13.3.rel1.win32_1.0.0.202411081344/tools/bin/../lib/gcc/arm-none-eabi/13.3.1/../../../../arm-none-eabi/lib/thumb/v7e-m+dp/hard\libc_nano.a(libc_a-printf.o)
                              ./Core/Src/main.o (printf)
C:/ST/STM32CubeIDE_1.19.0/STM32CubeIDE/plugins/com.st.stm32cube.ide.mcu.externaltools.gnu-tools-for-stm32.13.3.rel1.win32_1.0.0.202411081344/tools/bin/../lib/gcc/arm-none-eabi/13.3.1/../../../../arm-none-eabi/lib/thumb/v7e-m+dp/hard\libc_nano.a(libc_a-stdio.o)
                              C:/ST/STM32CubeIDE_1.19.0/STM32CubeIDE/plugins/com.st.stm32cube.ide.mcu.externaltools.gnu-tools-for-stm32.13.3.rel1.win32_1.0.0.202411081344/tools/bin/../lib/gcc/arm-none-eabi/13.3.1/../../../../arm-none-eabi/lib/thumb/v7e-m+dp/hard\libc_nano.a(libc_a-findfp.o) (__sread)
C:/ST/STM32CubeIDE_1.19.0/STM32CubeIDE/plugins/com.st.stm32cube.ide.mcu.externaltools.gnu-tools-for-stm32.13.3.rel1.win32_1.0.0.202411081344/tools/bin/../lib/gcc/arm-none-eabi/13.3.1/../../../../arm-none-eabi/lib/thumb/v7e-m+dp/hard\libc_nano.a(libc_a-memset.o)
                              C:/ST/STM32CubeIDE_1.19.0/STM32CubeIDE/plugins/com.st.stm32cube.ide.mcu.externaltools.gnu-tools-for-stm32.13.3.rel1.win32_1.0.0.202411081344/tools/bin/../lib/gcc/arm-none-eabi/13.3.1/../../../../arm-none-eabi/lib/thumb/v7e-m+dp/hard/crt0.o (memset)
C:/ST/STM32CubeIDE_1.19.0/STM32CubeIDE/plugins/com.st.stm32cube.ide.mcu.externaltools.gnu-tools-for-stm32.13.3.rel1.win32_1.0.0.202411081344/tools/bin/../lib/gcc/arm-none-eabi/13.3.1/../../../../arm-none-eabi/lib/thumb/v7e-m+dp/hard\libc_nano.a(libc_a-closer.o)
                              C:/ST/STM32CubeIDE_1.19.0/STM32CubeIDE/plugins/com.st.stm32cube.ide.mcu.externaltools.gnu-tools-for-stm32.13.3.rel1.win32_1.0.0.202411081344/tools/bin/../lib/gcc/arm-none-eabi/13.3.1/../../../../arm-none-eabi/lib/thumb/v7e-m+dp/hard\libc_nano.a(libc_a-stdio.o) (_close_r)
C:/ST/STM32CubeIDE_1.19.0/STM32CubeIDE/plugins/com.st.stm32cube.ide.mcu.externaltools.gnu-tools-for-stm32.13.3.rel1.win32_1.0.0.202411081344/tools/bin/../lib/gcc/arm-none-eabi/13.3.1/../../../../arm-none-eabi/lib/thumb/v7e-m+dp/hard\libc_nano.a(libc_a-reent.o)
                              C:/ST/STM32CubeIDE_1.19.0/STM32CubeIDE/plugins/com.st.stm32cube.ide.mcu.externaltools.gnu-tools-for-stm32.13.3.rel1.win32_1.0.0.202411081344/tools/bin/../lib/gcc/arm-none-eabi/13.3.1/../../../../arm-none-eabi/lib/thumb/v7e-m+dp/hard\libc_nano.a(libc_a-closer.o) (errno)
C:/ST/STM32CubeIDE_1.19.0/STM32CubeIDE/plugins/com.st.stm32cube.ide.mcu.externaltools.gnu-tools-for-stm32.13.3.rel1.win32_1.0.0.202411081344/tools/bin/../lib/gcc/arm-none-eabi/13.3.1/../../../../arm-none-eabi/lib/thumb/v7e-m+dp/hard\libc_nano.a(libc_a-impure.o)
                              C:/ST/STM32CubeIDE_1.19.0/STM32CubeIDE/plugins/com.st.stm32cube.ide.mcu.externaltools.gnu-tools-for-stm32.13.3.rel1.win32_1.0.0.202411081344/tools/bin/../lib/gcc/arm-none-eabi/13.3.1/../../../../arm-none-eabi/lib/thumb/v7e-m+dp/hard\libc_nano.a(libc_a-printf.o) (_impure_ptr)
[...]
Memory Configuration

Name             Origin             Length             Attributes
RAM_D1           0x24000000         0x00080000         xrw
FLASH            0x080a0000         0x00060000         xr
DTCMRAM          0x20000000         0x00020000         xrw
RAM_D2           0x30000000         0x00048000         xrw
RAM_D3           0x38000000         0x00010000         xrw
ITCMRAM          0x00000000         0x00010000         xrw
*default*        0x00000000         0xffffffff

Linker script and memory map

LOAD C:/ST/STM32CubeIDE_1.19.0/STM32CubeIDE/plugins/com.st.stm32cube.ide.mcu.externaltools.gnu-tools-for-stm32.13.3.rel1.win32_1.0.0.202411081344/tools/bin/../lib/gcc/arm-none-eabi/13.3.1/thumb/v7e-m+dp/hard/crti.o
LOAD C:/ST/STM32CubeIDE_1.19.0/STM32CubeIDE/plugins/com.st.stm32cube.ide.mcu.externaltools.gnu-tools-for-stm32.13.3.rel1.win32_1.0.0.202411081344/tools/bin/../lib/gcc/arm-none-eabi/13.3.1/thumb/v7e-m+dp/hard/crtbegin.o
LOAD C:/ST/STM32CubeIDE_1.19.0/STM32CubeIDE/plugins/com.st.stm32cube.ide.mcu.externaltools.gnu-tools-for-stm32.13.3.rel1.win32_1.0.0.202411081344/tools/bin/../lib/gcc/arm-none-eabi/13.3.1/../../../../arm-none-eabi/lib/thumb/v7e-m+dp/hard/crt0.o
LOAD ./Common/Src/system_stm32h7xx_dualcore_boot_cm4_cm7.o
LOAD ./Core/Src/main.o
LOAD ./Core/Src/stm32h7xx_hal_msp.o
LOAD ./Core/Src/stm32h7xx_it.o
LOAD ./Core/Src/syscalls.o
LOAD ./Core/Src/sysmem.o
LOAD ./Core/Startup/startup_stm32h747xihx.o
LOAD ./Drivers/STM32H7xx_HAL_Driver/stm32h7xx_hal.o
LOAD ./Drivers/STM32H7xx_HAL_Driver/stm32h7xx_hal_cortex.o
LOAD ./Drivers/STM32H7xx_HAL_Driver/stm32h7xx_hal_dma.o
LOAD ./Drivers/STM32H7xx_HAL_Driver/stm32h7xx_hal_dma_ex.o
LOAD ./Drivers/STM32H7xx_HAL_Driver/stm32h7xx_hal_exti.o
LOAD ./Drivers/STM32H7xx_HAL_Driver/stm32h7xx_hal_flash.o
LOAD ./Drivers/STM32H7xx_HAL_Driver/stm32h7xx_hal_flash_ex.o
LOAD ./Drivers/STM32H7xx_HAL_Driver/stm32h7xx_hal_gpio.o
LOAD ./Drivers/STM32H7xx_HAL_Driver/stm32h7xx_hal_hsem.o
LOAD ./Drivers/STM32H7xx_HAL_Driver/stm32h7xx_hal_i2c.o
LOAD ./Drivers/STM32H7xx_HAL_Driver/stm32h7xx_hal_i2c_ex.o
LOAD ./Drivers/STM32H7xx_HAL_Driver/stm32h7xx_hal_mdma.o
LOAD ./Drivers/STM32H7xx_HAL_Driver/stm32h7xx_hal_pcd.o
LOAD ./Drivers/STM32H7xx_HAL_Driver/stm32h7xx_hal_pcd_ex.o
LOAD ./Drivers/STM32H7xx_HAL_Driver/stm32h7xx_hal_pwr.o
LOAD ./Drivers/STM32H7xx_HAL_Driver/stm32h7xx_hal_pwr_ex.o
LOAD ./Drivers/STM32H7xx_HAL_Driver/stm32h7xx_hal_rcc.o
LOAD ./Drivers/STM32H7xx_HAL_Driver/stm32h7xx_hal_rcc_ex.o
LOAD ./Drivers/STM32H7xx_HAL_Driver/stm32h7xx_hal_tim.o
LOAD ./Drivers/STM32H7xx_HAL_Driver/stm32h7xx_hal_tim_ex.o
LOAD ./Drivers/STM32H7xx_HAL_Driver/stm32h7xx_ll_usb.o
LOAD ./Middlewares/ST/STM32_USB_Device_Library/usbd_cdc.o
LOAD ./Middlewares/ST/STM32_USB_Device_Library/usbd_core.o
LOAD ./Middlewares/ST/STM32_USB_Device_Library/usbd_ctlreq.o
LOAD ./Middlewares/ST/STM32_USB_Device_Library/usbd_ioreq.o
LOAD ./USB_DEVICE/App/usb_device.o
LOAD ./USB_DEVICE/App/usbd_cdc_if.o
LOAD ./USB_DEVICE/App/usbd_desc.o
LOAD ./USB_DEVICE/Target/usbd_conf.o
START GROUP
LOAD C:/ST/STM32CubeIDE_1.19.0/STM32CubeIDE/plugins/com.st.stm32cube.ide.mcu.externaltools.gnu-tools-for-stm32.13.3.rel1.win32_1.0.0.202411081344/tools/bin/../lib/gcc/arm-none-eabi/13.3.1/../../../../arm-none-eabi/lib/thumb/v7e-m+dp/hard\libc_nano.a
LOAD C:/ST/STM32CubeIDE_1.19.0/STM32CubeIDE/plugins/com.st.stm32cube.ide.mcu.externaltools.gnu-tools-for-stm32.13.3.rel1.win32_1.0.0.202411081344/tools/bin/../lib/gcc/arm-none-eabi/13.3.1/../../../../arm-none-eabi/lib/thumb/v7e-m+dp/hard\libm.a
END GROUP
START GROUP
LOAD C:/ST/STM32CubeIDE_1.19.0/STM32CubeIDE/plugins/com.st.stm32cube.ide.mcu.externaltools.gnu-tools-for-stm32.13.3.rel1.win32_1.0.0.202411081344/tools/bin/../lib/gcc/arm-none-eabi/13.3.1/thumb/v7e-m+dp/hard\libgcc.a
LOAD C:/ST/STM32CubeIDE_1.19.0/STM32CubeIDE/plugins/com.st.stm32cube.ide.mcu.externaltools.gnu-tools-for-stm32.13.3.rel1.win32_1.0.0.202411081344/tools/bin/../lib/gcc/arm-none-eabi/13.3.1/../../../../arm-none-eabi/lib/thumb/v7e-m+dp/hard\libc_nano.a
END GROUP
START GROUP
LOAD C:/ST/STM32CubeIDE_1.19.0/STM32CubeIDE/plugins/com.st.stm32cube.ide.mcu.externaltools.gnu-tools-for-stm32.13.3.rel1.win32_1.0.0.202411081344/tools/bin/../lib/gcc/arm-none-eabi/13.3.1/thumb/v7e-m+dp/hard\libgcc.a
LOAD C:/ST/STM32CubeIDE_1.19.0/STM32CubeIDE/plugins/com.st.stm32cube.ide.mcu.externaltools.gnu-tools-for-stm32.13.3.rel1.win32_1.0.0.202411081344/tools/bin/../lib/gcc/arm-none-eabi/13.3.1/../../../../arm-none-eabi/lib/thumb/v7e-m+dp/hard\libc_nano.a
LOAD C:/ST/STM32CubeIDE_1.19.0/STM32CubeIDE/plugins/com.st.stm32cube.ide.mcu.externaltools.gnu-tools-for-stm32.13.3.rel1.win32_1.0.0.202411081344/tools/bin/../lib/gcc/arm-none-eabi/13.3.1/../../../../arm-none-eabi/lib/thumb/v7e-m+dp/hard\libnosys.a
END GROUP
START GROUP
LOAD C:/ST/STM32CubeIDE_1.19.0/STM32CubeIDE/plugins/com.st.stm32cube.ide.mcu.externaltools.gnu-tools-for-stm32.13.3.rel1.win32_1.0.0.202411081344/tools/bin/../lib/gcc/arm-none-eabi/13.3.1/thumb/v7e-m+dp/hard\libgcc.a
LOAD C:/ST/STM32CubeIDE_1.19.0/STM32CubeIDE/plugins/com.st.stm32cube.ide.mcu.externaltools.gnu-tools-for-stm32.13.3.rel1.win32_1.0.0.202411081344/tools/bin/../lib/gcc/arm-none-eabi/13.3.1/../../../../arm-none-eabi/lib/thumb/v7e-m+dp/hard\libc_nano.a
LOAD C:/ST/STM32CubeIDE_1.19.0/STM32CubeIDE/plugins/com.st.stm32cube.ide.mcu.externaltools.gnu-tools-for-stm32.13.3.rel1.win32_1.0.0.202411081344/tools/bin/../lib/gcc/arm-none-eabi/13.3.1/../../../../arm-none-eabi/lib/thumb/v7e-m+dp/hard\libnosys.a
END GROUP
LOAD C:/ST/STM32CubeIDE_1.19.0/STM32CubeIDE/plugins/com.st.stm32cube.ide.mcu.externaltools.gnu-tools-for-stm32.13.3.rel1.win32_1.0.0.202411081344/tools/bin/../lib/gcc/arm-none-eabi/13.3.1/thumb/v7e-m+dp/hard/crtend.o
LOAD C:/ST/STM32CubeIDE_1.19.0/STM32CubeIDE/plugins/com.st.stm32cube.ide.mcu.externaltools.gnu-tools-for-stm32.13.3.rel1.win32_1.0.0.202411081344/tools/bin/../lib/gcc/arm-none-eabi/13.3.1/thumb/v7e-m+dp/hard/crtn.o
                0x2407fffc                        _bfalg = ((ORIGIN (RAM_D1) + LENGTH (RAM_D1)) - 0x4)
                0x2407fffc                        _estack = _bfalg
                0x00000200                        _Min_Heap_Size = 0x200
                0x00000400                        _Min_Stack_Size = 0x400

.isr_vector     0x080a0000      0x298
                0x080a0000                        . = ALIGN (0x4)
 *(.isr_vector)
 .isr_vector    0x080a0000      0x298 ./Core/Startup/startup_stm32h747xihx.o
                0x080a0000                g_pfnVectors
                0x080a0298                        . = ALIGN (0x4)

.text           0x080a02a0     0x9f00
                0x080a02a0                        . = ALIGN (0x4)
 *(.text)
 .text          0x080a02a0       0x40 C:/ST/STM32CubeIDE_1.19.0/STM32CubeIDE/plugins/com.st.stm32cube.ide.mcu.externaltools.gnu-tools-for-stm32.13.3.rel1.win32_1.0.0.202411081344/tools/bin/../lib/gcc/arm-none-eabi/13.3.1/thumb/v7e-m+dp/hard/crtbegin.o
 .text          0x080a02e0       0xa0 C:/ST/STM32CubeIDE_1.19.0/STM32CubeIDE/plugins/com.st.stm32cube.ide.mcu.externaltools.gnu-tools-for-stm32.13.3.rel1.win32_1.0.0.202411081344/tools/bin/../lib/gcc/arm-none-eabi/13.3.1/../../../../arm-none-eabi/lib/thumb/v7e-m+dp/hard\libc_nano.a(libc_a-memchr.o)
                0x080a02e0                memchr
 *(.text*)
 .text.SystemInit
                0x080a0380      0x164 ./Common/Src/system_stm32h7xx_dualcore_boot_cm4_cm7.o
                0x080a0380                SystemInit
 .text.ExitRun0Mode
                0x080a04e4       0x30 ./Common/Src/system_stm32h7xx_dualcore_boot_cm4_cm7.o
                0x080a04e4                ExitRun0Mode
 .text.HAL_GPIO_EXTI_Callback
                0x080a0514       0x38 ./Core/Src/main.o
                0x080a0514                HAL_GPIO_EXTI_Callback
 .text.main     0x080a054c      0x110 ./Core/Src/main.o
                0x080a054c                main
 .text.SystemClock_Config
                0x080a065c      0x10c ./Core/Src/main.o
                0x080a065c                SystemClock_Config
 .text.PeriphCommonClock_Config
                0x080a0768       0x5e ./Core/Src/main.o
                0x080a0768                PeriphCommonClock_Config
 *fill*         0x080a07c6        0x2 
 .text.MX_GPIO_Init
                0x080a07c8      0x138 ./Core/Src/main.o
 .text.Error_Handler
                0x080a0900        0xc ./Core/Src/main.o
                0x080a0900                Error_Handler
 .text.HAL_MspInit
                0x080a090c       0x34 ./Core/Src/stm32h7xx_hal_msp.o
                0x080a090c                HAL_MspInit
 .text.NMI_Handler
                0x080a0940        0x8 ./Core/Src/stm32h7xx_it.o
                0x080a0940                NMI_Handler
 .text.HardFault_Handler
                0x080a0948        0x8 ./Core/Src/stm32h7xx_it.o
                0x080a0948                HardFault_Handler
 .text.MemManage_Handler
                0x080a0950        0x8 ./Core/Src/stm32h7xx_it.o
                0x080a0950                MemManage_Handler
 .text.BusFault_Handler
                0x080a0958        0x8 ./Core/Src/stm32h7xx_it.o
                0x080a0958                BusFault_Handler
 .text.UsageFault_Handler
                0x080a0960        0x8 ./Core/Src/stm32h7xx_it.o
                0x080a0960                UsageFault_Handler
 .text.SVC_Handler
                0x080a0968        0xe ./Core/Src/stm32h7xx_it.o
                0x080a0968                SVC_Handler
 .text.DebugMon_Handler
                0x080a0976        0xe ./Core/Src/stm32h7xx_it.o
                0x080a0976                DebugMon_Handler
 .text.PendSV_Handler
                0x080a0984        0xe ./Core/Src/stm32h7xx_it.o
                0x080a0984                PendSV_Handler
 .text.SysTick_Handler
                0x080a0992        0xc ./Core/Src/stm32h7xx_it.o
                0x080a0992                SysTick_Handler
 .text.EXTI9_5_IRQHandler
                0x080a099e       0x10 ./Core/Src/stm32h7xx_it.o
                0x080a099e                EXTI9_5_IRQHandler
 *fill*         0x080a09ae        0x2 
 .text.OTG_HS_IRQHandler
                0x080a09b0       0x14 ./Core/Src/stm32h7xx_it.o
                0x080a09b0                OTG_HS_IRQHandler
 .text.ITM_SendChar
                0x080a09c4       0x50 ./Core/Src/syscalls.o
                0x080a09c4                ITM_SendChar
 .text._read    0x080a0a14       0x3a ./Core/Src/syscalls.o
                0x080a0a14                _read
 .text._write   0x080a0a4e       0x38 ./Core/Src/syscalls.o
                0x080a0a4e                _write
 .text._close   0x080a0a86       0x18 ./Core/Src/syscalls.o
                0x080a0a86                _close
 .text._fstat   0x080a0a9e       0x20 ./Core/Src/syscalls.o
                0x080a0a9e                _fstat
 .text._isatty  0x080a0abe       0x16 ./Core/Src/syscalls.o
                0x080a0abe                _isatty
 .text._lseek   0x080a0ad4       0x1a ./Core/Src/syscalls.o
                0x080a0ad4                _lseek
 *fill*         0x080a0aee        0x2 
 .text._sbrk    0x080a0af0       0x6c ./Core/Src/sysmem.o
                0x080a0af0                _sbrk
 .text.Reset_Handler
                0x080a0b5c       0x54 ./Core/Startup/startup_stm32h747xihx.o
                0x080a0b5c                Reset_Handler
 .text.Default_Handler
                0x080a0bb0        0x2 ./Core/Startup/startup_stm32h747xihx.o
                0x080a0bb0                RTC_Alarm_IRQHandler
                0x080a0bb0                EXTI2_IRQHandler
                0x080a0bb0                TIM8_CC_IRQHandler
                0x080a0bb0                HRTIM1_Master_IRQHandler
                0x080a0bb0                UART8_IRQHandler
                0x080a0bb0                SPI4_IRQHandler
                0x080a0bb0                TIM1_CC_IRQHandler
                0x080a0bb0                BDMA_Channel6_IRQHandler
                0x080a0bb0                DMA2_Stream5_IRQHandler
                0x080a0bb0                HRTIM1_FLT_IRQHandler
                0x080a0bb0                JPEG_IRQHandler
                0x080a0bb0                DMA1_Stream5_IRQHandler
                0x080a0bb0                BDMA_Channel1_IRQHandler
                0x080a0bb0                HRTIM1_TIMD_IRQHandler
                0x080a0bb0                TAMP_STAMP_IRQHandler
                0x080a0bb0                EXTI3_IRQHandler
                0x080a0bb0                LPTIM4_IRQHandler
                0x080a0bb0                TIM8_TRG_COM_TIM14_IRQHandler
                0x080a0bb0                LPTIM2_IRQHandler
                0x080a0bb0                DFSDM1_FLT1_IRQHandler
                0x080a0bb0                DMAMUX2_OVR_IRQHandler
                0x080a0bb0                TIM8_UP_TIM13_IRQHandler
                0x080a0bb0                I2C3_ER_IRQHandler
                0x080a0bb0                DFSDM1_FLT2_IRQHandler
                0x080a0bb0                MDMA_IRQHandler
                0x080a0bb0                LPTIM3_IRQHandler
                0x080a0bb0                HSEM1_IRQHandler
                0x080a0bb0                EXTI0_IRQHandler
                0x080a0bb0                I2C2_EV_IRQHandler
                0x080a0bb0                DMA1_Stream2_IRQHandler
                0x080a0bb0                FPU_IRQHandler
                0x080a0bb0                OTG_HS_WKUP_IRQHandler
                0x080a0bb0                FDCAN1_IT1_IRQHandler
                0x080a0bb0                LTDC_ER_IRQHandler
                0x080a0bb0                DMA2_Stream2_IRQHandler
                0x080a0bb0                HRTIM1_TIME_IRQHandler
                0x080a0bb0                SPI1_IRQHandler
                0x080a0bb0                TIM6_DAC_IRQHandler
                0x080a0bb0                DCMI_IRQHandler
                0x080a0bb0                HRTIM1_TIMC_IRQHandler
                0x080a0bb0                DMA2_Stream3_IRQHandler
                0x080a0bb0                SAI2_IRQHandler
                0x080a0bb0                DFSDM1_FLT3_IRQHandler
                0x080a0bb0                USART6_IRQHandler
                0x080a0bb0                TIM17_IRQHandler
                0x080a0bb0                USART3_IRQHandler
                0x080a0bb0                BDMA_Channel7_IRQHandler
                0x080a0bb0                LPTIM5_IRQHandler
                0x080a0bb0                UART5_IRQHandler
                0x080a0bb0                ADC3_IRQHandler
                0x080a0bb0                DMA2_Stream0_IRQHandler
                0x080a0bb0                TIM4_IRQHandler
                0x080a0bb0                BDMA_Channel2_IRQHandler
                0x080a0bb0                QUADSPI_IRQHandler
                0x080a0bb0                I2C1_EV_IRQHandler
                0x080a0bb0                DMA1_Stream6_IRQHandler
                0x080a0bb0                DMAMUX1_OVR_IRQHandler
                0x080a0bb0                DMA1_Stream1_IRQHandler
                0x080a0bb0                TIM16_IRQHandler
                0x080a0bb0                UART4_IRQHandler
                0x080a0bb0                BDMA_Channel5_IRQHandler
                0x080a0bb0                TIM3_IRQHandler
                0x080a0bb0                RCC_IRQHandler
                0x080a0bb0                TIM8_BRK_TIM12_IRQHandler
                0x080a0bb0                TIM1_TRG_COM_IRQHandler
                0x080a0bb0                Default_Handler
                0x080a0bb0                ECC_IRQHandler
                0x080a0bb0                CEC_IRQHandler
                0x080a0bb0                EXTI15_10_IRQHandler
                0x080a0bb0                BDMA_Channel0_IRQHandler
                0x080a0bb0                ADC_IRQHandler
                0x080a0bb0                DMA1_Stream7_IRQHandler
                0x080a0bb0                HRTIM1_TIMA_IRQHandler
                0x080a0bb0                SPI5_IRQHandler
                0x080a0bb0                TIM7_IRQHandler
                0x080a0bb0                SDMMC1_IRQHandler
                0x080a0bb0                TIM5_IRQHandler
                0x080a0bb0                DMA2_Stream7_IRQHandler
                0x080a0bb0                TIM15_IRQHandler
                0x080a0bb0                PVD_AVD_IRQHandler
                0x080a0bb0                I2C3_EV_IRQHandler
                0x080a0bb0                RTC_WKUP_IRQHandler
                0x080a0bb0                LTDC_IRQHandler
                0x080a0bb0                SAI3_IRQHandler
                0x080a0bb0                ETH_WKUP_IRQHandler
                0x080a0bb0                SPDIF_RX_IRQHandler
                0x080a0bb0                SPI2_IRQHandler
                0x080a0bb0                OTG_HS_EP1_IN_IRQHandler
                0x080a0bb0                DMA1_Stream0_IRQHandler
                0x080a0bb0                CRS_IRQHandler
                0x080a0bb0                CM7_SEV_IRQHandler
                0x080a0bb0                EXTI4_IRQHandler
                0x080a0bb0                RNG_IRQHandler
                0x080a0bb0                CM4_SEV_IRQHandler
                0x080a0bb0                HRTIM1_TIMB_IRQHandler
                0x080a0bb0                FDCAN2_IT1_IRQHandler
                0x080a0bb0                DSI_IRQHandler
                0x080a0bb0                ETH_IRQHandler
                0x080a0bb0                TIM1_UP_IRQHandler
                0x080a0bb0                WWDG_RST_IRQHandler
                0x080a0bb0                BDMA_Channel4_IRQHandler
                0x080a0bb0                OTG_HS_EP1_OUT_IRQHandler
                0x080a0bb0                WWDG_IRQHandler
                0x080a0bb0                SPI6_IRQHandler
                0x080a0bb0                MDIOS_IRQHandler
                0x080a0bb0                I2C4_EV_IRQHandler
                0x080a0bb0                FDCAN2_IT0_IRQHandler
                0x080a0bb0                LPUART1_IRQHandler
                0x080a0bb0                FDCAN1_IT0_IRQHandler
                0x080a0bb0                TIM2_IRQHandler
                0x080a0bb0                OTG_FS_WKUP_IRQHandler
                0x080a0bb0                HSEM2_IRQHandler
                0x080a0bb0                DMA2D_IRQHandler
                0x080a0bb0                TIM1_BRK_IRQHandler
                0x080a0bb0                EXTI1_IRQHandler
                0x080a0bb0                SDMMC2_IRQHandler
                0x080a0bb0                OTG_FS_EP1_OUT_IRQHandler
                0x080a0bb0                BDMA_Channel3_IRQHandler
                0x080a0bb0                HOLD_CORE_IRQHandler
                0x080a0bb0                UART7_IRQHandler
                0x080a0bb0                MDIOS_WKUP_IRQHandler
                0x080a0bb0                USART2_IRQHandler
                0x080a0bb0                DFSDM1_FLT0_IRQHandler
                0x080a0bb0                SAI4_IRQHandler
                0x080a0bb0                I2C2_ER_IRQHandler
                0x080a0bb0                DMA2_Stream1_IRQHandler
                0x080a0bb0                FLASH_IRQHandler
                0x080a0bb0                DMA2_Stream4_IRQHandler
                0x080a0bb0                USART1_IRQHandler
                0x080a0bb0                OTG_FS_IRQHandler
                0x080a0bb0                SPI3_IRQHandler
                0x080a0bb0                WAKEUP_PIN_IRQHandler
                0x080a0bb0                DMA1_Stream4_IRQHandler
                0x080a0bb0                OTG_FS_EP1_IN_IRQHandler
                0x080a0bb0                I2C1_ER_IRQHandler
                0x080a0bb0                FMC_IRQHandler
                0x080a0bb0                FDCAN_CAL_IRQHandler
                0x080a0bb0                SWPMI1_IRQHandler
                0x080a0bb0                COMP1_IRQHandler
                0x080a0bb0                LPTIM1_IRQHandler
                0x080a0bb0                I2C4_ER_IRQHandler
                0x080a0bb0                DMA2_Stream6_IRQHandler
                0x080a0bb0                SAI1_IRQHandler
                0x080a0bb0                DMA1_Stream3_IRQHandler
 *fill*         0x080a0bb2        0x2 
 .text.HAL_Init
                0x080a0bb4       0x78 ./Drivers/STM32H7xx_HAL_Driver/stm32h7xx_hal.o
                0x080a0bb4                HAL_Init
 .text.HAL_InitTick
                0x080a0c2c       0x6c ./Drivers/STM32H7xx_HAL_Driver/stm32h7xx_hal.o
                0x080a0c2c                HAL_InitTick
 .text.HAL_IncTick
                0x080a0c98       0x28 ./Drivers/STM32H7xx_HAL_Driver/stm32h7xx_hal.o
                0x080a0c98                HAL_IncTick
 .text.HAL_GetTick
                0x080a0cc0       0x18 ./Drivers/STM32H7xx_HAL_Driver/stm32h7xx_hal.o
                0x080a0cc0                HAL_GetTick
 .text.HAL_Delay
                0x080a0cd8       0x48 ./Drivers/STM32H7xx_HAL_Driver/stm32h7xx_hal.o
                0x080a0cd8                HAL_Delay
 .text.HAL_GetREVID
                0x080a0d20       0x18 ./Drivers/STM32H7xx_HAL_Driver/stm32h7xx_hal.o
                0x080a0d20                HAL_GetREVID
 .text.__NVIC_SetPriorityGrouping
                0x080a0d38       0x48 ./Drivers/STM32H7xx_HAL_Driver/stm32h7xx_hal_cortex.o
 .text.__NVIC_GetPriorityGrouping
                0x080a0d80       0x1c ./Drivers/STM32H7xx_HAL_Driver/stm32h7xx_hal_cortex.o
 .text.__NVIC_EnableIRQ
                0x080a0d9c       0x3c ./Drivers/STM32H7xx_HAL_Driver/stm32h7xx_hal_cortex.o
 .text.__NVIC_SetPriority
                0x080a0dd8       0x54 ./Drivers/STM32H7xx_HAL_Driver/stm32h7xx_hal_cortex.o
 .text.NVIC_EncodePriority
                0x080a0e2c       0x66 ./Drivers/STM32H7xx_HAL_Driver/stm32h7xx_hal_cortex.o
 *fill*         0x080a0e92        0x2 
 .text.SysTick_Config
                0x080a0e94       0x44 ./Drivers/STM32H7xx_HAL_Driver/stm32h7xx_hal_cortex.o
 .text.HAL_NVIC_SetPriorityGrouping
                0x080a0ed8       0x16 ./Drivers/STM32H7xx_HAL_Driver/stm32h7xx_hal_cortex.o
                0x080a0ed8                HAL_NVIC_SetPriorityGrouping
 .text.HAL_NVIC_SetPriority
                0x080a0eee       0x34 ./Drivers/STM32H7xx_HAL_Driver/stm32h7xx_hal_cortex.o
                0x080a0eee                HAL_NVIC_SetPriority
 .text.HAL_NVIC_EnableIRQ
                0x080a0f22       0x1c ./Drivers/STM32H7xx_HAL_Driver/stm32h7xx_hal_cortex.o
                0x080a0f22                HAL_NVIC_EnableIRQ
 .text.HAL_SYSTICK_Config
                0x080a0f3e       0x18 ./Drivers/STM32H7xx_HAL_Driver/stm32h7xx_hal_cortex.o
                0x080a0f3e                HAL_SYSTICK_Config
 *fill*         0x080a0f56        0x2 
 .text.HAL_GPIO_Init
                0x080a0f58      0x360 ./Drivers/STM32H7xx_HAL_Driver/stm32h7xx_hal_gpio.o
                0x080a0f58                HAL_GPIO_Init
 .text.HAL_GPIO_WritePin
                0x080a12b8       0x32 ./Drivers/STM32H7xx_HAL_Driver/stm32h7xx_hal_gpio.o
                0x080a12b8                HAL_GPIO_WritePin
 .text.HAL_GPIO_TogglePin
                0x080a12ea       0x34 ./Drivers/STM32H7xx_HAL_Driver/stm32h7xx_hal_gpio.o
                0x080a12ea                HAL_GPIO_TogglePin
 .text.HAL_GPIO_EXTI_IRQHandler
                0x080a131e       0x34 ./Drivers/STM32H7xx_HAL_Driver/stm32h7xx_hal_gpio.o
                0x080a131e                HAL_GPIO_EXTI_IRQHandler
 *fill*         0x080a1352        0x2 
 .text.HAL_HSEM_FastTake
                0x080a1354       0x34 ./Drivers/STM32H7xx_HAL_Driver/stm32h7xx_hal_hsem.o
                0x080a1354                HAL_HSEM_FastTake
 .text.HAL_HSEM_Release
                0x080a1388       0x28 ./Drivers/STM32H7xx_HAL_Driver/stm32h7xx_hal_hsem.o
                0x080a1388                HAL_HSEM_Release
 .text.HAL_PCD_Init
                0x080a13b0      0x218 ./Drivers/STM32H7xx_HAL_Driver/stm32h7xx_hal_pcd.o
                0x080a13b0                HAL_PCD_Init
 .text.HAL_PCD_Start
                0x080a15c8       0x6a ./Drivers/STM32H7xx_HAL_Driver/stm32h7xx_hal_pcd.o
                0x080a15c8                HAL_PCD_Start
 .text.HAL_PCD_IRQHandler
                0x080a1632      0x99c ./Drivers/STM32H7xx_HAL_Driver/stm32h7xx_hal_pcd.o
                0x080a1632                HAL_PCD_IRQHandler
 .text.HAL_PCD_SetAddress
                0x080a1fce       0x48 ./Drivers/STM32H7xx_HAL_Driver/stm32h7xx_hal_pcd.o
                0x080a1fce                HAL_PCD_SetAddress
 .text.HAL_PCD_EP_Open
                0x080a2016       0xd4 ./Drivers/STM32H7xx_HAL_Driver/stm32h7xx_hal_pcd.o
                0x080a2016                HAL_PCD_EP_Open
 .text.HAL_PCD_EP_Close
                0x080a20ea       0x94 ./Drivers/STM32H7xx_HAL_Driver/stm32h7xx_hal_pcd.o
                0x080a20ea                HAL_PCD_EP_Close
 .text.HAL_PCD_EP_Receive
                0x080a217e       0x76 ./Drivers/STM32H7xx_HAL_Driver/stm32h7xx_hal_pcd.o
                0x080a217e                HAL_PCD_EP_Receive
 .text.HAL_PCD_EP_GetRxCount
                0x080a21f4       0x30 ./Drivers/STM32H7xx_HAL_Driver/stm32h7xx_hal_pcd.o
                0x080a21f4                HAL_PCD_EP_GetRxCount
 .text.HAL_PCD_EP_Transmit
                0x080a2224       0x74 ./Drivers/STM32H7xx_HAL_Driver/stm32h7xx_hal_pcd.o
                0x080a2224                HAL_PCD_EP_Transmit
 .text.HAL_PCD_EP_SetStall
                0x080a2298       0xc6 ./Drivers/STM32H7xx_HAL_Driver/stm32h7xx_hal_pcd.o
                0x080a2298                HAL_PCD_EP_SetStall
 .text.HAL_PCD_EP_ClrStall
                0x080a235e       0xac ./Drivers/STM32H7xx_HAL_Driver/stm32h7xx_hal_pcd.o
                0x080a235e                HAL_PCD_EP_ClrStall
 .text.HAL_PCD_EP_Abort
                0x080a240a       0x62 ./Drivers/STM32H7xx_HAL_Driver/stm32h7xx_hal_pcd.o
                0x080a240a                HAL_PCD_EP_Abort
 .text.PCD_WriteEmptyTxFifo
                0x080a246c      0x118 ./Drivers/STM32H7xx_HAL_Driver/stm32h7xx_hal_pcd.o
 .text.PCD_EP_OutXfrComplete_int
                0x080a2584      0x1d0 ./Drivers/STM32H7xx_HAL_Driver/stm32h7xx_hal_pcd.o
 .text.PCD_EP_OutSetupPacket_int
                0x080a2754       0x8c ./Drivers/STM32H7xx_HAL_Driver/stm32h7xx_hal_pcd.o
 .text.HAL_PCDEx_SetTxFiFo
                0x080a27e0       0x8e ./Drivers/STM32H7xx_HAL_Driver/stm32h7xx_hal_pcd_ex.o
                0x080a27e0                HAL_PCDEx_SetTxFiFo
 .text.HAL_PCDEx_SetRxFiFo
                0x080a286e       0x22 ./Drivers/STM32H7xx_HAL_Driver/stm32h7xx_hal_pcd_ex.o
                0x080a286e                HAL_PCDEx_SetRxFiFo
 .text.HAL_PCDEx_ActivateLPM
                0x080a2890       0x48 ./Drivers/STM32H7xx_HAL_Driver/stm32h7xx_hal_pcd_ex.o
                0x080a2890                HAL_PCDEx_ActivateLPM
 .text.HAL_PCDEx_LPM_Callback
                0x080a28d8       0x18 ./Drivers/STM32H7xx_HAL_Driver/stm32h7xx_hal_pcd_ex.o
                0x080a28d8                HAL_PCDEx_LPM_Callback
 .text.HAL_PWREx_ConfigSupply
                0x080a28f0       0xb4 ./Drivers/STM32H7xx_HAL_Driver/stm32h7xx_hal_pwr_ex.o
                0x080a28f0                HAL_PWREx_ConfigSupply
 .text.HAL_PWREx_EnableUSBVoltageDetector
                0x080a29a4       0x20 ./Drivers/STM32H7xx_HAL_Driver/stm32h7xx_hal_pwr_ex.o
                0x080a29a4                HAL_PWREx_EnableUSBVoltageDetector
 .text.HAL_RCC_OscConfig
                0x080a29c4      0x8b4 ./Drivers/STM32H7xx_HAL_Driver/stm32h7xx_hal_rcc.o
                0x080a29c4                HAL_RCC_OscConfig
 .text.HAL_RCC_ClockConfig
                0x080a3278      0x36c ./Drivers/STM32H7xx_HAL_Driver/stm32h7xx_hal_rcc.o
                0x080a3278                HAL_RCC_ClockConfig
 .text.HAL_RCC_MCOConfig
                0x080a35e4       0xd4 ./Drivers/STM32H7xx_HAL_Driver/stm32h7xx_hal_rcc.o
                0x080a35e4                HAL_RCC_MCOConfig
 .text.HAL_RCC_GetSysClockFreq
                0x080a36b8      0x2f4 ./Drivers/STM32H7xx_HAL_Driver/stm32h7xx_hal_rcc.o
                0x080a36b8                HAL_RCC_GetSysClockFreq
 .text.HAL_RCC_GetHCLKFreq
                0x080a39ac       0x60 ./Drivers/STM32H7xx_HAL_Driver/stm32h7xx_hal_rcc.o
                0x080a39ac                HAL_RCC_GetHCLKFreq
 .text.HAL_RCCEx_PeriphCLKConfig
                0x080a3a0c     0x1494 ./Drivers/STM32H7xx_HAL_Driver/stm32h7xx_hal_rcc_ex.o
                0x080a3a0c                HAL_RCCEx_PeriphCLKConfig
 .text.RCCEx_PLL2_Config
                0x080a4ea0      0x164 ./Drivers/STM32H7xx_HAL_Driver/stm32h7xx_hal_rcc_ex.o
 .text.RCCEx_PLL3_Config
                0x080a5004      0x164 ./Drivers/STM32H7xx_HAL_Driver/stm32h7xx_hal_rcc_ex.o
 .text.USB_CoreInit
                0x080a5168       0xe4 ./Drivers/STM32H7xx_HAL_Driver/stm32h7xx_ll_usb.o
                0x080a5168                USB_CoreInit
 .text.USB_SetTurnaroundTime
                0x080a524c      0x144 ./Drivers/STM32H7xx_HAL_Driver/stm32h7xx_ll_usb.o
                0x080a524c                USB_SetTurnaroundTime
 .text.USB_EnableGlobalInt
                0x080a5390       0x22 ./Drivers/STM32H7xx_HAL_Driver/stm32h7xx_ll_usb.o
                0x080a5390                USB_EnableGlobalInt
 .text.USB_DisableGlobalInt
                0x080a53b2       0x22 ./Drivers/STM32H7xx_HAL_Driver/stm32h7xx_ll_usb.o
                0x080a53b2                USB_DisableGlobalInt
 .text.USB_SetCurrentMode
                0x080a53d4       0x98 ./Drivers/STM32H7xx_HAL_Driver/stm32h7xx_ll_usb.o
                0x080a53d4                USB_SetCurrentMode
 .text.USB_DevInit
                0x080a546c      0x2bc ./Drivers/STM32H7xx_HAL_Driver/stm32h7xx_ll_usb.o
                0x080a546c                USB_DevInit
 .text.USB_FlushTxFifo
                0x080a5728       0x64 ./Drivers/STM32H7xx_HAL_Driver/stm32h7xx_ll_usb.o
                0x080a5728                USB_FlushTxFifo
 .text.USB_FlushRxFifo
                0x080a578c       0x5c ./Drivers/STM32H7xx_HAL_Driver/stm32h7xx_ll_usb.o
                0x080a578c                USB_FlushRxFifo
 .text.USB_SetDevSpeed
                0x080a57e8       0x32 ./Drivers/STM32H7xx_HAL_Driver/stm32h7xx_ll_usb.o
                0x080a57e8                USB_SetDevSpeed
 .text.USB_GetDevSpeed
                0x080a581a       0x4a ./Drivers/STM32H7xx_HAL_Driver/stm32h7xx_ll_usb.o
                0x080a581a                USB_GetDevSpeed
 .text.USB_ActivateEndpoint
                0x080a5864      0x110 ./Drivers/STM32H7xx_HAL_Driver/stm32h7xx_ll_usb.o
                0x080a5864                USB_ActivateEndpoint
 .text.USB_DeactivateEndpoint
                0x080a5974      0x1b8 ./Drivers/STM32H7xx_HAL_Driver/stm32h7xx_ll_usb.o
                0x080a5974                USB_DeactivateEndpoint
 .text.USB_EPStartXfer
                0x080a5b2c      0x548 ./Drivers/STM32H7xx_HAL_Driver/stm32h7xx_ll_usb.o
                0x080a5b2c                USB_EPStartXfer
 .text.USB_EPStopXfer
                0x080a6074      0x154 ./Drivers/STM32H7xx_HAL_Driver/stm32h7xx_ll_usb.o
                0x080a6074                USB_EPStopXfer
 .text.USB_WritePacket
                0x080a61c8       0x7c ./Drivers/STM32H7xx_HAL_Driver/stm32h7xx_ll_usb.o
                0x080a61c8                USB_WritePacket
 .text.USB_ReadPacket
                0x080a6244       0xb0 ./Drivers/STM32H7xx_HAL_Driver/stm32h7xx_ll_usb.o
                0x080a6244                USB_ReadPacket
 .text.USB_EPSetStall
                0x080a62f4       0xdc ./Drivers/STM32H7xx_HAL_Driver/stm32h7xx_ll_usb.o
                0x080a62f4                USB_EPSetStall
 .text.USB_EPClearStall
                0x080a63d0       0xcc ./Drivers/STM32H7xx_HAL_Driver/stm32h7xx_ll_usb.o
                0x080a63d0                USB_EPClearStall
 .text.USB_SetDevAddress
                0x080a649c       0x4c ./Drivers/STM32H7xx_HAL_Driver/stm32h7xx_ll_usb.o
                0x080a649c                USB_SetDevAddress
 .text.USB_DevConnect
                0x080a64e8       0x42 ./Drivers/STM32H7xx_HAL_Driver/stm32h7xx_ll_usb.o
                0x080a64e8                USB_DevConnect
 .text.USB_DevDisconnect
                0x080a652a       0x42 ./Drivers/STM32H7xx_HAL_Driver/stm32h7xx_ll_usb.o
                0x080a652a                USB_DevDisconnect
 .text.USB_ReadInterrupts
                0x080a656c       0x26 ./Drivers/STM32H7xx_HAL_Driver/stm32h7xx_ll_usb.o
                0x080a656c                USB_ReadInterrupts
 .text.USB_ReadDevAllOutEpInterrupt
                0x080a6592       0x34 ./Drivers/STM32H7xx_HAL_Driver/stm32h7xx_ll_usb.o
                0x080a6592                USB_ReadDevAllOutEpInterrupt
 .text.USB_ReadDevAllInEpInterrupt
                0x080a65c6       0x34 ./Drivers/STM32H7xx_HAL_Driver/stm32h7xx_ll_usb.o
                0x080a65c6                USB_ReadDevAllInEpInterrupt
 .text.USB_ReadDevOutEPInterrupt
                0x080a65fa       0x3c ./Drivers/STM32H7xx_HAL_Driver/stm32h7xx_ll_usb.o
                0x080a65fa                USB_ReadDevOutEPInterrupt
 .text.USB_ReadDevInEPInterrupt
                0x080a6636       0x5c ./Drivers/STM32H7xx_HAL_Driver/stm32h7xx_ll_usb.o
                0x080a6636                USB_ReadDevInEPInterrupt
 .text.USB_GetMode
                0x080a6692       0x1c ./Drivers/STM32H7xx_HAL_Driver/stm32h7xx_ll_usb.o
                0x080a6692                USB_GetMode
 *fill*         0x080a66ae        0x2 
 .text.USB_ActivateSetup
                0x080a66b0       0x48 ./Drivers/STM32H7xx_HAL_Driver/stm32h7xx_ll_usb.o
                0x080a66b0                USB_ActivateSetup
 .text.USB_EP0_OutStart
                0x080a66f8       0xbc ./Drivers/STM32H7xx_HAL_Driver/stm32h7xx_ll_usb.o
                0x080a66f8                USB_EP0_OutStart
 .text.USB_CoreReset
                0x080a67b4       0x62 ./Drivers/STM32H7xx_HAL_Driver/stm32h7xx_ll_usb.o
 *fill*         0x080a6816        0x2 
 .text.USBD_CDC_Init
                0x080a6818      0x1f0 ./Middlewares/ST/STM32_USB_Device_Library/usbd_cdc.o
 .text.USBD_CDC_DeInit
                0x080a6a08      0x104 ./Middlewares/ST/STM32_USB_Device_Library/usbd_cdc.o
 .text.USBD_CDC_Setup
                0x080a6b0c      0x1b8 ./Middlewares/ST/STM32_USB_Device_Library/usbd_cdc.o
 .text.USBD_CDC_DataIn
                0x080a6cc4       0xfe ./Middlewares/ST/STM32_USB_Device_Library/usbd_cdc.o
 .text.USBD_CDC_DataOut
                0x080a6dc2       0x70 ./Middlewares/ST/STM32_USB_Device_Library/usbd_cdc.o
 .text.USBD_CDC_EP0_RxReady
                0x080a6e32       0x74 ./Middlewares/ST/STM32_USB_Device_Library/usbd_cdc.o
 *fill*         0x080a6ea6        0x2 
 .text.USBD_CDC_GetFSCfgDesc
                0x080a6ea8       0x70 ./Middlewares/ST/STM32_USB_Device_Library/usbd_cdc.o
 .text.USBD_CDC_GetHSCfgDesc
                0x080a6f18       0x70 ./Middlewares/ST/STM32_USB_Device_Library/usbd_cdc.o
 .text.USBD_CDC_GetOtherSpeedCfgDesc
                0x080a6f88       0x70 ./Middlewares/ST/STM32_USB_Device_Library/usbd_cdc.o
 .text.USBD_CDC_GetDeviceQualifierDescriptor
                0x080a6ff8       0x20 ./Middlewares/ST/STM32_USB_Device_Library/usbd_cdc.o
                0x080a6ff8                USBD_CDC_GetDeviceQualifierDescriptor
 .text.USBD_CDC_RegisterInterface
                0x080a7018       0x34 ./Middlewares/ST/STM32_USB_Device_Library/usbd_cdc.o
                0x080a7018                USBD_CDC_RegisterInterface
 .text.USBD_CDC_SetTxBuffer
                0x080a704c       0x44 ./Middlewares/ST/STM32_USB_Device_Library/usbd_cdc.o
                0x080a704c                USBD_CDC_SetTxBuffer
 .text.USBD_CDC_SetRxBuffer
                0x080a7090       0x3a ./Middlewares/ST/STM32_USB_Device_Library/usbd_cdc.o
                0x080a7090                USBD_CDC_SetRxBuffer
 *fill*         0x080a70ca        0x2 
 .text.USBD_CDC_ReceivePacket
                0x080a70cc       0x6c ./Middlewares/ST/STM32_USB_Device_Library/usbd_cdc.o
                0x080a70cc                USBD_CDC_ReceivePacket
 .text.USBD_Init
                0x080a7138       0x60 ./Middlewares/ST/STM32_USB_Device_Library/usbd_core.o
                0x080a7138                USBD_Init
 .text.USBD_RegisterClass
                0x080a7198       0x6c ./Middlewares/ST/STM32_USB_Device_Library/usbd_core.o
                0x080a7198                USBD_RegisterClass
 .text.USBD_Start
                0x080a7204       0x18 ./Middlewares/ST/STM32_USB_Device_Library/usbd_core.o
                0x080a7204                USBD_Start
 .text.USBD_RunTestMode
                0x080a721c       0x16 ./Middlewares/ST/STM32_USB_Device_Library/usbd_core.o
                0x080a721c                USBD_RunTestMode
 .text.USBD_SetClassConfig
                0x080a7232       0x38 ./Middlewares/ST/STM32_USB_Device_Library/usbd_core.o
                0x080a7232                USBD_SetClassConfig
 .text.USBD_ClrClassConfig
                0x080a726a       0x34 ./Middlewares/ST/STM32_USB_Device_Library/usbd_core.o
                0x080a726a                USBD_ClrClassConfig
 .text.USBD_LL_SetupStage
                0x080a729e       0xaa ./Middlewares/ST/STM32_USB_Device_Library/usbd_core.o
                0x080a729e                USBD_LL_SetupStage
 .text.USBD_LL_DataOutStage
                0x080a7348      0x166 ./Middlewares/ST/STM32_USB_Device_Library/usbd_core.o
                0x080a7348                USBD_LL_DataOutStage
 .text.USBD_LL_DataInStage
                0x080a74ae      0x164 ./Middlewares/ST/STM32_USB_Device_Library/usbd_core.o
                0x080a74ae                USBD_LL_DataInStage
 .text.USBD_LL_Reset
                0x080a7612       0xa4 ./Middlewares/ST/STM32_USB_Device_Library/usbd_core.o
                0x080a7612                USBD_LL_Reset
 .text.USBD_LL_SetSpeed
                0x080a76b6       0x20 ./Middlewares/ST/STM32_USB_Device_Library/usbd_core.o
                0x080a76b6                USBD_LL_SetSpeed
 .text.USBD_LL_Suspend
                0x080a76d6       0x38 ./Middlewares/ST/STM32_USB_Device_Library/usbd_core.o
                0x080a76d6                USBD_LL_Suspend
 .text.USBD_LL_Resume
                0x080a770e       0x30 ./Middlewares/ST/STM32_USB_Device_Library/usbd_core.o
                0x080a770e                USBD_LL_Resume
 .text.USBD_LL_SOF
                0x080a773e       0x40 ./Middlewares/ST/STM32_USB_Device_Library/usbd_core.o
                0x080a773e                USBD_LL_SOF
 .text.USBD_LL_IsoINIncomplete
                0x080a777e       0x64 ./Middlewares/ST/STM32_USB_Device_Library/usbd_core.o
                0x080a777e                USBD_LL_IsoINIncomplete
 .text.USBD_LL_IsoOUTIncomplete
                0x080a77e2       0x64 ./Middlewares/ST/STM32_USB_Device_Library/usbd_core.o
                0x080a77e2                USBD_LL_IsoOUTIncomplete
 .text.USBD_LL_DevConnected
                0x080a7846       0x16 ./Middlewares/ST/STM32_USB_Device_Library/usbd_core.o
                0x080a7846                USBD_LL_DevConnected
 .text.USBD_LL_DevDisconnected
                0x080a785c       0x46 ./Middlewares/ST/STM32_USB_Device_Library/usbd_core.o
                0x080a785c                USBD_LL_DevDisconnected
 .text.USBD_CoreFindIF
                0x080a78a2       0x1a ./Middlewares/ST/STM32_USB_Device_Library/usbd_core.o
                0x080a78a2                USBD_CoreFindIF
 .text.USBD_CoreFindEP
                0x080a78bc       0x1a ./Middlewares/ST/STM32_USB_Device_Library/usbd_core.o
                0x080a78bc                USBD_CoreFindEP
 .text.USBD_GetEpDesc
                0x080a78d6       0x70 ./Middlewares/ST/STM32_USB_Device_Library/usbd_core.o
                0x080a78d6                USBD_GetEpDesc
 .text.USBD_GetNextDesc
                0x080a7946       0x38 ./Middlewares/ST/STM32_USB_Device_Library/usbd_core.o
                0x080a7946                USBD_GetNextDesc
 .text.SWAPBYTE
                0x080a797e       0x3e ./Middlewares/ST/STM32_USB_Device_Library/usbd_ctlreq.o
 .text.USBD_StdDevReq
                0x080a79bc       0xe4 ./Middlewares/ST/STM32_USB_Device_Library/usbd_ctlreq.o
                0x080a79bc                USBD_StdDevReq
 .text.USBD_StdItfReq
                0x080a7aa0       0xd8 ./Middlewares/ST/STM32_USB_Device_Library/usbd_ctlreq.o
                0x080a7aa0                USBD_StdItfReq
 .text.USBD_StdEPReq
                0x080a7b78      0x33a ./Middlewares/ST/STM32_USB_Device_Library/usbd_ctlreq.o
                0x080a7b78                USBD_StdEPReq
 *fill*         0x080a7eb2        0x2 
 .text.USBD_GetDescriptor
                0x080a7eb4      0x328 ./Middlewares/ST/STM32_USB_Device_Library/usbd_ctlreq.o
 .text.USBD_SetAddress
                0x080a81dc       0x88 ./Middlewares/ST/STM32_USB_Device_Library/usbd_ctlreq.o
 .text.USBD_SetConfig
                0x080a8264      0x154 ./Middlewares/ST/STM32_USB_Device_Library/usbd_ctlreq.o
 .text.USBD_GetConfig
                0x080a83b8       0x6c ./Middlewares/ST/STM32_USB_Device_Library/usbd_ctlreq.o
 .text.USBD_GetStatus
                0x080a8424       0x68 ./Middlewares/ST/STM32_USB_Device_Library/usbd_ctlreq.o
 .text.USBD_SetFeature
                0x080a848c       0x52 ./Middlewares/ST/STM32_USB_Device_Library/usbd_ctlreq.o
 .text.USBD_ClrFeature
                0x080a84de       0x44 ./Middlewares/ST/STM32_USB_Device_Library/usbd_ctlreq.o
 .text.USBD_ParseSetupRequest
                0x080a8522       0x74 ./Middlewares/ST/STM32_USB_Device_Library/usbd_ctlreq.o
                0x080a8522                USBD_ParseSetupRequest
 .text.USBD_CtlError
                0x080a8596       0x22 ./Middlewares/ST/STM32_USB_Device_Library/usbd_ctlreq.o
                0x080a8596                USBD_CtlError
 .text.USBD_GetString
                0x080a85b8       0xa4 ./Middlewares/ST/STM32_USB_Device_Library/usbd_ctlreq.o
                0x080a85b8                USBD_GetString
 .text.USBD_GetLen
                0x080a865c       0x34 ./Middlewares/ST/STM32_USB_Device_Library/usbd_ctlreq.o
 .text.USBD_CtlSendData
                0x080a8690       0x36 ./Middlewares/ST/STM32_USB_Device_Library/usbd_ioreq.o
                0x080a8690                USBD_CtlSendData
 .text.USBD_CtlContinueSendData
                0x080a86c6       0x22 ./Middlewares/ST/STM32_USB_Device_Library/usbd_ioreq.o
                0x080a86c6                USBD_CtlContinueSendData
 .text.USBD_CtlPrepareRx
                0x080a86e8       0x3a ./Middlewares/ST/STM32_USB_Device_Library/usbd_ioreq.o
                0x080a86e8                USBD_CtlPrepareRx
 .text.USBD_CtlContinueRx
                0x080a8722       0x22 ./Middlewares/ST/STM32_USB_Device_Library/usbd_ioreq.o
                0x080a8722                USBD_CtlContinueRx
 .text.USBD_CtlSendStatus
                0x080a8744       0x26 ./Middlewares/ST/STM32_USB_Device_Library/usbd_ioreq.o
                0x080a8744                USBD_CtlSendStatus
 .text.USBD_CtlReceiveStatus
                0x080a876a       0x26 ./Middlewares/ST/STM32_USB_Device_Library/usbd_ioreq.o
                0x080a876a                USBD_CtlReceiveStatus
 .text.MX_USB_DEVICE_Init
                0x080a8790       0x64 ./USB_DEVICE/App/usb_device.o
                0x080a8790                MX_USB_DEVICE_Init
 .text.CDC_Init_HS
                0x080a87f4       0x28 ./USB_DEVICE/App/usbd_cdc_if.o
 .text.CDC_DeInit_HS
                0x080a881c       0x10 ./USB_DEVICE/App/usbd_cdc_if.o
 .text.CDC_Control_HS
                0x080a882c       0xbc ./USB_DEVICE/App/usbd_cdc_if.o
 .text.CDC_Receive_HS
                0x080a88e8       0x28 ./USB_DEVICE/App/usbd_cdc_if.o
 .text.CDC_TransmitCplt_HS
                0x080a8910       0x22 ./USB_DEVICE/App/usbd_cdc_if.o
 *fill*         0x080a8932        0x2 
 .text.USBD_HS_DeviceDescriptor
                0x080a8934       0x24 ./USB_DEVICE/App/usbd_desc.o
                0x080a8934                USBD_HS_DeviceDescriptor
 .text.USBD_HS_LangIDStrDescriptor
                0x080a8958       0x24 ./USB_DEVICE/App/usbd_desc.o
                0x080a8958                USBD_HS_LangIDStrDescriptor
 .text.USBD_HS_ProductStrDescriptor
                0x080a897c       0x3c ./USB_DEVICE/App/usbd_desc.o
                0x080a897c                USBD_HS_ProductStrDescriptor
 .text.USBD_HS_ManufacturerStrDescriptor
                0x080a89b8       0x28 ./USB_DEVICE/App/usbd_desc.o
                0x080a89b8                USBD_HS_ManufacturerStrDescriptor
 .text.USBD_HS_SerialStrDescriptor
                0x080a89e0       0x24 ./USB_DEVICE/App/usbd_desc.o
                0x080a89e0                USBD_HS_SerialStrDescriptor
 .text.USBD_HS_ConfigStrDescriptor
                0x080a8a04       0x3c ./USB_DEVICE/App/usbd_desc.o
                0x080a8a04                USBD_HS_ConfigStrDescriptor
 .text.USBD_HS_InterfaceStrDescriptor
                0x080a8a40       0x3c ./USB_DEVICE/App/usbd_desc.o
                0x080a8a40                USBD_HS_InterfaceStrDescriptor
 .text.Get_SerialNum
                0x080a8a7c       0x58 ./USB_DEVICE/App/usbd_desc.o
 .text.IntToUnicode
                0x080a8ad4       0x7e ./USB_DEVICE/App/usbd_desc.o
 *fill*         0x080a8b52        0x2 
 .text.HAL_PCD_MspInit
                0x080a8b54      0x24c ./USB_DEVICE/Target/usbd_conf.o
                0x080a8b54                HAL_PCD_MspInit
 .text.HAL_PCD_SetupStageCallback
                0x080a8da0       0x24 ./USB_DEVICE/Target/usbd_conf.o
                0x080a8da0                HAL_PCD_SetupStageCallback
 .text.HAL_PCD_DataOutStageCallback
                0x080a8dc4       0x36 ./USB_DEVICE/Target/usbd_conf.o
                0x080a8dc4                HAL_PCD_DataOutStageCallback
 .text.HAL_PCD_DataInStageCallback
                0x080a8dfa       0x34 ./USB_DEVICE/Target/usbd_conf.o
                0x080a8dfa                HAL_PCD_DataInStageCallback
 .text.HAL_PCD_SOFCallback
                0x080a8e2e       0x1c ./USB_DEVICE/Target/usbd_conf.o
                0x080a8e2e                HAL_PCD_SOFCallback
 .text.HAL_PCD_ResetCallback
                0x080a8e4a       0x50 ./USB_DEVICE/Target/usbd_conf.o
                0x080a8e4a                HAL_PCD_ResetCallback
 *fill*         0x080a8e9a        0x2 
 .text.HAL_PCD_SuspendCallback
                0x080a8e9c       0x4c ./USB_DEVICE/Target/usbd_conf.o
                0x080a8e9c                HAL_PCD_SuspendCallback
 .text.HAL_PCD_ResumeCallback
                0x080a8ee8       0x1c ./USB_DEVICE/Target/usbd_conf.o
                0x080a8ee8                HAL_PCD_ResumeCallback
 .text.HAL_PCD_ISOOUTIncompleteCallback
                0x080a8f04       0x24 ./USB_DEVICE/Target/usbd_conf.o
                0x080a8f04                HAL_PCD_ISOOUTIncompleteCallback
 .text.HAL_PCD_ISOINIncompleteCallback
                0x080a8f28       0x24 ./USB_DEVICE/Target/usbd_conf.o
                0x080a8f28                HAL_PCD_ISOINIncompleteCallback
 .text.HAL_PCD_ConnectCallback
                0x080a8f4c       0x1c ./USB_DEVICE/Target/usbd_conf.o
                0x080a8f4c                HAL_PCD_ConnectCallback
 .text.HAL_PCD_DisconnectCallback
                0x080a8f68       0x1c ./USB_DEVICE/Target/usbd_conf.o
                0x080a8f68                HAL_PCD_DisconnectCallback
 .text.USBD_LL_Init
                0x080a8f84       0xa4 ./USB_DEVICE/Target/usbd_conf.o
                0x080a8f84                USBD_LL_Init
 .text.USBD_LL_Start
                0x080a9028       0x36 ./USB_DEVICE/Target/usbd_conf.o
                0x080a9028                USBD_LL_Start
 .text.USBD_LL_OpenEP
                0x080a905e       0x4c ./USB_DEVICE/Target/usbd_conf.o
                0x080a905e                USBD_LL_OpenEP
 .text.USBD_LL_CloseEP
                0x080a90aa       0x3e ./USB_DEVICE/Target/usbd_conf.o
                0x080a90aa                USBD_LL_CloseEP
 .text.USBD_LL_StallEP
                0x080a90e8       0x3e ./USB_DEVICE/Target/usbd_conf.o
                0x080a90e8                USBD_LL_StallEP
 .text.USBD_LL_ClearStallEP
                0x080a9126       0x3e ./USB_DEVICE/Target/usbd_conf.o
                0x080a9126                USBD_LL_ClearStallEP
 .text.USBD_LL_IsStallEP
                0x080a9164       0x58 ./USB_DEVICE/Target/usbd_conf.o
                0x080a9164                USBD_LL_IsStallEP
 .text.USBD_LL_SetUSBAddress
                0x080a91bc       0x3e ./USB_DEVICE/Target/usbd_conf.o
                0x080a91bc                USBD_LL_SetUSBAddress
 .text.USBD_LL_Transmit
                0x080a91fa       0x42 ./USB_DEVICE/Target/usbd_conf.o
                0x080a91fa                USBD_LL_Transmit
 .text.USBD_LL_PrepareReceive
                0x080a923c       0x42 ./USB_DEVICE/Target/usbd_conf.o
                0x080a923c                USBD_LL_PrepareReceive
 .text.USBD_LL_GetRxDataSize
                0x080a927e       0x26 ./USB_DEVICE/Target/usbd_conf.o
                0x080a927e                USBD_LL_GetRxDataSize
 .text.USBD_static_malloc
                0x080a92a4       0x1c ./USB_DEVICE/Target/usbd_conf.o
                0x080a92a4                USBD_static_malloc
 .text.USBD_static_free
                0x080a92c0       0x14 ./USB_DEVICE/Target/usbd_conf.o
                0x080a92c0                USBD_static_free
 .text.USBD_Get_USB_Status
                0x080a92d4       0x58 ./USB_DEVICE/Target/usbd_conf.o
                0x080a92d4                USBD_Get_USB_Status
 .text.std      0x080a932c       0x6c C:/ST/STM32CubeIDE_1.19.0/STM32CubeIDE/plugins/com.st.stm32cube.ide.mcu.externaltools.gnu-tools-for-stm32.13.3.rel1.win32_1.0.0.202411081344/tools/bin/../lib/gcc/arm-none-eabi/13.3.1/../../../../arm-none-eabi/lib/thumb/v7e-m+dp/hard\libc_nano.a(libc_a-findfp.o)
 .text.stdio_exit_handler
                0x080a9398       0x18 C:/ST/STM32CubeIDE_1.19.0/STM32CubeIDE/plugins/com.st.stm32cube.ide.mcu.externaltools.gnu-tools-for-stm32.13.3.rel1.win32_1.0.0.202411081344/tools/bin/../lib/gcc/arm-none-eabi/13.3.1/../../../../arm-none-eabi/lib/thumb/v7e-m+dp/hard\libc_nano.a(libc_a-findfp.o)
 .text.cleanup_stdio
                0x080a93b0       0x40 C:/ST/STM32CubeIDE_1.19.0/STM32CubeIDE/plugins/com.st.stm32cube.ide.mcu.externaltools.gnu-tools-for-stm32.13.3.rel1.win32_1.0.0.202411081344/tools/bin/../lib/gcc/arm-none-eabi/13.3.1/../../../../arm-none-eabi/lib/thumb/v7e-m+dp/hard\libc_nano.a(libc_a-findfp.o)
 .text.global_stdio_init.part.0
                0x080a93f0       0x3c C:/ST/STM32CubeIDE_1.19.0/STM32CubeIDE/plugins/com.st.stm32cube.ide.mcu.externaltools.gnu-tools-for-stm32.13.3.rel1.win32_1.0.0.202411081344/tools/bin/../lib/gcc/arm-none-eabi/13.3.1/../../../../arm-none-eabi/lib/thumb/v7e-m+dp/hard\libc_nano.a(libc_a-findfp.o)
 .text.__sfp_lock_acquire
                0x080a942c        0xc C:/ST/STM32CubeIDE_1.19.0/STM32CubeIDE/plugins/com.st.stm32cube.ide.mcu.externaltools.gnu-tools-for-stm32.13.3.rel1.win32_1.0.0.202411081344/tools/bin/../lib/gcc/arm-none-eabi/13.3.1/../../../../arm-none-eabi/lib/thumb/v7e-m+dp/hard\libc_nano.a(libc_a-findfp.o)
                0x080a942c                __sfp_lock_acquire
 .text.__sfp_lock_release
                0x080a9438        0xc C:/ST/STM32CubeIDE_1.19.0/STM32CubeIDE/plugins/com.st.stm32cube.ide.mcu.externaltools.gnu-tools-for-stm32.13.3.rel1.win32_1.0.0.202411081344/tools/bin/../lib/gcc/arm-none-eabi/13.3.1/../../../../arm-none-eabi/lib/thumb/v7e-m+dp/hard\libc_nano.a(libc_a-findfp.o)
                0x080a9438                __sfp_lock_release
 .text.__sinit  0x080a9444       0x30 C:/ST/STM32CubeIDE_1.19.0/STM32CubeIDE/plugins/com.st.stm32cube.ide.mcu.externaltools.gnu-tools-for-stm32.13.3.rel1.win32_1.0.0.202411081344/tools/bin/../lib/gcc/arm-none-eabi/13.3.1/../../../../arm-none-eabi/lib/thumb/v7e-m+dp/hard\libc_nano.a(libc_a-findfp.o)
                0x080a9444                __sinit
 .text._fwalk_sglue
                0x080a9474       0x3c C:/ST/STM32CubeIDE_1.19.0/STM32CubeIDE/plugins/com.st.stm32cube.ide.mcu.externaltools.gnu-tools-for-stm32.13.3.rel1.win32_1.0.0.202411081344/tools/bin/../lib/gcc/arm-none-eabi/13.3.1/../../../../arm-none-eabi/lib/thumb/v7e-m+dp/hard\libc_nano.a(libc_a-fwalk.o)
                0x080a9474                _fwalk_sglue
 .text.printf   0x080a94b0       0x24 C:/ST/STM32CubeIDE_1.19.0/STM32CubeIDE/plugins/com.st.stm32cube.ide.mcu.externaltools.gnu-tools-for-stm32.13.3.rel1.win32_1.0.0.202411081344/tools/bin/../lib/gcc/arm-none-eabi/13.3.1/../../../../arm-none-eabi/lib/thumb/v7e-m+dp/hard\libc_nano.a(libc_a-printf.o)
                0x080a94b0                iprintf
                0x080a94b0                printf
 .text.__sread  0x080a94d4       0x22 C:/ST/STM32CubeIDE_1.19.0/STM32CubeIDE/plugins/com.st.stm32cube.ide.mcu.externaltools.gnu-tools-for-stm32.13.3.rel1.win32_1.0.0.202411081344/tools/bin/../lib/gcc/arm-none-eabi/13.3.1/../../../../arm-none-eabi/lib/thumb/v7e-m+dp/hard\libc_nano.a(libc_a-stdio.o)
                0x080a94d4                __sread
 .text.__swrite
                0x080a94f6       0x38 C:/ST/STM32CubeIDE_1.19.0/STM32CubeIDE/plugins/com.st.stm32cube.ide.mcu.externaltools.gnu-tools-for-stm32.13.3.rel1.win32_1.0.0.202411081344/tools/bin/../lib/gcc/arm-none-eabi/13.3.1/../../../../arm-none-eabi/lib/thumb/v7e-m+dp/hard\libc_nano.a(libc_a-stdio.o)
                0x080a94f6                __swrite
 .text.__sseek  0x080a952e       0x24 C:/ST/STM32CubeIDE_1.19.0/STM32CubeIDE/plugins/com.st.stm32cube.ide.mcu.externaltools.gnu-tools-for-stm32.13.3.rel1.win32_1.0.0.202411081344/tools/bin/../lib/gcc/arm-none-eabi/13.3.1/../../../../arm-none-eabi/lib/thumb/v7e-m+dp/hard\libc_nano.a(libc_a-stdio.o)
                0x080a952e                __sseek
 .text.__sclose
                0x080a9552        0x8 C:/ST/STM32CubeIDE_1.19.0/STM32CubeIDE/plugins/com.st.stm32cube.ide.mcu.externaltools.gnu-tools-for-stm32.13.3.rel1.win32_1.0.0.202411081344/tools/bin/../lib/gcc/arm-none-eabi/13.3.1/../../../../arm-none-eabi/lib/thumb/v7e-m+dp/hard\libc_nano.a(libc_a-stdio.o)
                0x080a9552                __sclose
 .text.memset   0x080a955a       0x10 C:/ST/STM32CubeIDE_1.19.0/STM32CubeIDE/plugins/com.st.stm32cube.ide.mcu.externaltools.gnu-tools-for-stm32.13.3.rel1.win32_1.0.0.202411081344/tools/bin/../lib/gcc/arm-none-eabi/13.3.1/../../../../arm-none-eabi/lib/thumb/v7e-m+dp/hard\libc_nano.a(libc_a-memset.o)
                0x080a955a                memset
 *fill*         0x080a956a        0x2 
 .text._close_r
                0x080a956c       0x20 C:/ST/STM32CubeIDE_1.19.0/STM32CubeIDE/plugins/com.st.stm32cube.ide.mcu.externaltools.gnu-tools-for-stm32.13.3.rel1.win32_1.0.0.202411081344/tools/bin/../lib/gcc/arm-none-eabi/13.3.1/../../../../arm-none-eabi/lib/thumb/v7e-m+dp/hard\libc_nano.a(libc_a-closer.o)
                0x080a956c                _close_r
 .text._lseek_r
                0x080a958c       0x24 C:/ST/STM32CubeIDE_1.19.0/STM32CubeIDE/plugins/com.st.stm32cube.ide.mcu.externaltools.gnu-tools-for-stm32.13.3.rel1.win32_1.0.0.202411081344/tools/bin/../lib/gcc/arm-none-eabi/13.3.1/../../../../arm-none-eabi/lib/thumb/v7e-m+dp/hard\libc_nano.a(libc_a-lseekr.o)
                0x080a958c                _lseek_r
 .text._read_r  0x080a95b0       0x24 C:/ST/STM32CubeIDE_1.19.0/STM32CubeIDE/plugins/com.st.stm32cube.ide.mcu.externaltools.gnu-tools-for-stm32.13.3.rel1.win32_1.0.0.202411081344/tools/bin/../lib/gcc/arm-none-eabi/13.3.1/../../../../arm-none-eabi/lib/thumb/v7e-m+dp/hard\libc_nano.a(libc_a-readr.o)
                0x080a95b0                _read_r
 .text._write_r
                0x080a95d4       0x24 C:/ST/STM32CubeIDE_1.19.0/STM32CubeIDE/plugins/com.st.stm32cube.ide.mcu.externaltools.gnu-tools-for-stm32.13.3.rel1.win32_1.0.0.202411081344/tools/bin/../lib/gcc/arm-none-eabi/13.3.1/../../../../arm-none-eabi/lib/thumb/v7e-m+dp/hard\libc_nano.a(libc_a-writer.o)
                0x080a95d4                _write_r
 .text.__errno  0x080a95f8        0xc C:/ST/STM32CubeIDE_1.19.0/STM32CubeIDE/plugins/com.st.stm32cube.ide.mcu.externaltools.gnu-tools-for-stm32.13.3.rel1.win32_1.0.0.202411081344/tools/bin/../lib/gcc/arm-none-eabi/13.3.1/../../../../arm-none-eabi/lib/thumb/v7e-m+dp/hard\libc_nano.a(libc_a-errno.o)
                0x080a95f8                __errno
 .text.__libc_init_array
                0x080a9604       0x48 C:/ST/STM32CubeIDE_1.19.0/STM32CubeIDE/plugins/com.st.stm32cube.ide.mcu.externaltools.gnu-tools-for-stm32.13.3.rel1.win32_1.0.0.202411081344/tools/bin/../lib/gcc/arm-none-eabi/13.3.1/../../../../arm-none-eabi/lib/thumb/v7e-m+dp/hard\libc_nano.a(libc_a-init.o)
                0x080a9604                __libc_init_array
 .text.__retarget_lock_init_recursive
                0x080a964c        0x2 C:/ST/STM32CubeIDE_1.19.0/STM32CubeIDE/plugins/com.st.stm32cube.ide.mcu.externaltools.gnu-tools-for-stm32.13.3.rel1.win32_1.0.0.202411081344/tools/bin/../lib/gcc/arm-none-eabi/13.3.1/../../../../arm-none-eabi/lib/thumb/v7e-m+dp/hard\libc_nano.a(libc_a-lock.o)
                0x080a964c                __retarget_lock_init_recursive
 .text.__retarget_lock_acquire_recursive
                0x080a964e        0x2 C:/ST/STM32CubeIDE_1.19.0/STM32CubeIDE/plugins/com.st.stm32cube.ide.mcu.externaltools.gnu-tools-for-stm32.13.3.rel1.win32_1.0.0.202411081344/tools/bin/../lib/gcc/arm-none-eabi/13.3.1/../../../../arm-none-eabi/lib/thumb/v7e-m+dp/hard\libc_nano.a(libc_a-lock.o)
                0x080a964e                __retarget_lock_acquire_recursive
 .text.__retarget_lock_release_recursive
                0x080a9650        0x2 C:/ST/STM32CubeIDE_1.19.0/STM32CubeIDE/plugins/com.st.stm32cube.ide.mcu.externaltools.gnu-tools-for-stm32.13.3.rel1.win32_1.0.0.202411081344/tools/bin/../lib/gcc/arm-none-eabi/13.3.1/../../../../arm-none-eabi/lib/thumb/v7e-m+dp/hard\libc_nano.a(libc_a-lock.o)
                0x080a9650                __retarget_lock_release_recursive
 *fill*         0x080a9652        0x2 
 .text._free_r  0x080a9654       0x94 C:/ST/STM32CubeIDE_1.19.0/STM32CubeIDE/plugins/com.st.stm32cube.ide.mcu.externaltools.gnu-tools-for-stm32.13.3.rel1.win32_1.0.0.202411081344/tools/bin/../lib/gcc/arm-none-eabi/13.3.1/../../../../arm-none-eabi/lib/thumb/v7e-m+dp/hard\libc_nano.a(libc_a-freer.o)
                0x080a9654                _free_r
 .text.sbrk_aligned
                0x080a96e8       0x44 C:/ST/STM32CubeIDE_1.19.0/STM32CubeIDE/plugins/com.st.stm32cube.ide.mcu.externaltools.gnu-tools-for-stm32.13.3.rel1.win32_1.0.0.202411081344/tools/bin/../lib/gcc/arm-none-eabi/13.3.1/../../../../arm-none-eabi/lib/thumb/v7e-m+dp/hard\libc_nano.a(libc_a-mallocr.o)
 .text._malloc_r
                0x080a972c      0x100 C:/ST/STM32CubeIDE_1.19.0/STM32CubeIDE/plugins/com.st.stm32cube.ide.mcu.externaltools.gnu-tools-for-stm32.13.3.rel1.win32_1.0.0.202411081344/tools/bin/../lib/gcc/arm-none-eabi/13.3.1/../../../../arm-none-eabi/lib/thumb/v7e-m+dp/hard\libc_nano.a(libc_a-mallocr.o)
                0x080a972c                _malloc_r
 .text.__malloc_lock
                0x080a982c        0xc C:/ST/STM32CubeIDE_1.19.0/STM32CubeIDE/plugins/com.st.stm32cube.ide.mcu.externaltools.gnu-tools-for-stm32.13.3.rel1.win32_1.0.0.202411081344/tools/bin/../lib/gcc/arm-none-eabi/13.3.1/../../../../arm-none-eabi/lib/thumb/v7e-m+dp/hard\libc_nano.a(libc_a-mlock.o)
                0x080a982c                __malloc_lock
 .text.__malloc_unlock
                0x080a9838        0xc C:/ST/STM32CubeIDE_1.19.0/STM32CubeIDE/plugins/com.st.stm32cube.ide.mcu.externaltools.gnu-tools-for-stm32.13.3.rel1.win32_1.0.0.202411081344/tools/bin/../lib/gcc/arm-none-eabi/13.3.1/../../../../arm-none-eabi/lib/thumb/v7e-m+dp/hard\libc_nano.a(libc_a-mlock.o)
                0x080a9838                __malloc_unlock
 .text.__sfputc_r
                0x080a9844       0x2e C:/ST/STM32CubeIDE_1.19.0/STM32CubeIDE/plugins/com.st.stm32cube.ide.mcu.externaltools.gnu-tools-for-stm32.13.3.rel1.win32_1.0.0.202411081344/tools/bin/../lib/gcc/arm-none-eabi/13.3.1/../../../../arm-none-eabi/lib/thumb/v7e-m+dp/hard\libc_nano.a(libc_a-nano-vfprintf.o)
 .text.__sfputs_r
                0x080a9872       0x24 C:/ST/STM32CubeIDE_1.19.0/STM32CubeIDE/plugins/com.st.stm32cube.ide.mcu.externaltools.gnu-tools-for-stm32.13.3.rel1.win32_1.0.0.202411081344/tools/bin/../lib/gcc/arm-none-eabi/13.3.1/../../../../arm-none-eabi/lib/thumb/v7e-m+dp/hard\libc_nano.a(libc_a-nano-vfprintf.o)
                0x080a9872                __sfputs_r
 *fill*         0x080a9896        0x2 
 .text._vfprintf_r
                0x080a9898      0x230 C:/ST/STM32CubeIDE_1.19.0/STM32CubeIDE/plugins/com.st.stm32cube.ide.mcu.externaltools.gnu-tools-for-stm32.13.3.rel1.win32_1.0.0.202411081344/tools/bin/../lib/gcc/arm-none-eabi/13.3.1/../../../../arm-none-eabi/lib/thumb/v7e-m+dp/hard\libc_nano.a(libc_a-nano-vfprintf.o)
                0x080a9898                _vfprintf_r
                0x080a9898                _vfiprintf_r
 .text._printf_common
                0x080a9ac8       0xda C:/ST/STM32CubeIDE_1.19.0/STM32CubeIDE/plugins/com.st.stm32cube.ide.mcu.externaltools.gnu-tools-for-stm32.13.3.rel1.win32_1.0.0.202411081344/tools/bin/../lib/gcc/arm-none-eabi/13.3.1/../../../../arm-none-eabi/lib/thumb/v7e-m+dp/hard\libc_nano.a(libc_a-nano-vfprintf_i.o)
                0x080a9ac8                _printf_common
 *fill*         0x080a9ba2        0x2 
 .text._printf_i
                0x080a9ba4      0x23c C:/ST/STM32CubeIDE_1.19.0/STM32CubeIDE/plugins/com.st.stm32cube.ide.mcu.externaltools.gnu-tools-for-stm32.13.3.rel1.win32_1.0.0.202411081344/tools/bin/../lib/gcc/arm-none-eabi/13.3.1/../../../../arm-none-eabi/lib/thumb/v7e-m+dp/hard\libc_nano.a(libc_a-nano-vfprintf_i.o)
                0x080a9ba4                _printf_i
 .text.__sflush_r
                0x080a9de0      0x108 C:/ST/STM32CubeIDE_1.19.0/STM32CubeIDE/plugins/com.st.stm32cube.ide.mcu.externaltools.gnu-tools-for-stm32.13.3.rel1.win32_1.0.0.202411081344/tools/bin/../lib/gcc/arm-none-eabi/13.3.1/../../../../arm-none-eabi/lib/thumb/v7e-m+dp/hard\libc_nano.a(libc_a-fflush.o)
                0x080a9de0                __sflush_r
 .text._fflush_r
                0x080a9ee8       0x50 C:/ST/STM32CubeIDE_1.19.0/STM32CubeIDE/plugins/com.st.stm32cube.ide.mcu.externaltools.gnu-tools-for-stm32.13.3.rel1.win32_1.0.0.202411081344/tools/bin/../lib/gcc/arm-none-eabi/13.3.1/../../../../arm-none-eabi/lib/thumb/v7e-m+dp/hard\libc_nano.a(libc_a-fflush.o)
                0x080a9ee8                _fflush_r
 .text.__swbuf_r
                0x080a9f38       0x7c C:/ST/STM32CubeIDE_1.19.0/STM32CubeIDE/plugins/com.st.stm32cube.ide.mcu.externaltools.gnu-tools-for-stm32.13.3.rel1.win32_1.0.0.202411081344/tools/bin/../lib/gcc/arm-none-eabi/13.3.1/../../../../arm-none-eabi/lib/thumb/v7e-m+dp/hard\libc_nano.a(libc_a-wbuf.o)
                0x080a9f38                __swbuf_r
 .text.__swsetup_r
                0x080a9fb4       0xac C:/ST/STM32CubeIDE_1.19.0/STM32CubeIDE/plugins/com.st.stm32cube.ide.mcu.externaltools.gnu-tools-for-stm32.13.3.rel1.win32_1.0.0.202411081344/tools/bin/../lib/gcc/arm-none-eabi/13.3.1/../../../../arm-none-eabi/lib/thumb/v7e-m+dp/hard\libc_nano.a(libc_a-wsetup.o)
                0x080a9fb4                __swsetup_r
 .text._sbrk_r  0x080aa060       0x20 C:/ST/STM32CubeIDE_1.19.0/STM32CubeIDE/plugins/com.st.stm32cube.ide.mcu.externaltools.gnu-tools-for-stm32.13.3.rel1.win32_1.0.0.202411081344/tools/bin/../lib/gcc/arm-none-eabi/13.3.1/../../../../arm-none-eabi/lib/thumb/v7e-m+dp/hard\libc_nano.a(libc_a-sbrkr.o)
                0x080aa060                _sbrk_r
 .text.__swhatbuf_r
                0x080aa080       0x4c C:/ST/STM32CubeIDE_1.19.0/STM32CubeIDE/plugins/com.st.stm32cube.ide.mcu.externaltools.gnu-tools-for-stm32.13.3.rel1.win32_1.0.0.202411081344/tools/bin/../lib/gcc/arm-none-eabi/13.3.1/../../../../arm-none-eabi/lib/thumb/v7e-m+dp/hard\libc_nano.a(libc_a-makebuf.o)
                0x080aa080                __swhatbuf_r
 .text.__smakebuf_r
                0x080aa0cc       0x78 C:/ST/STM32CubeIDE_1.19.0/STM32CubeIDE/plugins/com.st.stm32cube.ide.mcu.externaltools.gnu-tools-for-stm32.13.3.rel1.win32_1.0.0.202411081344/tools/bin/../lib/gcc/arm-none-eabi/13.3.1/../../../../arm-none-eabi/lib/thumb/v7e-m+dp/hard\libc_nano.a(libc_a-makebuf.o)
                0x080aa0cc                __smakebuf_r
 .text._fstat_r
                0x080aa144       0x24 C:/ST/STM32CubeIDE_1.19.0/STM32CubeIDE/plugins/com.st.stm32cube.ide.mcu.externaltools.gnu-tools-for-stm32.13.3.rel1.win32_1.0.0.202411081344/tools/bin/../lib/gcc/arm-none-eabi/13.3.1/../../../../arm-none-eabi/lib/thumb/v7e-m+dp/hard\libc_nano.a(libc_a-fstatr.o)
                0x080aa144                _fstat_r
 .text._isatty_r
                0x080aa168       0x20 C:/ST/STM32CubeIDE_1.19.0/STM32CubeIDE/plugins/com.st.stm32cube.ide.mcu.externaltools.gnu-tools-for-stm32.13.3.rel1.win32_1.0.0.202411081344/tools/bin/../lib/gcc/arm-none-eabi/13.3.1/../../../../arm-none-eabi/lib/thumb/v7e-m+dp/hard\libc_nano.a(libc_a-isattyr.o)
                0x080aa168                _isatty_r
 *(.glue_7)
 .glue_7        0x080aa188        0x0 linker stubs
 *(.glue_7t)
 .glue_7t       0x080aa188        0x0 linker stubs
 *(.eh_frame)
 .eh_frame      0x080aa188        0x0 C:/ST/STM32CubeIDE_1.19.0/STM32CubeIDE/plugins/com.st.stm32cube.ide.mcu.externaltools.gnu-tools-for-stm32.13.3.rel1.win32_1.0.0.202411081344/tools/bin/../lib/gcc/arm-none-eabi/13.3.1/thumb/v7e-m+dp/hard/crtbegin.o
 *(.init)
 .init          0x080aa188        0x4 C:/ST/STM32CubeIDE_1.19.0/STM32CubeIDE/plugins/com.st.stm32cube.ide.mcu.externaltools.gnu-tools-for-stm32.13.3.rel1.win32_1.0.0.202411081344/tools/bin/../lib/gcc/arm-none-eabi/13.3.1/thumb/v7e-m+dp/hard/crti.o
                0x080aa188                _init
 .init          0x080aa18c        0x8 C:/ST/STM32CubeIDE_1.19.0/STM32CubeIDE/plugins/com.st.stm32cube.ide.mcu.externaltools.gnu-tools-for-stm32.13.3.rel1.win32_1.0.0.202411081344/tools/bin/../lib/gcc/arm-none-eabi/13.3.1/thumb/v7e-m+dp/hard/crtn.o
 *(.fini)
 .fini          0x080aa194        0x4 C:/ST/STM32CubeIDE_1.19.0/STM32CubeIDE/plugins/com.st.stm32cube.ide.mcu.externaltools.gnu-tools-for-stm32.13.3.rel1.win32_1.0.0.202411081344/tools/bin/../lib/gcc/arm-none-eabi/13.3.1/thumb/v7e-m+dp/hard/crti.o
                0x080aa194                _fini
 .fini          0x080aa198        0x8 C:/ST/STM32CubeIDE_1.19.0/STM32CubeIDE/plugins/com.st.stm32cube.ide.mcu.externaltools.gnu-tools-for-stm32.13.3.rel1.win32_1.0.0.202411081344/tools/bin/../lib/gcc/arm-none-eabi/13.3.1/thumb/v7e-m+dp/hard/crtn.o
                0x080aa1a0                        . = ALIGN (0x4)
                0x080aa1a0                        _etext = .

.vfp11_veneer   0x080aa1a0        0x0
 .vfp11_veneer  0x080aa1a0        0x0 linker stubs

.v4_bx          0x080aa1a0        0x0
 .v4_bx         0x080aa1a0        0x0 linker stubs

.iplt           0x080aa1a0        0x0
 .iplt          0x080aa1a0        0x0 C:/ST/STM32CubeIDE_1.19.0/STM32CubeIDE/plugins/com.st.stm32cube.ide.mcu.externaltools.gnu-tools-for-stm32.13.3.rel1.win32_1.0.0.202411081344/tools/bin/../lib/gcc/arm-none-eabi/13.3.1/thumb/v7e-m+dp/hard/crtbegin.o

.rodata         0x080aa1a0       0xf4
                0x080aa1a0                        . = ALIGN (0x4)
 *(.rodata)
 .rodata        0x080aa1a0       0x68 ./Core/Src/main.o
 .rodata        0x080aa208       0x46 ./USB_DEVICE/App/usbd_desc.o
 *(.rodata*)
 *fill*         0x080aa24e        0x2 
 .rodata.D1CorePrescTable
                0x080aa250       0x10 ./Common/Src/system_stm32h7xx_dualcore_boot_cm4_cm7.o
                0x080aa250                D1CorePrescTable
 .rodata._vfprintf_r.str1.1
                0x080aa260       0x33 C:/ST/STM32CubeIDE_1.19.0/STM32CubeIDE/plugins/com.st.stm32cube.ide.mcu.externaltools.gnu-tools-for-stm32.13.3.rel1.win32_1.0.0.202411081344/tools/bin/../lib/gcc/arm-none-eabi/13.3.1/../../../../arm-none-eabi/lib/thumb/v7e-m+dp/hard\libc_nano.a(libc_a-nano-vfprintf.o)
                                 0x11 (size before relaxing)
 .rodata._printf_i.str1.1
                0x080aa293       0x22 C:/ST/STM32CubeIDE_1.19.0/STM32CubeIDE/plugins/com.st.stm32cube.ide.mcu.externaltools.gnu-tools-for-stm32.13.3.rel1.win32_1.0.0.202411081344/tools/bin/../lib/gcc/arm-none-eabi/13.3.1/../../../../arm-none-eabi/lib/thumb/v7e-m+dp/hard\libc_nano.a(libc_a-nano-vfprintf_i.o)
                0x080aa2b8                        . = ALIGN (0x4)
 *fill*         0x080aa293        0x1 

.ARM.extab      0x080aa294        0x0
                0x080aa294                        . = ALIGN (0x4)
 *(.ARM.extab* .gnu.linkonce.armextab.*)
                0x080aa294                        . = ALIGN (0x4)

.ARM            0x080aa294        0x8
                0x080aa294                        . = ALIGN (0x4)
                0x080aa294                        __exidx_start = .
 *(.ARM.exidx*)
 .ARM.exidx     0x080aa294        0x8 C:/ST/STM32CubeIDE_1.19.0/STM32CubeIDE/plugins/com.st.stm32cube.ide.mcu.externaltools.gnu-tools-for-stm32.13.3.rel1.win32_1.0.0.202411081344/tools/bin/../lib/gcc/arm-none-eabi/13.3.1/../../../../arm-none-eabi/lib/thumb/v7e-m+dp/hard\libc_nano.a(libc_a-memchr.o)
                0x080aa29c                        __exidx_end = .
                0x080aa29c                        . = ALIGN (0x4)

.preinit_array  0x080aa29c        0x0
                0x080aa29c                        . = ALIGN (0x4)
                0x080aa29c                        PROVIDE (__preinit_array_start = .)
 *(.preinit_array*)
                0x080aa29c                        PROVIDE (__preinit_array_end = .)
                0x080aa29c                        . = ALIGN (0x4)

.init_array     0x080aa29c        0x4
                0x080aa29c                        . = ALIGN (0x4)
                0x080aa29c                        PROVIDE (__init_array_start = .)
 *(SORT_BY_NAME(.init_array.*))
 *(.init_array*)
 .init_array    0x080aa29c        0x4 C:/ST/STM32CubeIDE_1.19.0/STM32CubeIDE/plugins/com.st.stm32cube.ide.mcu.externaltools.gnu-tools-for-stm32.13.3.rel1.win32_1.0.0.202411081344/tools/bin/../lib/gcc/arm-none-eabi/13.3.1/thumb/v7e-m+dp/hard/crtbegin.o
                0x080aa2a0                        PROVIDE (__init_array_end = .)
                0x080aa2a0                        . = ALIGN (0x4)

.fini_array     0x080aa2a0        0x4
                0x080aa2a0                        . = ALIGN (0x4)
                [!provide]                        PROVIDE (__fini_array_start = .)
 *(SORT_BY_NAME(.fini_array.*))
 *(.fini_array*)
 .fini_array    0x080aa2a0        0x4 C:/ST/STM32CubeIDE_1.19.0/STM32CubeIDE/plugins/com.st.stm32cube.ide.mcu.externaltools.gnu-tools-for-stm32.13.3.rel1.win32_1.0.0.202411081344/tools/bin/../lib/gcc/arm-none-eabi/13.3.1/thumb/v7e-m+dp/hard/crtbegin.o
                [!provide]                        PROVIDE (__fini_array_end = .)
                0x080aa2a4                        . = ALIGN (0x4)
                0x080aa2a4                        _sidata = LOADADDR (.data)

.rel.dyn        0x080aa2a4        0x0
 .rel.iplt      0x080aa2a4        0x0 C:/ST/STM32CubeIDE_1.19.0/STM32CubeIDE/plugins/com.st.stm32cube.ide.mcu.externaltools.gnu-tools-for-stm32.13.3.rel1.win32_1.0.0.202411081344/tools/bin/../lib/gcc/arm-none-eabi/13.3.1/thumb/v7e-m+dp/hard/crtbegin.o

.data           0x24000000      0x160 load address 0x080aa2a4
                0x24000000                        . = ALIGN (0x4)
                0x24000000                        _sdata = .
 *(.data)
 *(.data*)
 .data.SystemCoreClock
                0x24000000        0x4 ./Common/Src/system_stm32h7xx_dualcore_boot_cm4_cm7.o
                0x24000000                SystemCoreClock
 .data.SystemD2Clock
                0x24000004        0x4 ./Common/Src/system_stm32h7xx_dualcore_boot_cm4_cm7.o
                0x24000004                SystemD2Clock
 .data.uwTickPrio
                0x24000008        0x4 ./Drivers/STM32H7xx_HAL_Driver/stm32h7xx_hal.o
                0x24000008                uwTickPrio
 .data.uwTickFreq
                0x2400000c        0x1 ./Drivers/STM32H7xx_HAL_Driver/stm32h7xx_hal.o
                0x2400000c                uwTickFreq
 *fill*         0x2400000d        0x3 
 .data.USBD_CDC_DeviceQualifierDesc
                0x24000010        0xa ./Middlewares/ST/STM32_USB_Device_Library/usbd_cdc.o
 *fill*         0x2400001a        0x2 
 .data.USBD_CDC
                0x2400001c       0x38 ./Middlewares/ST/STM32_USB_Device_Library/usbd_cdc.o
                0x2400001c                USBD_CDC
 .data.USBD_CDC_CfgDesc
                0x24000054       0x43 ./Middlewares/ST/STM32_USB_Device_Library/usbd_cdc.o
 .data.CDCInEpAdd
                0x24000097        0x1 ./Middlewares/ST/STM32_USB_Device_Library/usbd_cdc.o
 .data.CDCOutEpAdd
                0x24000098        0x1 ./Middlewares/ST/STM32_USB_Device_Library/usbd_cdc.o
 .data.CDCCmdEpAdd
                0x24000099        0x1 ./Middlewares/ST/STM32_USB_Device_Library/usbd_cdc.o
 *fill*         0x2400009a        0x2 
 .data.USBD_Interface_fops_HS
                0x2400009c       0x14 ./USB_DEVICE/App/usbd_cdc_if.o
                0x2400009c                USBD_Interface_fops_HS
 .data.HS_Desc  0x240000b0       0x20 ./USB_DEVICE/App/usbd_desc.o
                0x240000b0                HS_Desc
 .data.USBD_HS_DeviceDesc
                0x240000d0       0x12 ./USB_DEVICE/App/usbd_desc.o
                0x240000d0                USBD_HS_DeviceDesc
 *fill*         0x240000e2        0x2 
 .data.USBD_LangIDDesc
                0x240000e4        0x4 ./USB_DEVICE/App/usbd_desc.o
                0x240000e4                USBD_LangIDDesc
 .data.USBD_StringSerial
                0x240000e8       0x1a ./USB_DEVICE/App/usbd_desc.o
                0x240000e8                USBD_StringSerial
 *fill*         0x24000102        0x2 
 .data.__sglue  0x24000104        0xc C:/ST/STM32CubeIDE_1.19.0/STM32CubeIDE/plugins/com.st.stm32cube.ide.mcu.externaltools.gnu-tools-for-stm32.13.3.rel1.win32_1.0.0.202411081344/tools/bin/../lib/gcc/arm-none-eabi/13.3.1/../../../../arm-none-eabi/lib/thumb/v7e-m+dp/hard\libc_nano.a(libc_a-findfp.o)
                0x24000104                __sglue
 .data._impure_ptr
                0x24000110        0x4 C:/ST/STM32CubeIDE_1.19.0/STM32CubeIDE/plugins/com.st.stm32cube.ide.mcu.externaltools.gnu-tools-for-stm32.13.3.rel1.win32_1.0.0.202411081344/tools/bin/../lib/gcc/arm-none-eabi/13.3.1/../../../../arm-none-eabi/lib/thumb/v7e-m+dp/hard\libc_nano.a(libc_a-impure.o)
                0x24000110                _impure_ptr
 .data._impure_data
                0x24000114       0x4c C:/ST/STM32CubeIDE_1.19.0/STM32CubeIDE/plugins/com.st.stm32cube.ide.mcu.externaltools.gnu-tools-for-stm32.13.3.rel1.win32_1.0.0.202411081344/tools/bin/../lib/gcc/arm-none-eabi/13.3.1/../../../../arm-none-eabi/lib/thumb/v7e-m+dp/hard\libc_nano.a(libc_a-impure.o)
                0x24000114                _impure_data
 *(.RamFunc)
 *(.RamFunc*)
                0x24000160                        . = ALIGN (0x4)
                0x24000160                        _edata = .

.igot.plt       0x24000160        0x0 load address 0x080aa404
 .igot.plt      0x24000160        0x0 C:/ST/STM32CubeIDE_1.19.0/STM32CubeIDE/plugins/com.st.stm32cube.ide.mcu.externaltools.gnu-tools-for-stm32.13.3.rel1.win32_1.0.0.202411081344/tools/bin/../lib/gcc/arm-none-eabi/13.3.1/thumb/v7e-m+dp/hard/crtbegin.o
                0x24000160                        . = ALIGN (0x4)

.bss            0x24000160     0x1d68 load address 0x080aa404
                0x24000160                        _sbss = .
                0x24000160                        __bss_start__ = _sbss
 *(.bss)
 .bss           0x24000160       0x1c C:/ST/STM32CubeIDE_1.19.0/STM32CubeIDE/plugins/com.st.stm32cube.ide.mcu.externaltools.gnu-tools-for-stm32.13.3.rel1.win32_1.0.0.202411081344/tools/bin/../lib/gcc/arm-none-eabi/13.3.1/thumb/v7e-m+dp/hard/crtbegin.o
 *(.bss*)
 .bss._bflag    0x2400017c        0x4 ./Core/Src/main.o
                0x2400017c                _bflag
 .bss.dfu_boot_flag
                0x24000180        0x4 ./Core/Src/main.o
                0x24000180                dfu_boot_flag
 .bss.JumpToApplication
                0x24000184        0x4 ./Core/Src/main.o
                0x24000184                JumpToApplication
 .bss.JumpAddress
                0x24000188        0x4 ./Core/Src/main.o
                0x24000188                JumpAddress
 .bss.jumpToBootloader
                0x2400018c        0x4 ./Core/Src/main.o
                0x2400018c                jumpToBootloader
 .bss.__sbrk_heap_end
                0x24000190        0x4 ./Core/Src/sysmem.o
 .bss.uwTick    0x24000194        0x4 ./Drivers/STM32H7xx_HAL_Driver/stm32h7xx_hal.o
                0x24000194                uwTick
 .bss.cfgidx.0  0x24000198        0x1 ./Middlewares/ST/STM32_USB_Device_Library/usbd_ctlreq.o
 *fill*         0x24000199        0x3 
 .bss.hUsbDeviceHS
                0x2400019c      0x2dc ./USB_DEVICE/App/usb_device.o
                0x2400019c                hUsbDeviceHS
 .bss.UserRxBufferHS
                0x24000478      0x800 ./USB_DEVICE/App/usbd_cdc_if.o
                0x24000478                UserRxBufferHS
 .bss.UserTxBufferHS
                0x24000c78      0x800 ./USB_DEVICE/App/usbd_cdc_if.o
                0x24000c78                UserTxBufferHS
 .bss.USBD_StrDesc
                0x24001478      0x200 ./USB_DEVICE/App/usbd_desc.o
                0x24001478                USBD_StrDesc
 .bss.hpcd_USB_OTG_HS
                0x24001678      0x4e4 ./USB_DEVICE/Target/usbd_conf.o
                0x24001678                hpcd_USB_OTG_HS
 .bss.mem.0     0x24001b5c      0x220 ./USB_DEVICE/Target/usbd_conf.o
 .bss.__sf      0x24001d7c      0x138 C:/ST/STM32CubeIDE_1.19.0/STM32CubeIDE/plugins/com.st.stm32cube.ide.mcu.externaltools.gnu-tools-for-stm32.13.3.rel1.win32_1.0.0.202411081344/tools/bin/../lib/gcc/arm-none-eabi/13.3.1/../../../../arm-none-eabi/lib/thumb/v7e-m+dp/hard\libc_nano.a(libc_a-findfp.o)
                0x24001d7c                __sf
 .bss.__stdio_exit_handler
                0x24001eb4        0x4 C:/ST/STM32CubeIDE_1.19.0/STM32CubeIDE/plugins/com.st.stm32cube.ide.mcu.externaltools.gnu-tools-for-stm32.13.3.rel1.win32_1.0.0.202411081344/tools/bin/../lib/gcc/arm-none-eabi/13.3.1/../../../../arm-none-eabi/lib/thumb/v7e-m+dp/hard\libc_nano.a(libc_a-findfp.o)
                0x24001eb4                __stdio_exit_handler
 .bss.errno     0x24001eb8        0x4 C:/ST/STM32CubeIDE_1.19.0/STM32CubeIDE/plugins/com.st.stm32cube.ide.mcu.externaltools.gnu-tools-for-stm32.13.3.rel1.win32_1.0.0.202411081344/tools/bin/../lib/gcc/arm-none-eabi/13.3.1/../../../../arm-none-eabi/lib/thumb/v7e-m+dp/hard\libc_nano.a(libc_a-reent.o)
                0x24001eb8                errno
 .bss.__lock___malloc_recursive_mutex
                0x24001ebc        0x1 C:/ST/STM32CubeIDE_1.19.0/STM32CubeIDE/plugins/com.st.stm32cube.ide.mcu.externaltools.gnu-tools-for-stm32.13.3.rel1.win32_1.0.0.202411081344/tools/bin/../lib/gcc/arm-none-eabi/13.3.1/../../../../arm-none-eabi/lib/thumb/v7e-m+dp/hard\libc_nano.a(libc_a-lock.o)
                0x24001ebc                __lock___malloc_recursive_mutex
 .bss.__lock___sfp_recursive_mutex
                0x24001ebd        0x1 C:/ST/STM32CubeIDE_1.19.0/STM32CubeIDE/plugins/com.st.stm32cube.ide.mcu.externaltools.gnu-tools-for-stm32.13.3.rel1.win32_1.0.0.202411081344/tools/bin/../lib/gcc/arm-none-eabi/13.3.1/../../../../arm-none-eabi/lib/thumb/v7e-m+dp/hard\libc_nano.a(libc_a-lock.o)
                0x24001ebd                __lock___sfp_recursive_mutex
 *fill*         0x24001ebe        0x2 
 .bss.__malloc_sbrk_start
                0x24001ec0        0x4 C:/ST/STM32CubeIDE_1.19.0/STM32CubeIDE/plugins/com.st.stm32cube.ide.mcu.externaltools.gnu-tools-for-stm32.13.3.rel1.win32_1.0.0.202411081344/tools/bin/../lib/gcc/arm-none-eabi/13.3.1/../../../../arm-none-eabi/lib/thumb/v7e-m+dp/hard\libc_nano.a(libc_a-mallocr.o)
                0x24001ec0                __malloc_sbrk_start
 .bss.__malloc_free_list
                0x24001ec4        0x4 C:/ST/STM32CubeIDE_1.19.0/STM32CubeIDE/plugins/com.st.stm32cube.ide.mcu.externaltools.gnu-tools-for-stm32.13.3.rel1.win32_1.0.0.202411081344/tools/bin/../lib/gcc/arm-none-eabi/13.3.1/../../../../arm-none-eabi/lib/thumb/v7e-m+dp/hard\libc_nano.a(libc_a-mallocr.o)
                0x24001ec4                __malloc_free_list
 *(COMMON)
                0x24001ec8                        . = ALIGN (0x4)
                0x24001ec8                        _ebss = .
                0x24001ec8                        __bss_end__ = _ebss

._user_heap_stack
                0x24001ec8      0x600 load address 0x080aa404
                0x24001ec8                        . = ALIGN (0x8)
                [!provide]                        PROVIDE (end = .)
                0x24001ec8                        PROVIDE (_end = .)
                0x240020c8                        . = (. + _Min_Heap_Size)
 *fill*         0x24001ec8      0x200 
                0x240024c8                        . = (. + _Min_Stack_Size)
 *fill*         0x240020c8      0x400 
                0x240024c8                        . = ALIGN (0x8)

/DISCARD/
 libc.a(*)
 libm.a(*)
 libgcc.a(*)

.ARM.attributes
                0x00000000       0x2e
 *(.ARM.attributes)
 .ARM.attributes
                0x00000000       0x20 C:/ST/STM32CubeIDE_1.19.0/STM32CubeIDE/plugins/com.st.stm32cube.ide.mcu.externaltools.gnu-tools-for-stm32.13.3.rel1.win32_1.0.0.202411081344/tools/bin/../lib/gcc/arm-none-eabi/13.3.1/thumb/v7e-m+dp/hard/crti.o
 .ARM.attributes
                0x00000020       0x32 C:/ST/STM32CubeIDE_1.19.0/STM32CubeIDE/plugins/com.st.stm32cube.ide.mcu.externaltools.gnu-tools-for-stm32.13.3.rel1.win32_1.0.0.202411081344/tools/bin/../lib/gcc/arm-none-eabi/13.3.1/thumb/v7e-m+dp/hard/crtbegin.o
 .ARM.attributes
                0x00000052       0x32 ./Common/Src/system_stm32h7xx_dualcore_boot_cm4_cm7.o
 .ARM.attributes
                0x00000084       0x32 ./Core/Src/main.o
 .ARM.attributes
                0x000000b6       0x32 ./Core/Src/stm32h7xx_hal_msp.o
 .ARM.attributes
                0x000000e8       0x32 ./Core/Src/stm32h7xx_it.o
 .ARM.attributes
                0x0000011a       0x32 ./Core/Src/syscalls.o
 .ARM.attributes
                0x0000014c       0x32 ./Core/Src/sysmem.o
 .ARM.attributes
                0x0000017e       0x21 ./Core/Startup/startup_stm32h747xihx.o
 .ARM.attributes
                0x0000019f       0x32 ./Drivers/STM32H7xx_HAL_Driver/stm32h7xx_hal.o
 .ARM.attributes
                0x000001d1       0x32 ./Drivers/STM32H7xx_HAL_Driver/stm32h7xx_hal_cortex.o
 .ARM.attributes
                0x00000203       0x32 ./Drivers/STM32H7xx_HAL_Driver/stm32h7xx_hal_gpio.o
 .ARM.attributes
                0x00000235       0x32 ./Drivers/STM32H7xx_HAL_Driver/stm32h7xx_hal_hsem.o
 .ARM.attributes
                0x00000267       0x32 ./Drivers/STM32H7xx_HAL_Driver/stm32h7xx_hal_pcd.o
 .ARM.attributes
                0x00000299       0x32 ./Drivers/STM32H7xx_HAL_Driver/stm32h7xx_hal_pcd_ex.o
 .ARM.attributes
                0x000002cb       0x32 ./Drivers/STM32H7xx_HAL_Driver/stm32h7xx_hal_pwr_ex.o
 .ARM.attributes
                0x000002fd       0x32 ./Drivers/STM32H7xx_HAL_Driver/stm32h7xx_hal_rcc.o
 .ARM.attributes
                0x0000032f       0x32 ./Drivers/STM32H7xx_HAL_Driver/stm32h7xx_hal_rcc_ex.o
 .ARM.attributes
                0x00000361       0x32 ./Drivers/STM32H7xx_HAL_Driver/stm32h7xx_ll_usb.o
 .ARM.attributes
                0x00000393       0x32 ./Middlewares/ST/STM32_USB_Device_Library/usbd_cdc.o
 .ARM.attributes
                0x000003c5       0x32 ./Middlewares/ST/STM32_USB_Device_Library/usbd_core.o
 .ARM.attributes
                0x000003f7       0x32 ./Middlewares/ST/STM32_USB_Device_Library/usbd_ctlreq.o
 .ARM.attributes
                0x00000429       0x32 ./Middlewares/ST/STM32_USB_Device_Library/usbd_ioreq.o
 .ARM.attributes
                0x0000045b       0x32 ./USB_DEVICE/App/usb_device.o
 .ARM.attributes
                0x0000048d       0x32 ./USB_DEVICE/App/usbd_cdc_if.o
 .ARM.attributes
                0x000004bf       0x32 ./USB_DEVICE/App/usbd_desc.o
 .ARM.attributes
                0x000004f1       0x32 ./USB_DEVICE/Target/usbd_conf.o
 .ARM.attributes
                0x00000523       0x32 C:/ST/STM32CubeIDE_1.19.0/STM32CubeIDE/plugins/com.st.stm32cube.ide.mcu.externaltools.gnu-tools-for-stm32.13.3.rel1.win32_1.0.0.202411081344/tools/bin/../lib/gcc/arm-none-eabi/13.3.1/../../../../arm-none-eabi/lib/thumb/v7e-m+dp/hard\libc_nano.a(libc_a-findfp.o)
 .ARM.attributes
                0x00000555       0x32 C:/ST/STM32CubeIDE_1.19.0/STM32CubeIDE/plugins/com.st.stm32cube.ide.mcu.externaltools.gnu-tools-for-stm32.13.3.rel1.win32_1.0.0.202411081344/tools/bin/../lib/gcc/arm-none-eabi/13.3.1/../../../../arm-none-eabi/lib/thumb/v7e-m+dp/hard\libc_nano.a(libc_a-fwalk.o)
 .ARM.attributes
                0x00000587       0x32 C:/ST/STM32CubeIDE_1.19.0/STM32CubeIDE/plugins/com.st.stm32cube.ide.mcu.externaltools.gnu-tools-for-stm32.13.3.rel1.win32_1.0.0.202411081344/tools/bin/../lib/gcc/arm-none-eabi/13.3.1/../../../../arm-none-eabi/lib/thumb/v7e-m+dp/hard\libc_nano.a(libc_a-printf.o)
 .ARM.attributes
                0x000005b9       0x32 C:/ST/STM32CubeIDE_1.19.0/STM32CubeIDE/plugins/com.st.stm32cube.ide.mcu.externaltools.gnu-tools-for-stm32.13.3.rel1.win32_1.0.0.202411081344/tools/bin/../lib/gcc/arm-none-eabi/13.3.1/../../../../arm-none-eabi/lib/thumb/v7e-m+dp/hard\libc_nano.a(libc_a-stdio.o)
 .ARM.attributes
                0x000005eb       0x32 C:/ST/STM32CubeIDE_1.19.0/STM32CubeIDE/plugins/com.st.stm32cube.ide.mcu.externaltools.gnu-tools-for-stm32.13.3.rel1.win32_1.0.0.202411081344/tools/bin/../lib/gcc/arm-none-eabi/13.3.1/../../../../arm-none-eabi/lib/thumb/v7e-m+dp/hard\libc_nano.a(libc_a-memset.o)
 .ARM.attributes
                0x0000061d       0x32 C:/ST/STM32CubeIDE_1.19.0/STM32CubeIDE/plugins/com.st.stm32cube.ide.mcu.externaltools.gnu-tools-for-stm32.13.3.rel1.win32_1.0.0.202411081344/tools/bin/../lib/gcc/arm-none-eabi/13.3.1/../../../../arm-none-eabi/lib/thumb/v7e-m+dp/hard\libc_nano.a(libc_a-closer.o)
 .ARM.attributes
                0x0000064f       0x32 C:/ST/STM32CubeIDE_1.19.0/STM32CubeIDE/plugins/com.st.stm32cube.ide.mcu.externaltools.gnu-tools-for-stm32.13.3.rel1.win32_1.0.0.202411081344/tools/bin/../lib/gcc/arm-none-eabi/13.3.1/../../../../arm-none-eabi/lib/thumb/v7e-m+dp/hard\libc_nano.a(libc_a-reent.o)
 .ARM.attributes
                0x00000681       0x32 C:/ST/STM32CubeIDE_1.19.0/STM32CubeIDE/plugins/com.st.stm32cube.ide.mcu.externaltools.gnu-tools-for-stm32.13.3.rel1.win32_1.0.0.202411081344/tools/bin/../lib/gcc/arm-none-eabi/13.3.1/../../../../arm-none-eabi/lib/thumb/v7e-m+dp/hard\libc_nano.a(libc_a-impure.o)
 .ARM.attributes
                0x000006b3       0x32 C:/ST/STM32CubeIDE_1.19.0/STM32CubeIDE/plugins/com.st.stm32cube.ide.mcu.externaltools.gnu-tools-for-stm32.13.3.rel1.win32_1.0.0.202411081344/tools/bin/../lib/gcc/arm-none-eabi/13.3.1/../../../../arm-none-eabi/lib/thumb/v7e-m+dp/hard\libc_nano.a(libc_a-lseekr.o)
 .ARM.attributes
                0x000006e5       0x32 C:/ST/STM32CubeIDE_1.19.0/STM32CubeIDE/plugins/com.st.stm32cube.ide.mcu.externaltools.gnu-tools-for-stm32.13.3.rel1.win32_1.0.0.202411081344/tools/bin/../lib/gcc/arm-none-eabi/13.3.1/../../../../arm-none-eabi/lib/thumb/v7e-m+dp/hard\libc_nano.a(libc_a-readr.o)
 .ARM.attributes
                0x00000717       0x32 C:/ST/STM32CubeIDE_1.19.0/STM32CubeIDE/plugins/com.st.stm32cube.ide.mcu.externaltools.gnu-tools-for-stm32.13.3.rel1.win32_1.0.0.202411081344/tools/bin/../lib/gcc/arm-none-eabi/13.3.1/../../../../arm-none-eabi/lib/thumb/v7e-m+dp/hard\libc_nano.a(libc_a-writer.o)
 .ARM.attributes
                0x00000749       0x32 C:/ST/STM32CubeIDE_1.19.0/STM32CubeIDE/plugins/com.st.stm32cube.ide.mcu.externaltools.gnu-tools-for-stm32.13.3.rel1.win32_1.0.0.202411081344/tools/bin/../lib/gcc/arm-none-eabi/13.3.1/../../../../arm-none-eabi/lib/thumb/v7e-m+dp/hard\libc_nano.a(libc_a-errno.o)
 .ARM.attributes
                0x0000077b       0x32 C:/ST/STM32CubeIDE_1.19.0/STM32CubeIDE/plugins/com.st.stm32cube.ide.mcu.externaltools.gnu-tools-for-stm32.13.3.rel1.win32_1.0.0.202411081344/tools/bin/../lib/gcc/arm-none-eabi/13.3.1/../../../../arm-none-eabi/lib/thumb/v7e-m+dp/hard\libc_nano.a(libc_a-init.o)
 .ARM.attributes
                0x000007ad       0x32 C:/ST/STM32CubeIDE_1.19.0/STM32CubeIDE/plugins/com.st.stm32cube.ide.mcu.externaltools.gnu-tools-for-stm32.13.3.rel1.win32_1.0.0.202411081344/tools/bin/../lib/gcc/arm-none-eabi/13.3.1/../../../../arm-none-eabi/lib/thumb/v7e-m+dp/hard\libc_nano.a(libc_a-lock.o)
 .ARM.attributes
                0x000007df       0x32 C:/ST/STM32CubeIDE_1.19.0/STM32CubeIDE/plugins/com.st.stm32cube.ide.mcu.externaltools.gnu-tools-for-stm32.13.3.rel1.win32_1.0.0.202411081344/tools/bin/../lib/gcc/arm-none-eabi/13.3.1/../../../../arm-none-eabi/lib/thumb/v7e-m+dp/hard\libc_nano.a(libc_a-freer.o)
 .ARM.attributes
                0x00000811       0x32 C:/ST/STM32CubeIDE_1.19.0/STM32CubeIDE/plugins/com.st.stm32cube.ide.mcu.externaltools.gnu-tools-for-stm32.13.3.rel1.win32_1.0.0.202411081344/tools/bin/../lib/gcc/arm-none-eabi/13.3.1/../../../../arm-none-eabi/lib/thumb/v7e-m+dp/hard\libc_nano.a(libc_a-mallocr.o)
 .ARM.attributes
                0x00000843       0x32 C:/ST/STM32CubeIDE_1.19.0/STM32CubeIDE/plugins/com.st.stm32cube.ide.mcu.externaltools.gnu-tools-for-stm32.13.3.rel1.win32_1.0.0.202411081344/tools/bin/../lib/gcc/arm-none-eabi/13.3.1/../../../../arm-none-eabi/lib/thumb/v7e-m+dp/hard\libc_nano.a(libc_a-mlock.o)
 .ARM.attributes
                0x00000875       0x32 C:/ST/STM32CubeIDE_1.19.0/STM32CubeIDE/plugins/com.st.stm32cube.ide.mcu.externaltools.gnu-tools-for-stm32.13.3.rel1.win32_1.0.0.202411081344/tools/bin/../lib/gcc/arm-none-eabi/13.3.1/../../../../arm-none-eabi/lib/thumb/v7e-m+dp/hard\libc_nano.a(libc_a-nano-vfprintf.o)
 .ARM.attributes
                0x000008a7       0x32 C:/ST/STM32CubeIDE_1.19.0/STM32CubeIDE/plugins/com.st.stm32cube.ide.mcu.externaltools.gnu-tools-for-stm32.13.3.rel1.win32_1.0.0.202411081344/tools/bin/../lib/gcc/arm-none-eabi/13.3.1/../../../../arm-none-eabi/lib/thumb/v7e-m+dp/hard\libc_nano.a(libc_a-nano-vfprintf_i.o)
 .ARM.attributes
                0x000008d9       0x32 C:/ST/STM32CubeIDE_1.19.0/STM32CubeIDE/plugins/com.st.stm32cube.ide.mcu.externaltools.gnu-tools-for-stm32.13.3.rel1.win32_1.0.0.202411081344/tools/bin/../lib/gcc/arm-none-eabi/13.3.1/../../../../arm-none-eabi/lib/thumb/v7e-m+dp/hard\libc_nano.a(libc_a-fflush.o)
 .ARM.attributes
                0x0000090b       0x32 C:/ST/STM32CubeIDE_1.19.0/STM32CubeIDE/plugins/com.st.stm32cube.ide.mcu.externaltools.gnu-tools-for-stm32.13.3.rel1.win32_1.0.0.202411081344/tools/bin/../lib/gcc/arm-none-eabi/13.3.1/../../../../arm-none-eabi/lib/thumb/v7e-m+dp/hard\libc_nano.a(libc_a-wbuf.o)
 .ARM.attributes
                0x0000093d       0x32 C:/ST/STM32CubeIDE_1.19.0/STM32CubeIDE/plugins/com.st.stm32cube.ide.mcu.externaltools.gnu-tools-for-stm32.13.3.rel1.win32_1.0.0.202411081344/tools/bin/../lib/gcc/arm-none-eabi/13.3.1/../../../../arm-none-eabi/lib/thumb/v7e-m+dp/hard\libc_nano.a(libc_a-wsetup.o)
 .ARM.attributes
                0x0000096f       0x32 C:/ST/STM32CubeIDE_1.19.0/STM32CubeIDE/plugins/com.st.stm32cube.ide.mcu.externaltools.gnu-tools-for-stm32.13.3.rel1.win32_1.0.0.202411081344/tools/bin/../lib/gcc/arm-none-eabi/13.3.1/../../../../arm-none-eabi/lib/thumb/v7e-m+dp/hard\libc_nano.a(libc_a-sbrkr.o)
 .ARM.attributes
                0x000009a1       0x1c C:/ST/STM32CubeIDE_1.19.0/STM32CubeIDE/plugins/com.st.stm32cube.ide.mcu.externaltools.gnu-tools-for-stm32.13.3.rel1.win32_1.0.0.202411081344/tools/bin/../lib/gcc/arm-none-eabi/13.3.1/../../../../arm-none-eabi/lib/thumb/v7e-m+dp/hard\libc_nano.a(libc_a-memchr.o)
 .ARM.attributes
                0x000009bd       0x32 C:/ST/STM32CubeIDE_1.19.0/STM32CubeIDE/plugins/com.st.stm32cube.ide.mcu.externaltools.gnu-tools-for-stm32.13.3.rel1.win32_1.0.0.202411081344/tools/bin/../lib/gcc/arm-none-eabi/13.3.1/../../../../arm-none-eabi/lib/thumb/v7e-m+dp/hard\libc_nano.a(libc_a-makebuf.o)
 .ARM.attributes
                0x000009ef       0x32 C:/ST/STM32CubeIDE_1.19.0/STM32CubeIDE/plugins/com.st.stm32cube.ide.mcu.externaltools.gnu-tools-for-stm32.13.3.rel1.win32_1.0.0.202411081344/tools/bin/../lib/gcc/arm-none-eabi/13.3.1/../../../../arm-none-eabi/lib/thumb/v7e-m+dp/hard\libc_nano.a(libc_a-fstatr.o)
 .ARM.attributes
                0x00000a21       0x32 C:/ST/STM32CubeIDE_1.19.0/STM32CubeIDE/plugins/com.st.stm32cube.ide.mcu.externaltools.gnu-tools-for-stm32.13.3.rel1.win32_1.0.0.202411081344/tools/bin/../lib/gcc/arm-none-eabi/13.3.1/../../../../arm-none-eabi/lib/thumb/v7e-m+dp/hard\libc_nano.a(libc_a-isattyr.o)
 .ARM.attributes
                0x00000a53       0x20 C:/ST/STM32CubeIDE_1.19.0/STM32CubeIDE/plugins/com.st.stm32cube.ide.mcu.externaltools.gnu-tools-for-stm32.13.3.rel1.win32_1.0.0.202411081344/tools/bin/../lib/gcc/arm-none-eabi/13.3.1/thumb/v7e-m+dp/hard/crtn.o
OUTPUT(h7_bootloader_application_2_CM7.elf elf32-littlearm)
LOAD linker stubs
LOAD C:/ST/STM32CubeIDE_1.19.0/STM32CubeIDE/plugins/com.st.stm32cube.ide.mcu.externaltools.gnu-tools-for-stm32.13.3.rel1.win32_1.0.0.202411081344/tools/bin/../lib/gcc/arm-none-eabi/13.3.1/../../../../arm-none-eabi/lib/thumb/v7e-m+dp/hard\libc.a
LOAD C:/ST/STM32CubeIDE_1.19.0/STM32CubeIDE/plugins/com.st.stm32cube.ide.mcu.externaltools.gnu-tools-for-stm32.13.3.rel1.win32_1.0.0.202411081344/tools/bin/../lib/gcc/arm-none-eabi/13.3.1/../../../../arm-none-eabi/lib/thumb/v7e-m+dp/hard\libm.a
LOAD C:/ST/STM32CubeIDE_1.19.0/STM32CubeIDE/plugins/com.st.stm32cube.ide.mcu.externaltools.gnu-tools-for-stm32.13.3.rel1.win32_1.0.0.202411081344/tools/bin/../lib/gcc/arm-none-eabi/13.3.1/thumb/v7e-m+dp/hard\libgcc.a

.debug_info     0x00000000    0x14ac5
 .debug_info    0x00000000      0xe73 ./Common/Src/system_stm32h7xx_dualcore_boot_cm4_cm7.o
 .debug_info    0x00000e73     0x14a9 ./Core/Src/main.o
 .debug_info    0x0000231c      0x464 ./Core/Src/stm32h7xx_hal_msp.o
 .debug_info    0x00002780      0x6d3 ./Core/Src/stm32h7xx_it.o
 .debug_info    0x00002e53      0x6d1 ./Core/Src/syscalls.o
 .debug_info    0x00003524      0x168 ./Core/Src/sysmem.o
 .debug_info    0x0000368c       0x30 ./Core/Startup/startup_stm32h747xihx.o
 .debug_info    0x000036bc     0x177a ./Drivers/STM32H7xx_HAL_Driver/stm32h7xx_hal.o
 .debug_info    0x00004e36     0x10d5 ./Drivers/STM32H7xx_HAL_Driver/stm32h7xx_hal_cortex.o
 .debug_info    0x00005f0b      0xd06 ./Drivers/STM32H7xx_HAL_Driver/stm32h7xx_hal_gpio.o
 .debug_info    0x00006c11      0x3d3 ./Drivers/STM32H7xx_HAL_Driver/stm32h7xx_hal_hsem.o
 .debug_info    0x00006fe4     0x1561 ./Drivers/STM32H7xx_HAL_Driver/stm32h7xx_hal_pcd.o