Archive member included to satisfy reference by file (symbol)

C:/ST/STM32CubeIDE_1.19.0/STM32CubeIDE/plugins/com.st.stm32cube.ide.mcu.externaltools.gnu-tools-for-stm32.13.3.rel1.win32_1.0.0.202411081344/tools/bin/../lib/gcc/arm-none-eabi/13.3.1/../../../../arm-none-eabi/lib/thumb/v7e-m+dp/hard\libc_nano.a(libc_a-exit.o)
                              C:/ST/STM32CubeIDE_1.19.0/STM32CubeIDE/plugins/com.st.stm32cube.ide.mcu.externaltools.gnu-tools-for-stm32.13.3.rel1.win32_1.0.0.202411081344/tools/bin/../lib/gcc/arm-none-eabi/13.3.1/../../../../arm-none-eabi/lib/thumb/v7e-m+dp/hard/crt0.o (exit)
C:/ST/STM32CubeIDE_1.19.0/STM32CubeIDE/plugins/com.st.stm32cube.ide.mcu.externaltools.gnu-tools-for-stm32.13.3.rel1.win32_1.0.0.202411081344/tools/bin/../lib/gcc/arm-none-eabi/13.3.1/../../../../arm-none-eabi/lib/thumb/v7e-m+dp/hard\libc_nano.a(libc_a-findfp.o)
                              C:/ST/STM32CubeIDE_1.19.0/STM32CubeIDE/plugins/com.st.stm32cube.ide.mcu.externaltools.gnu-tools-for-stm32.13.3.rel1.win32_1.0.0.202411081344/tools/bin/../lib/gcc/arm-none-eabi/13.3.1/../../../../arm-none-eabi/lib/thumb/v7e-m+dp/hard\libc_nano.a(libc_a-exit.o) (__stdio_exit_handler)
C:/ST/STM32CubeIDE_1.19.0/STM32CubeIDE/plugins/com.st.stm32cube.ide.mcu.externaltools.gnu-tools-for-stm32.13.3.rel1.win32_1.0.0.202411081344/tools/bin/../lib/gcc/arm-none-eabi/13.3.1/../../../../arm-none-eabi/lib/thumb/v7e-m+dp/hard\libc_nano.a(libc_a-fwalk.o)
                              C:/ST/STM32CubeIDE_1.19.0/STM32CubeIDE/plugins/com.st.stm32cube.ide.mcu.externaltools.gnu-tools-for-stm32.13.3.rel1.win32_1.0.0.202411081344/tools/bin/../lib/gcc/arm-none-eabi/13.3.1/../../../../arm-none-eabi/lib/thumb/v7e-m+dp/hard\libc_nano.a(libc_a-findfp.o) (_fwalk_sglue)
C:/ST/STM32CubeIDE_1.19.0/STM32CubeIDE/plugins/com.st.stm32cube.ide.mcu.externaltools.gnu-tools-for-stm32.13.3.rel1.win32_1.0.0.202411081344/tools/bin/../lib/gcc/arm-none-eabi/13.3.1/../../../../arm-none-eabi/lib/thumb/v7e-m+dp/hard\libc_nano.a(libc_a-printf.o)
                              ./Core/Src/main.o (printf)
C:/ST/STM32CubeIDE_1.19.0/STM32CubeIDE/plugins/com.st.stm32cube.ide.mcu.externaltools.gnu-tools-for-stm32.13.3.rel1.win32_1.0.0.202411081344/tools/bin/../lib/gcc/arm-none-eabi/13.3.1/../../../../arm-none-eabi/lib/thumb/v7e-m+dp/hard\libc_nano.a(libc_a-stdio.o)
                              C:/ST/STM32CubeIDE_1.19.0/STM32CubeIDE/plugins/com.st.stm32cube.ide.mcu.externaltools.gnu-tools-for-stm32.13.3.rel1.win32_1.0.0.202411081344/tools/bin/../lib/gcc/arm-none-eabi/13.3.1/../../../../arm-none-eabi/lib/thumb/v7e-m+dp/hard\libc_nano.a(libc_a-findfp.o) (__sread)
C:/ST/STM32CubeIDE_1.19.0/STM32CubeIDE/plugins/com.st.stm32cube.ide.mcu.externaltools.gnu-tools-for-stm32.13.3.rel1.win32_1.0.0.202411081344/tools/bin/../lib/gcc/arm-none-eabi/13.3.1/../../../../arm-none-eabi/lib/thumb/v7e-m+dp/hard\libc_nano.a(libc_a-memset.o)
                              C:/ST/STM32CubeIDE_1.19.0/STM32CubeIDE/plugins/com.st.stm32cube.ide.mcu.externaltools.gnu-tools-for-stm32.13.3.rel1.win32_1.0.0.202411081344/tools/bin/../lib/gcc/arm-none-eabi/13.3.1/../../../../arm-none-eabi/lib/thumb/v7e-m+dp/hard/crt0.o (memset)
C:/ST/STM32CubeIDE_1.19.0/STM32CubeIDE/plugins/com.st.stm32cube.ide.mcu.externaltools.gnu-tools-for-stm32.13.3.rel1.win32_1.0.0.202411081344/tools/bin/../lib/gcc/arm-none-eabi/13.3.1/../../../../arm-none-eabi/lib/thumb/v7e-m+dp/hard\libc_nano.a(libc_a-closer.o)
                              C:/ST/STM32CubeIDE_1.19.0/STM32CubeIDE/plugins/com.st.stm32cube.ide.mcu.externaltools.gnu-tools-for-stm32.13.3.rel1.win32_1.0.0.202411081344/tools/bin/../lib/gcc/arm-none-eabi/13.3.1/../../../../arm-none-eabi/lib/thumb/v7e-m+dp/hard\libc_nano.a(libc_a-stdio.o) (_close_r)
C:/ST/STM32CubeIDE_1.19.0/STM32CubeIDE/plugins/com.st.stm32cube.ide.mcu.externaltools.gnu-tools-for-stm32.13.3.rel1.win32_1.0.0.202411081344/tools/bin/../lib/gcc/arm-none-eabi/13.3.1/../../../../arm-none-eabi/lib/thumb/v7e-m+dp/hard\libc_nano.a(libc_a-reent.o)
                              C:/ST/STM32CubeIDE_1.19.0/STM32CubeIDE/plugins/com.st.stm32cube.ide.mcu.externaltools.gnu-tools-for-stm32.13.3.rel1.win32_1.0.0.202411081344/tools/bin/../lib/gcc/arm-none-eabi/13.3.1/../../../../arm-none-eabi/lib/thumb/v7e-m+dp/hard\libc_nano.a(libc_a-closer.o) (errno)
C:/ST/STM32CubeIDE_1.19.0/STM32CubeIDE/plugins/com.st.stm32cube.ide.mcu.externaltools.gnu-tools-for-stm32.13.3.rel1.win32_1.0.0.202411081344/tools/bin/../lib/gcc/arm-none-eabi/13.3.1/../../../../arm-none-eabi/lib/thumb/v7e-m+dp/hard\libc_nano.a(libc_a-impure.o)
                              C:/ST/STM32CubeIDE_1.19.0/STM32CubeIDE/plugins/com.st.stm32cube.ide.mcu.externaltools.gnu-tools-for-stm32.13.3.rel1.win32_1.0.0.202411081344/tools/bin/../lib/gcc/arm-none-eabi/13.3.1/../../../../arm-none-eabi/lib/thumb/v7e-m+dp/hard\libc_nano.a(libc_a-printf.o) (_impure_ptr)
[...]
Memory Configuration

Name             Origin             Length             Attributes
RAM_D1           0x24000000         0x00080000         xrw
FLASH            0x08040000         0x00060000         xr
DTCMRAM          0x20000000         0x00020000         xrw
RAM_D2           0x30000000         0x00048000         xrw
RAM_D3           0x38000000         0x00010000         xrw
ITCMRAM          0x00000000         0x00010000         xrw
*default*        0x00000000         0xffffffff

Linker script and memory map

LOAD C:/ST/STM32CubeIDE_1.19.0/STM32CubeIDE/plugins/com.st.stm32cube.ide.mcu.externaltools.gnu-tools-for-stm32.13.3.rel1.win32_1.0.0.202411081344/tools/bin/../lib/gcc/arm-none-eabi/13.3.1/thumb/v7e-m+dp/hard/crti.o
LOAD C:/ST/STM32CubeIDE_1.19.0/STM32CubeIDE/plugins/com.st.stm32cube.ide.mcu.externaltools.gnu-tools-for-stm32.13.3.rel1.win32_1.0.0.202411081344/tools/bin/../lib/gcc/arm-none-eabi/13.3.1/thumb/v7e-m+dp/hard/crtbegin.o
LOAD C:/ST/STM32CubeIDE_1.19.0/STM32CubeIDE/plugins/com.st.stm32cube.ide.mcu.externaltools.gnu-tools-for-stm32.13.3.rel1.win32_1.0.0.202411081344/tools/bin/../lib/gcc/arm-none-eabi/13.3.1/../../../../arm-none-eabi/lib/thumb/v7e-m+dp/hard/crt0.o
LOAD ./Common/Src/system_stm32h7xx_dualcore_boot_cm4_cm7.o
LOAD ./Core/Src/main.o
LOAD ./Core/Src/stm32h7xx_hal_msp.o
LOAD ./Core/Src/stm32h7xx_it.o
LOAD ./Core/Src/syscalls.o
LOAD ./Core/Src/sysmem.o
LOAD ./Core/Src/usbd_dfu_flash.o
LOAD ./Core/Startup/startup_stm32h747xihx.o
LOAD ./Drivers/STM32H7xx_HAL_Driver/stm32h7xx_hal.o
LOAD ./Drivers/STM32H7xx_HAL_Driver/stm32h7xx_hal_cortex.o
LOAD ./Drivers/STM32H7xx_HAL_Driver/stm32h7xx_hal_crc.o
LOAD ./Drivers/STM32H7xx_HAL_Driver/stm32h7xx_hal_crc_ex.o
LOAD ./Drivers/STM32H7xx_HAL_Driver/stm32h7xx_hal_dma.o
LOAD ./Drivers/STM32H7xx_HAL_Driver/stm32h7xx_hal_dma_ex.o
LOAD ./Drivers/STM32H7xx_HAL_Driver/stm32h7xx_hal_exti.o
LOAD ./Drivers/STM32H7xx_HAL_Driver/stm32h7xx_hal_flash.o
LOAD ./Drivers/STM32H7xx_HAL_Driver/stm32h7xx_hal_flash_ex.o
LOAD ./Drivers/STM32H7xx_HAL_Driver/stm32h7xx_hal_gpio.o
LOAD ./Drivers/STM32H7xx_HAL_Driver/stm32h7xx_hal_hsem.o
LOAD ./Drivers/STM32H7xx_HAL_Driver/stm32h7xx_hal_i2c.o
LOAD ./Drivers/STM32H7xx_HAL_Driver/stm32h7xx_hal_i2c_ex.o
LOAD ./Drivers/STM32H7xx_HAL_Driver/stm32h7xx_hal_mdma.o
LOAD ./Drivers/STM32H7xx_HAL_Driver/stm32h7xx_hal_pcd.o
LOAD ./Drivers/STM32H7xx_HAL_Driver/stm32h7xx_hal_pcd_ex.o
LOAD ./Drivers/STM32H7xx_HAL_Driver/stm32h7xx_hal_pwr.o
LOAD ./Drivers/STM32H7xx_HAL_Driver/stm32h7xx_hal_pwr_ex.o
LOAD ./Drivers/STM32H7xx_HAL_Driver/stm32h7xx_hal_rcc.o
LOAD ./Drivers/STM32H7xx_HAL_Driver/stm32h7xx_hal_rcc_ex.o
LOAD ./Drivers/STM32H7xx_HAL_Driver/stm32h7xx_hal_uart.o
LOAD ./Drivers/STM32H7xx_HAL_Driver/stm32h7xx_hal_uart_ex.o
LOAD ./Drivers/STM32H7xx_HAL_Driver/stm32h7xx_ll_usb.o
LOAD ./Middlewares/ST/STM32_USB_Device_Library/usbd_core.o
LOAD ./Middlewares/ST/STM32_USB_Device_Library/usbd_ctlreq.o
LOAD ./Middlewares/ST/STM32_USB_Device_Library/usbd_dfu.o
LOAD ./Middlewares/ST/STM32_USB_Device_Library/usbd_ioreq.o
LOAD ./USB_DEVICE/App/usb_device.o
LOAD ./USB_DEVICE/App/usbd_desc.o
LOAD ./USB_DEVICE/App/usbd_dfu_if.o
LOAD ./USB_DEVICE/Target/usbd_conf.o
START GROUP
LOAD C:/ST/STM32CubeIDE_1.19.0/STM32CubeIDE/plugins/com.st.stm32cube.ide.mcu.externaltools.gnu-tools-for-stm32.13.3.rel1.win32_1.0.0.202411081344/tools/bin/../lib/gcc/arm-none-eabi/13.3.1/../../../../arm-none-eabi/lib/thumb/v7e-m+dp/hard\libc_nano.a
LOAD C:/ST/STM32CubeIDE_1.19.0/STM32CubeIDE/plugins/com.st.stm32cube.ide.mcu.externaltools.gnu-tools-for-stm32.13.3.rel1.win32_1.0.0.202411081344/tools/bin/../lib/gcc/arm-none-eabi/13.3.1/../../../../arm-none-eabi/lib/thumb/v7e-m+dp/hard\libm.a
END GROUP
START GROUP
LOAD C:/ST/STM32CubeIDE_1.19.0/STM32CubeIDE/plugins/com.st.stm32cube.ide.mcu.externaltools.gnu-tools-for-stm32.13.3.rel1.win32_1.0.0.202411081344/tools/bin/../lib/gcc/arm-none-eabi/13.3.1/thumb/v7e-m+dp/hard\libgcc.a
LOAD C:/ST/STM32CubeIDE_1.19.0/STM32CubeIDE/plugins/com.st.stm32cube.ide.mcu.externaltools.gnu-tools-for-stm32.13.3.rel1.win32_1.0.0.202411081344/tools/bin/../lib/gcc/arm-none-eabi/13.3.1/../../../../arm-none-eabi/lib/thumb/v7e-m+dp/hard\libc_nano.a
END GROUP
START GROUP
LOAD C:/ST/STM32CubeIDE_1.19.0/STM32CubeIDE/plugins/com.st.stm32cube.ide.mcu.externaltools.gnu-tools-for-stm32.13.3.rel1.win32_1.0.0.202411081344/tools/bin/../lib/gcc/arm-none-eabi/13.3.1/thumb/v7e-m+dp/hard\libgcc.a
LOAD C:/ST/STM32CubeIDE_1.19.0/STM32CubeIDE/plugins/com.st.stm32cube.ide.mcu.externaltools.gnu-tools-for-stm32.13.3.rel1.win32_1.0.0.202411081344/tools/bin/../lib/gcc/arm-none-eabi/13.3.1/../../../../arm-none-eabi/lib/thumb/v7e-m+dp/hard\libc_nano.a
LOAD C:/ST/STM32CubeIDE_1.19.0/STM32CubeIDE/plugins/com.st.stm32cube.ide.mcu.externaltools.gnu-tools-for-stm32.13.3.rel1.win32_1.0.0.202411081344/tools/bin/../lib/gcc/arm-none-eabi/13.3.1/../../../../arm-none-eabi/lib/thumb/v7e-m+dp/hard\libnosys.a
END GROUP
START GROUP
LOAD C:/ST/STM32CubeIDE_1.19.0/STM32CubeIDE/plugins/com.st.stm32cube.ide.mcu.externaltools.gnu-tools-for-stm32.13.3.rel1.win32_1.0.0.202411081344/tools/bin/../lib/gcc/arm-none-eabi/13.3.1/thumb/v7e-m+dp/hard\libgcc.a
LOAD C:/ST/STM32CubeIDE_1.19.0/STM32CubeIDE/plugins/com.st.stm32cube.ide.mcu.externaltools.gnu-tools-for-stm32.13.3.rel1.win32_1.0.0.202411081344/tools/bin/../lib/gcc/arm-none-eabi/13.3.1/../../../../arm-none-eabi/lib/thumb/v7e-m+dp/hard\libc_nano.a
LOAD C:/ST/STM32CubeIDE_1.19.0/STM32CubeIDE/plugins/com.st.stm32cube.ide.mcu.externaltools.gnu-tools-for-stm32.13.3.rel1.win32_1.0.0.202411081344/tools/bin/../lib/gcc/arm-none-eabi/13.3.1/../../../../arm-none-eabi/lib/thumb/v7e-m+dp/hard\libnosys.a
END GROUP
LOAD C:/ST/STM32CubeIDE_1.19.0/STM32CubeIDE/plugins/com.st.stm32cube.ide.mcu.externaltools.gnu-tools-for-stm32.13.3.rel1.win32_1.0.0.202411081344/tools/bin/../lib/gcc/arm-none-eabi/13.3.1/thumb/v7e-m+dp/hard/crtend.o
LOAD C:/ST/STM32CubeIDE_1.19.0/STM32CubeIDE/plugins/com.st.stm32cube.ide.mcu.externaltools.gnu-tools-for-stm32.13.3.rel1.win32_1.0.0.202411081344/tools/bin/../lib/gcc/arm-none-eabi/13.3.1/thumb/v7e-m+dp/hard/crtn.o
                0x2407fffc                        _bfalg = ((ORIGIN (RAM_D1) + LENGTH (RAM_D1)) - 0x4)
                0x2407fffc                        _estack = _bfalg
                0x00000200                        _Min_Heap_Size = 0x200
                0x00000400                        _Min_Stack_Size = 0x400

.isr_vector     0x08040000      0x298
                0x08040000                        . = ALIGN (0x4)
 *(.isr_vector)
 .isr_vector    0x08040000      0x298 ./Core/Startup/startup_stm32h747xihx.o
                0x08040000                g_pfnVectors
                0x08040298                        . = ALIGN (0x4)

.text           0x080402a0     0xbf50
                0x080402a0                        . = ALIGN (0x4)
 *(.text)
 .text          0x080402a0       0x40 C:/ST/STM32CubeIDE_1.19.0/STM32CubeIDE/plugins/com.st.stm32cube.ide.mcu.externaltools.gnu-tools-for-stm32.13.3.rel1.win32_1.0.0.202411081344/tools/bin/../lib/gcc/arm-none-eabi/13.3.1/thumb/v7e-m+dp/hard/crtbegin.o
 .text          0x080402e0       0xa0 C:/ST/STM32CubeIDE_1.19.0/STM32CubeIDE/plugins/com.st.stm32cube.ide.mcu.externaltools.gnu-tools-for-stm32.13.3.rel1.win32_1.0.0.202411081344/tools/bin/../lib/gcc/arm-none-eabi/13.3.1/../../../../arm-none-eabi/lib/thumb/v7e-m+dp/hard\libc_nano.a(libc_a-memchr.o)
                0x080402e0                memchr
 .text          0x08040380       0x30 C:/ST/STM32CubeIDE_1.19.0/STM32CubeIDE/plugins/com.st.stm32cube.ide.mcu.externaltools.gnu-tools-for-stm32.13.3.rel1.win32_1.0.0.202411081344/tools/bin/../lib/gcc/arm-none-eabi/13.3.1/thumb/v7e-m+dp/hard\libgcc.a(_aeabi_uldivmod.o)
                0x08040380                __aeabi_uldivmod
 .text          0x080403b0      0x2f8 C:/ST/STM32CubeIDE_1.19.0/STM32CubeIDE/plugins/com.st.stm32cube.ide.mcu.externaltools.gnu-tools-for-stm32.13.3.rel1.win32_1.0.0.202411081344/tools/bin/../lib/gcc/arm-none-eabi/13.3.1/thumb/v7e-m+dp/hard\libgcc.a(_udivmoddi4.o)
                0x080403b0                __udivmoddi4
 .text          0x080406a8        0x4 C:/ST/STM32CubeIDE_1.19.0/STM32CubeIDE/plugins/com.st.stm32cube.ide.mcu.externaltools.gnu-tools-for-stm32.13.3.rel1.win32_1.0.0.202411081344/tools/bin/../lib/gcc/arm-none-eabi/13.3.1/thumb/v7e-m+dp/hard\libgcc.a(_dvmd_tls.o)
                0x080406a8                __aeabi_idiv0
                0x080406a8                __aeabi_ldiv0
 *(.text*)
 .text.SystemInit
                0x080406ac      0x164 ./Common/Src/system_stm32h7xx_dualcore_boot_cm4_cm7.o
                0x080406ac                SystemInit
 .text.ExitRun0Mode
                0x08040810       0x30 ./Common/Src/system_stm32h7xx_dualcore_boot_cm4_cm7.o
                0x08040810                ExitRun0Mode
 .text.main     0x08040840       0x80 ./Core/Src/main.o
                0x08040840                main
 .text.SystemClock_Config
                0x080408c0      0x10c ./Core/Src/main.o
                0x080408c0                SystemClock_Config
 .text.PeriphCommonClock_Config
                0x080409cc       0x5e ./Core/Src/main.o
                0x080409cc                PeriphCommonClock_Config
 *fill*         0x08040a2a        0x2 
 .text.MX_CRC_Init
                0x08040a2c       0x44 ./Core/Src/main.o
 .text.MX_USART1_UART_Init
                0x08040a70       0x98 ./Core/Src/main.o
 .text.MX_GPIO_Init
                0x08040b08      0x108 ./Core/Src/main.o
 .text.Error_Handler
                0x08040c10        0xc ./Core/Src/main.o
                0x08040c10                Error_Handler
 .text.HAL_MspInit
                0x08040c1c       0x34 ./Core/Src/stm32h7xx_hal_msp.o
                0x08040c1c                HAL_MspInit
 .text.HAL_CRC_MspInit
                0x08040c50       0x44 ./Core/Src/stm32h7xx_hal_msp.o
                0x08040c50                HAL_CRC_MspInit
 .text.HAL_UART_MspInit
                0x08040c94       0xd4 ./Core/Src/stm32h7xx_hal_msp.o
                0x08040c94                HAL_UART_MspInit
 .text.NMI_Handler
                0x08040d68        0x8 ./Core/Src/stm32h7xx_it.o
                0x08040d68                NMI_Handler
 .text.HardFault_Handler
                0x08040d70        0x8 ./Core/Src/stm32h7xx_it.o
                0x08040d70                HardFault_Handler
 .text.MemManage_Handler
                0x08040d78        0x8 ./Core/Src/stm32h7xx_it.o
                0x08040d78                MemManage_Handler
 .text.BusFault_Handler
                0x08040d80        0x8 ./Core/Src/stm32h7xx_it.o
                0x08040d80                BusFault_Handler
 .text.UsageFault_Handler
                0x08040d88        0x8 ./Core/Src/stm32h7xx_it.o
                0x08040d88                UsageFault_Handler
 .text.SVC_Handler
                0x08040d90        0xe ./Core/Src/stm32h7xx_it.o
                0x08040d90                SVC_Handler
 .text.DebugMon_Handler
                0x08040d9e        0xe ./Core/Src/stm32h7xx_it.o
                0x08040d9e                DebugMon_Handler
 .text.PendSV_Handler
                0x08040dac        0xe ./Core/Src/stm32h7xx_it.o
                0x08040dac                PendSV_Handler
 .text.SysTick_Handler
                0x08040dba        0xc ./Core/Src/stm32h7xx_it.o
                0x08040dba                SysTick_Handler
 *fill*         0x08040dc6        0x2 
 .text.OTG_HS_IRQHandler
                0x08040dc8       0x14 ./Core/Src/stm32h7xx_it.o
                0x08040dc8                OTG_HS_IRQHandler
 .text.ITM_SendChar
                0x08040ddc       0x50 ./Core/Src/syscalls.o
                0x08040ddc                ITM_SendChar
 .text._read    0x08040e2c       0x3a ./Core/Src/syscalls.o
                0x08040e2c                _read
 .text._write   0x08040e66       0x38 ./Core/Src/syscalls.o
                0x08040e66                _write
 .text._close   0x08040e9e       0x18 ./Core/Src/syscalls.o
                0x08040e9e                _close
 .text._fstat   0x08040eb6       0x20 ./Core/Src/syscalls.o
                0x08040eb6                _fstat
 .text._isatty  0x08040ed6       0x16 ./Core/Src/syscalls.o
                0x08040ed6                _isatty
 .text._lseek   0x08040eec       0x1a ./Core/Src/syscalls.o
                0x08040eec                _lseek
 *fill*         0x08040f06        0x2 
 .text._sbrk    0x08040f08       0x6c ./Core/Src/sysmem.o
                0x08040f08                _sbrk
 .text.Reset_Handler
                0x08040f74       0x54 ./Core/Startup/startup_stm32h747xihx.o
                0x08040f74                Reset_Handler
 .text.Default_Handler
                0x08040fc8        0x2 ./Core/Startup/startup_stm32h747xihx.o
                0x08040fc8                RTC_Alarm_IRQHandler
                0x08040fc8                EXTI2_IRQHandler
                0x08040fc8                TIM8_CC_IRQHandler
                0x08040fc8                HRTIM1_Master_IRQHandler
                0x08040fc8                UART8_IRQHandler
                0x08040fc8                SPI4_IRQHandler
                0x08040fc8                TIM1_CC_IRQHandler
                0x08040fc8                BDMA_Channel6_IRQHandler
                0x08040fc8                DMA2_Stream5_IRQHandler
                0x08040fc8                HRTIM1_FLT_IRQHandler
                0x08040fc8                JPEG_IRQHandler
                0x08040fc8                DMA1_Stream5_IRQHandler
                0x08040fc8                BDMA_Channel1_IRQHandler
                0x08040fc8                HRTIM1_TIMD_IRQHandler
                0x08040fc8                TAMP_STAMP_IRQHandler
                0x08040fc8                EXTI3_IRQHandler
                0x08040fc8                LPTIM4_IRQHandler
                0x08040fc8                TIM8_TRG_COM_TIM14_IRQHandler
                0x08040fc8                LPTIM2_IRQHandler
                0x08040fc8                DFSDM1_FLT1_IRQHandler
                0x08040fc8                DMAMUX2_OVR_IRQHandler
                0x08040fc8                TIM8_UP_TIM13_IRQHandler
                0x08040fc8                I2C3_ER_IRQHandler
                0x08040fc8                DFSDM1_FLT2_IRQHandler
                0x08040fc8                MDMA_IRQHandler
                0x08040fc8                LPTIM3_IRQHandler
                0x08040fc8                HSEM1_IRQHandler
                0x08040fc8                EXTI0_IRQHandler
                0x08040fc8                I2C2_EV_IRQHandler
                0x08040fc8                DMA1_Stream2_IRQHandler
                0x08040fc8                FPU_IRQHandler
                0x08040fc8                OTG_HS_WKUP_IRQHandler
                0x08040fc8                FDCAN1_IT1_IRQHandler
                0x08040fc8                LTDC_ER_IRQHandler
                0x08040fc8                DMA2_Stream2_IRQHandler
                0x08040fc8                HRTIM1_TIME_IRQHandler
                0x08040fc8                SPI1_IRQHandler
                0x08040fc8                TIM6_DAC_IRQHandler
                0x08040fc8                DCMI_IRQHandler
                0x08040fc8                HRTIM1_TIMC_IRQHandler
                0x08040fc8                DMA2_Stream3_IRQHandler
                0x08040fc8                SAI2_IRQHandler
                0x08040fc8                DFSDM1_FLT3_IRQHandler
                0x08040fc8                USART6_IRQHandler
                0x08040fc8                TIM17_IRQHandler
                0x08040fc8                USART3_IRQHandler
                0x08040fc8                BDMA_Channel7_IRQHandler
                0x08040fc8                LPTIM5_IRQHandler
                0x08040fc8                UART5_IRQHandler
                0x08040fc8                ADC3_IRQHandler
                0x08040fc8                DMA2_Stream0_IRQHandler
                0x08040fc8                TIM4_IRQHandler
                0x08040fc8                BDMA_Channel2_IRQHandler
                0x08040fc8                QUADSPI_IRQHandler
                0x08040fc8                I2C1_EV_IRQHandler
                0x08040fc8                DMA1_Stream6_IRQHandler
                0x08040fc8                DMAMUX1_OVR_IRQHandler
                0x08040fc8                DMA1_Stream1_IRQHandler
                0x08040fc8                TIM16_IRQHandler
                0x08040fc8                UART4_IRQHandler
                0x08040fc8                BDMA_Channel5_IRQHandler
                0x08040fc8                TIM3_IRQHandler
                0x08040fc8                RCC_IRQHandler
                0x08040fc8                TIM8_BRK_TIM12_IRQHandler
                0x08040fc8                TIM1_TRG_COM_IRQHandler
                0x08040fc8                Default_Handler
                0x08040fc8                ECC_IRQHandler
                0x08040fc8                CEC_IRQHandler
                0x08040fc8                EXTI15_10_IRQHandler
                0x08040fc8                BDMA_Channel0_IRQHandler
                0x08040fc8                ADC_IRQHandler
                0x08040fc8                DMA1_Stream7_IRQHandler
                0x08040fc8                HRTIM1_TIMA_IRQHandler
                0x08040fc8                SPI5_IRQHandler
                0x08040fc8                TIM7_IRQHandler
                0x08040fc8                SDMMC1_IRQHandler
                0x08040fc8                TIM5_IRQHandler
                0x08040fc8                DMA2_Stream7_IRQHandler
                0x08040fc8                TIM15_IRQHandler
                0x08040fc8                PVD_AVD_IRQHandler
                0x08040fc8                I2C3_EV_IRQHandler
                0x08040fc8                EXTI9_5_IRQHandler
                0x08040fc8                RTC_WKUP_IRQHandler
                0x08040fc8                LTDC_IRQHandler
                0x08040fc8                SAI3_IRQHandler
                0x08040fc8                ETH_WKUP_IRQHandler
                0x08040fc8                SPDIF_RX_IRQHandler
                0x08040fc8                SPI2_IRQHandler
                0x08040fc8                OTG_HS_EP1_IN_IRQHandler
                0x08040fc8                DMA1_Stream0_IRQHandler
                0x08040fc8                CRS_IRQHandler
                0x08040fc8                CM7_SEV_IRQHandler
                0x08040fc8                EXTI4_IRQHandler
                0x08040fc8                RNG_IRQHandler
                0x08040fc8                CM4_SEV_IRQHandler
                0x08040fc8                HRTIM1_TIMB_IRQHandler
                0x08040fc8                FDCAN2_IT1_IRQHandler
                0x08040fc8                DSI_IRQHandler
                0x08040fc8                ETH_IRQHandler
                0x08040fc8                TIM1_UP_IRQHandler
                0x08040fc8                WWDG_RST_IRQHandler
                0x08040fc8                BDMA_Channel4_IRQHandler
                0x08040fc8                OTG_HS_EP1_OUT_IRQHandler
                0x08040fc8                WWDG_IRQHandler
                0x08040fc8                SPI6_IRQHandler
                0x08040fc8                MDIOS_IRQHandler
                0x08040fc8                I2C4_EV_IRQHandler
                0x08040fc8                FDCAN2_IT0_IRQHandler
                0x08040fc8                LPUART1_IRQHandler
                0x08040fc8                FDCAN1_IT0_IRQHandler
                0x08040fc8                TIM2_IRQHandler
                0x08040fc8                OTG_FS_WKUP_IRQHandler
                0x08040fc8                HSEM2_IRQHandler
                0x08040fc8                DMA2D_IRQHandler
                0x08040fc8                TIM1_BRK_IRQHandler
                0x08040fc8                EXTI1_IRQHandler
                0x08040fc8                SDMMC2_IRQHandler
                0x08040fc8                OTG_FS_EP1_OUT_IRQHandler
                0x08040fc8                BDMA_Channel3_IRQHandler
                0x08040fc8                HOLD_CORE_IRQHandler
                0x08040fc8                UART7_IRQHandler
                0x08040fc8                MDIOS_WKUP_IRQHandler
                0x08040fc8                USART2_IRQHandler
                0x08040fc8                DFSDM1_FLT0_IRQHandler
                0x08040fc8                SAI4_IRQHandler
                0x08040fc8                I2C2_ER_IRQHandler
                0x08040fc8                DMA2_Stream1_IRQHandler
                0x08040fc8                FLASH_IRQHandler
                0x08040fc8                DMA2_Stream4_IRQHandler
                0x08040fc8                USART1_IRQHandler
                0x08040fc8                OTG_FS_IRQHandler
                0x08040fc8                SPI3_IRQHandler
                0x08040fc8                WAKEUP_PIN_IRQHandler
                0x08040fc8                DMA1_Stream4_IRQHandler
                0x08040fc8                OTG_FS_EP1_IN_IRQHandler
                0x08040fc8                I2C1_ER_IRQHandler
                0x08040fc8                FMC_IRQHandler
                0x08040fc8                FDCAN_CAL_IRQHandler
                0x08040fc8                SWPMI1_IRQHandler
                0x08040fc8                COMP1_IRQHandler
                0x08040fc8                LPTIM1_IRQHandler
                0x08040fc8                I2C4_ER_IRQHandler
                0x08040fc8                DMA2_Stream6_IRQHandler
                0x08040fc8                SAI1_IRQHandler
                0x08040fc8                DMA1_Stream3_IRQHandler
 *fill*         0x08040fca        0x2 
 .text.HAL_Init
                0x08040fcc       0x78 ./Drivers/STM32H7xx_HAL_Driver/stm32h7xx_hal.o
                0x08040fcc                HAL_Init
 .text.HAL_InitTick
                0x08041044       0x6c ./Drivers/STM32H7xx_HAL_Driver/stm32h7xx_hal.o
                0x08041044                HAL_InitTick
 .text.HAL_IncTick
                0x080410b0       0x28 ./Drivers/STM32H7xx_HAL_Driver/stm32h7xx_hal.o
                0x080410b0                HAL_IncTick
 .text.HAL_GetTick
                0x080410d8       0x18 ./Drivers/STM32H7xx_HAL_Driver/stm32h7xx_hal.o
                0x080410d8                HAL_GetTick
 .text.HAL_Delay
                0x080410f0       0x48 ./Drivers/STM32H7xx_HAL_Driver/stm32h7xx_hal.o
                0x080410f0                HAL_Delay
 .text.HAL_GetREVID
                0x08041138       0x18 ./Drivers/STM32H7xx_HAL_Driver/stm32h7xx_hal.o
                0x08041138                HAL_GetREVID
 .text.__NVIC_SetPriorityGrouping
                0x08041150       0x48 ./Drivers/STM32H7xx_HAL_Driver/stm32h7xx_hal_cortex.o
 .text.__NVIC_GetPriorityGrouping
                0x08041198       0x1c ./Drivers/STM32H7xx_HAL_Driver/stm32h7xx_hal_cortex.o
 .text.__NVIC_EnableIRQ
                0x080411b4       0x3c ./Drivers/STM32H7xx_HAL_Driver/stm32h7xx_hal_cortex.o
 .text.__NVIC_SetPriority
                0x080411f0       0x54 ./Drivers/STM32H7xx_HAL_Driver/stm32h7xx_hal_cortex.o
 .text.NVIC_EncodePriority
                0x08041244       0x66 ./Drivers/STM32H7xx_HAL_Driver/stm32h7xx_hal_cortex.o
 *fill*         0x080412aa        0x2 
 .text.SysTick_Config
                0x080412ac       0x44 ./Drivers/STM32H7xx_HAL_Driver/stm32h7xx_hal_cortex.o
 .text.HAL_NVIC_SetPriorityGrouping
                0x080412f0       0x16 ./Drivers/STM32H7xx_HAL_Driver/stm32h7xx_hal_cortex.o
                0x080412f0                HAL_NVIC_SetPriorityGrouping
 .text.HAL_NVIC_SetPriority
                0x08041306       0x34 ./Drivers/STM32H7xx_HAL_Driver/stm32h7xx_hal_cortex.o
                0x08041306                HAL_NVIC_SetPriority
 .text.HAL_NVIC_EnableIRQ
                0x0804133a       0x1c ./Drivers/STM32H7xx_HAL_Driver/stm32h7xx_hal_cortex.o
                0x0804133a                HAL_NVIC_EnableIRQ
 .text.HAL_SYSTICK_Config
                0x08041356       0x18 ./Drivers/STM32H7xx_HAL_Driver/stm32h7xx_hal_cortex.o
                0x08041356                HAL_SYSTICK_Config
 *fill*         0x0804136e        0x2 
 .text.HAL_CRC_Init
                0x08041370       0xc8 ./Drivers/STM32H7xx_HAL_Driver/stm32h7xx_hal_crc.o
                0x08041370                HAL_CRC_Init
 .text.HAL_CRCEx_Polynomial_Set
                0x08041438      0x11c ./Drivers/STM32H7xx_HAL_Driver/stm32h7xx_hal_crc_ex.o
                0x08041438                HAL_CRCEx_Polynomial_Set
 .text.HAL_GPIO_Init
                0x08041554      0x360 ./Drivers/STM32H7xx_HAL_Driver/stm32h7xx_hal_gpio.o
                0x08041554                HAL_GPIO_Init
 .text.HAL_GPIO_WritePin
                0x080418b4       0x32 ./Drivers/STM32H7xx_HAL_Driver/stm32h7xx_hal_gpio.o
                0x080418b4                HAL_GPIO_WritePin
 .text.HAL_GPIO_TogglePin
                0x080418e6       0x34 ./Drivers/STM32H7xx_HAL_Driver/stm32h7xx_hal_gpio.o
                0x080418e6                HAL_GPIO_TogglePin
 *fill*         0x0804191a        0x2 
 .text.HAL_HSEM_FastTake
                0x0804191c       0x34 ./Drivers/STM32H7xx_HAL_Driver/stm32h7xx_hal_hsem.o
                0x0804191c                HAL_HSEM_FastTake
 .text.HAL_HSEM_Release
                0x08041950       0x28 ./Drivers/STM32H7xx_HAL_Driver/stm32h7xx_hal_hsem.o
                0x08041950                HAL_HSEM_Release
 .text.HAL_PCD_Init
                0x08041978      0x218 ./Drivers/STM32H7xx_HAL_Driver/stm32h7xx_hal_pcd.o
                0x08041978                HAL_PCD_Init
 .text.HAL_PCD_Start
                0x08041b90       0x6a ./Drivers/STM32H7xx_HAL_Driver/stm32h7xx_hal_pcd.o
                0x08041b90                HAL_PCD_Start
 .text.HAL_PCD_Stop
                0x08041bfa       0x76 ./Drivers/STM32H7xx_HAL_Driver/stm32h7xx_hal_pcd.o
                0x08041bfa                HAL_PCD_Stop
 .text.HAL_PCD_IRQHandler
                0x08041c70      0x99c ./Drivers/STM32H7xx_HAL_Driver/stm32h7xx_hal_pcd.o
                0x08041c70                HAL_PCD_IRQHandler
 .text.HAL_PCD_SetAddress
                0x0804260c       0x48 ./Drivers/STM32H7xx_HAL_Driver/stm32h7xx_hal_pcd.o
                0x0804260c                HAL_PCD_SetAddress
 .text.HAL_PCD_EP_Open
                0x08042654       0xd4 ./Drivers/STM32H7xx_HAL_Driver/stm32h7xx_hal_pcd.o
                0x08042654                HAL_PCD_EP_Open
 .text.HAL_PCD_EP_Receive
                0x08042728       0x76 ./Drivers/STM32H7xx_HAL_Driver/stm32h7xx_hal_pcd.o
                0x08042728                HAL_PCD_EP_Receive
 .text.HAL_PCD_EP_Transmit
                0x0804279e       0x74 ./Drivers/STM32H7xx_HAL_Driver/stm32h7xx_hal_pcd.o
                0x0804279e                HAL_PCD_EP_Transmit
 .text.HAL_PCD_EP_SetStall
                0x08042812       0xc6 ./Drivers/STM32H7xx_HAL_Driver/stm32h7xx_hal_pcd.o
                0x08042812                HAL_PCD_EP_SetStall
 .text.HAL_PCD_EP_ClrStall
                0x080428d8       0xac ./Drivers/STM32H7xx_HAL_Driver/stm32h7xx_hal_pcd.o
                0x080428d8                HAL_PCD_EP_ClrStall
 .text.HAL_PCD_EP_Abort
                0x08042984       0x62 ./Drivers/STM32H7xx_HAL_Driver/stm32h7xx_hal_pcd.o
                0x08042984                HAL_PCD_EP_Abort
 .text.PCD_WriteEmptyTxFifo
                0x080429e6      0x118 ./Drivers/STM32H7xx_HAL_Driver/stm32h7xx_hal_pcd.o
 *fill*         0x08042afe        0x2 
 .text.PCD_EP_OutXfrComplete_int
                0x08042b00      0x1d0 ./Drivers/STM32H7xx_HAL_Driver/stm32h7xx_hal_pcd.o
 .text.PCD_EP_OutSetupPacket_int
                0x08042cd0       0x8c ./Drivers/STM32H7xx_HAL_Driver/stm32h7xx_hal_pcd.o
 .text.HAL_PCDEx_SetTxFiFo
                0x08042d5c       0x8e ./Drivers/STM32H7xx_HAL_Driver/stm32h7xx_hal_pcd_ex.o
                0x08042d5c                HAL_PCDEx_SetTxFiFo
 .text.HAL_PCDEx_SetRxFiFo
                0x08042dea       0x22 ./Drivers/STM32H7xx_HAL_Driver/stm32h7xx_hal_pcd_ex.o
                0x08042dea                HAL_PCDEx_SetRxFiFo
 .text.HAL_PCDEx_ActivateLPM
                0x08042e0c       0x48 ./Drivers/STM32H7xx_HAL_Driver/stm32h7xx_hal_pcd_ex.o
                0x08042e0c                HAL_PCDEx_ActivateLPM
 .text.HAL_PCDEx_LPM_Callback
                0x08042e54       0x18 ./Drivers/STM32H7xx_HAL_Driver/stm32h7xx_hal_pcd_ex.o
                0x08042e54                HAL_PCDEx_LPM_Callback
 .text.HAL_PWREx_ConfigSupply
                0x08042e6c       0xb4 ./Drivers/STM32H7xx_HAL_Driver/stm32h7xx_hal_pwr_ex.o
                0x08042e6c                HAL_PWREx_ConfigSupply
 .text.HAL_PWREx_EnableUSBVoltageDetector
                0x08042f20       0x20 ./Drivers/STM32H7xx_HAL_Driver/stm32h7xx_hal_pwr_ex.o
                0x08042f20                HAL_PWREx_EnableUSBVoltageDetector
 .text.HAL_RCC_OscConfig
                0x08042f40      0x8b4 ./Drivers/STM32H7xx_HAL_Driver/stm32h7xx_hal_rcc.o
                0x08042f40                HAL_RCC_OscConfig
 .text.HAL_RCC_ClockConfig
                0x080437f4      0x36c ./Drivers/STM32H7xx_HAL_Driver/stm32h7xx_hal_rcc.o
                0x080437f4                HAL_RCC_ClockConfig
 .text.HAL_RCC_MCOConfig
                0x08043b60       0xd4 ./Drivers/STM32H7xx_HAL_Driver/stm32h7xx_hal_rcc.o
                0x08043b60                HAL_RCC_MCOConfig
 .text.HAL_RCC_GetSysClockFreq
                0x08043c34      0x2f4 ./Drivers/STM32H7xx_HAL_Driver/stm32h7xx_hal_rcc.o
                0x08043c34                HAL_RCC_GetSysClockFreq
 .text.HAL_RCC_GetHCLKFreq
                0x08043f28       0x60 ./Drivers/STM32H7xx_HAL_Driver/stm32h7xx_hal_rcc.o
                0x08043f28                HAL_RCC_GetHCLKFreq
 .text.HAL_RCC_GetPCLK1Freq
                0x08043f88       0x2c ./Drivers/STM32H7xx_HAL_Driver/stm32h7xx_hal_rcc.o
                0x08043f88                HAL_RCC_GetPCLK1Freq
 .text.HAL_RCC_GetPCLK2Freq
                0x08043fb4       0x2c ./Drivers/STM32H7xx_HAL_Driver/stm32h7xx_hal_rcc.o
                0x08043fb4                HAL_RCC_GetPCLK2Freq
 .text.HAL_RCCEx_PeriphCLKConfig
                0x08043fe0     0x1494 ./Drivers/STM32H7xx_HAL_Driver/stm32h7xx_hal_rcc_ex.o
                0x08043fe0                HAL_RCCEx_PeriphCLKConfig
 .text.HAL_RCCEx_GetD3PCLK1Freq
                0x08045474       0x2c ./Drivers/STM32H7xx_HAL_Driver/stm32h7xx_hal_rcc_ex.o
                0x08045474                HAL_RCCEx_GetD3PCLK1Freq
 .text.HAL_RCCEx_GetPLL2ClockFreq
                0x080454a0      0x2a8 ./Drivers/STM32H7xx_HAL_Driver/stm32h7xx_hal_rcc_ex.o
                0x080454a0                HAL_RCCEx_GetPLL2ClockFreq
 .text.HAL_RCCEx_GetPLL3ClockFreq
                0x08045748      0x2a8 ./Drivers/STM32H7xx_HAL_Driver/stm32h7xx_hal_rcc_ex.o
                0x08045748                HAL_RCCEx_GetPLL3ClockFreq
 .text.RCCEx_PLL2_Config
                0x080459f0      0x164 ./Drivers/STM32H7xx_HAL_Driver/stm32h7xx_hal_rcc_ex.o
 .text.RCCEx_PLL3_Config
                0x08045b54      0x164 ./Drivers/STM32H7xx_HAL_Driver/stm32h7xx_hal_rcc_ex.o
 .text.HAL_UART_Init
                0x08045cb8       0xa0 ./Drivers/STM32H7xx_HAL_Driver/stm32h7xx_hal_uart.o
                0x08045cb8                HAL_UART_Init
 .text.UART_SetConfig
                0x08045d58      0xad0 ./Drivers/STM32H7xx_HAL_Driver/stm32h7xx_hal_uart.o
                0x08045d58                UART_SetConfig
 .text.UART_AdvFeatureConfig
                0x08046828      0x144 ./Drivers/STM32H7xx_HAL_Driver/stm32h7xx_hal_uart.o
                0x08046828                UART_AdvFeatureConfig
 .text.UART_CheckIdleState
                0x0804696c      0x154 ./Drivers/STM32H7xx_HAL_Driver/stm32h7xx_hal_uart.o
                0x0804696c                UART_CheckIdleState
 .text.UART_WaitOnFlagUntilTimeout
                0x08046ac0       0xda ./Drivers/STM32H7xx_HAL_Driver/stm32h7xx_hal_uart.o
                0x08046ac0                UART_WaitOnFlagUntilTimeout
 *fill*         0x08046b9a        0x2 
 .text.UART_EndRxTransfer
                0x08046b9c       0xcc ./Drivers/STM32H7xx_HAL_Driver/stm32h7xx_hal_uart.o
 .text.HAL_UARTEx_DisableFifoMode
                0x08046c68       0x72 ./Drivers/STM32H7xx_HAL_Driver/stm32h7xx_hal_uart_ex.o
                0x08046c68                HAL_UARTEx_DisableFifoMode
 .text.HAL_UARTEx_SetTxFifoThreshold
                0x08046cda       0x7c ./Drivers/STM32H7xx_HAL_Driver/stm32h7xx_hal_uart_ex.o
                0x08046cda                HAL_UARTEx_SetTxFifoThreshold
 .text.HAL_UARTEx_SetRxFifoThreshold
                0x08046d56       0x7c ./Drivers/STM32H7xx_HAL_Driver/stm32h7xx_hal_uart_ex.o
                0x08046d56                HAL_UARTEx_SetRxFifoThreshold
 *fill*         0x08046dd2        0x2 
 .text.UARTEx_SetNbDataToProcess
                0x08046dd4       0x9c ./Drivers/STM32H7xx_HAL_Driver/stm32h7xx_hal_uart_ex.o
 .text.USB_CoreInit
                0x08046e70       0xe4 ./Drivers/STM32H7xx_HAL_Driver/stm32h7xx_ll_usb.o
                0x08046e70                USB_CoreInit
 .text.USB_SetTurnaroundTime
                0x08046f54      0x144 ./Drivers/STM32H7xx_HAL_Driver/stm32h7xx_ll_usb.o
                0x08046f54                USB_SetTurnaroundTime
 .text.USB_EnableGlobalInt
                0x08047098       0x22 ./Drivers/STM32H7xx_HAL_Driver/stm32h7xx_ll_usb.o
                0x08047098                USB_EnableGlobalInt
 .text.USB_DisableGlobalInt
                0x080470ba       0x22 ./Drivers/STM32H7xx_HAL_Driver/stm32h7xx_ll_usb.o
                0x080470ba                USB_DisableGlobalInt
 .text.USB_SetCurrentMode
                0x080470dc       0x98 ./Drivers/STM32H7xx_HAL_Driver/stm32h7xx_ll_usb.o
                0x080470dc                USB_SetCurrentMode
 .text.USB_DevInit
                0x08047174      0x2bc ./Drivers/STM32H7xx_HAL_Driver/stm32h7xx_ll_usb.o
                0x08047174                USB_DevInit
 .text.USB_FlushTxFifo
                0x08047430       0x64 ./Drivers/STM32H7xx_HAL_Driver/stm32h7xx_ll_usb.o
                0x08047430                USB_FlushTxFifo
 .text.USB_FlushRxFifo
                0x08047494       0x5c ./Drivers/STM32H7xx_HAL_Driver/stm32h7xx_ll_usb.o
                0x08047494                USB_FlushRxFifo
 .text.USB_SetDevSpeed
                0x080474f0       0x32 ./Drivers/STM32H7xx_HAL_Driver/stm32h7xx_ll_usb.o
                0x080474f0                USB_SetDevSpeed
 .text.USB_GetDevSpeed
                0x08047522       0x4a ./Drivers/STM32H7xx_HAL_Driver/stm32h7xx_ll_usb.o
                0x08047522                USB_GetDevSpeed
 .text.USB_ActivateEndpoint
                0x0804756c      0x110 ./Drivers/STM32H7xx_HAL_Driver/stm32h7xx_ll_usb.o
                0x0804756c                USB_ActivateEndpoint
 .text.USB_EPStartXfer
                0x0804767c      0x548 ./Drivers/STM32H7xx_HAL_Driver/stm32h7xx_ll_usb.o
                0x0804767c                USB_EPStartXfer
 .text.USB_EPStopXfer
                0x08047bc4      0x154 ./Drivers/STM32H7xx_HAL_Driver/stm32h7xx_ll_usb.o
                0x08047bc4                USB_EPStopXfer
 .text.USB_WritePacket
                0x08047d18       0x7c ./Drivers/STM32H7xx_HAL_Driver/stm32h7xx_ll_usb.o
                0x08047d18                USB_WritePacket
 .text.USB_ReadPacket
                0x08047d94       0xb0 ./Drivers/STM32H7xx_HAL_Driver/stm32h7xx_ll_usb.o
                0x08047d94                USB_ReadPacket
 .text.USB_EPSetStall
                0x08047e44       0xdc ./Drivers/STM32H7xx_HAL_Driver/stm32h7xx_ll_usb.o
                0x08047e44                USB_EPSetStall
 .text.USB_EPClearStall
                0x08047f20       0xcc ./Drivers/STM32H7xx_HAL_Driver/stm32h7xx_ll_usb.o
                0x08047f20                USB_EPClearStall
 .text.USB_SetDevAddress
                0x08047fec       0x4c ./Drivers/STM32H7xx_HAL_Driver/stm32h7xx_ll_usb.o
                0x08047fec                USB_SetDevAddress
 .text.USB_DevConnect
                0x08048038       0x42 ./Drivers/STM32H7xx_HAL_Driver/stm32h7xx_ll_usb.o
                0x08048038                USB_DevConnect
 .text.USB_DevDisconnect
                0x0804807a       0x42 ./Drivers/STM32H7xx_HAL_Driver/stm32h7xx_ll_usb.o
                0x0804807a                USB_DevDisconnect
 .text.USB_ReadInterrupts
                0x080480bc       0x26 ./Drivers/STM32H7xx_HAL_Driver/stm32h7xx_ll_usb.o
                0x080480bc                USB_ReadInterrupts
 .text.USB_ReadDevAllOutEpInterrupt
                0x080480e2       0x34 ./Drivers/STM32H7xx_HAL_Driver/stm32h7xx_ll_usb.o
                0x080480e2                USB_ReadDevAllOutEpInterrupt
 .text.USB_ReadDevAllInEpInterrupt
                0x08048116       0x34 ./Drivers/STM32H7xx_HAL_Driver/stm32h7xx_ll_usb.o
                0x08048116                USB_ReadDevAllInEpInterrupt
 .text.USB_ReadDevOutEPInterrupt
                0x0804814a       0x3c ./Drivers/STM32H7xx_HAL_Driver/stm32h7xx_ll_usb.o
                0x0804814a                USB_ReadDevOutEPInterrupt
 .text.USB_ReadDevInEPInterrupt
                0x08048186       0x5c ./Drivers/STM32H7xx_HAL_Driver/stm32h7xx_ll_usb.o
                0x08048186                USB_ReadDevInEPInterrupt
 .text.USB_GetMode
                0x080481e2       0x1c ./Drivers/STM32H7xx_HAL_Driver/stm32h7xx_ll_usb.o
                0x080481e2                USB_GetMode
 *fill*         0x080481fe        0x2 
 .text.USB_ActivateSetup
                0x08048200       0x48 ./Drivers/STM32H7xx_HAL_Driver/stm32h7xx_ll_usb.o
                0x08048200                USB_ActivateSetup
 .text.USB_EP0_OutStart
                0x08048248       0xbc ./Drivers/STM32H7xx_HAL_Driver/stm32h7xx_ll_usb.o
                0x08048248                USB_EP0_OutStart
 .text.USB_CoreReset
                0x08048304       0x62 ./Drivers/STM32H7xx_HAL_Driver/stm32h7xx_ll_usb.o
 .text.USBD_Init
                0x08048366       0x60 ./Middlewares/ST/STM32_USB_Device_Library/usbd_core.o
                0x08048366                USBD_Init
 .text.USBD_RegisterClass
                0x080483c6       0x6c ./Middlewares/ST/STM32_USB_Device_Library/usbd_core.o
                0x080483c6                USBD_RegisterClass
 .text.USBD_Start
                0x08048432       0x18 ./Middlewares/ST/STM32_USB_Device_Library/usbd_core.o
                0x08048432                USBD_Start
 .text.USBD_Stop
                0x0804844a       0x36 ./Middlewares/ST/STM32_USB_Device_Library/usbd_core.o
                0x0804844a                USBD_Stop
 .text.USBD_RunTestMode
                0x08048480       0x16 ./Middlewares/ST/STM32_USB_Device_Library/usbd_core.o
                0x08048480                USBD_RunTestMode
 .text.USBD_SetClassConfig
                0x08048496       0x38 ./Middlewares/ST/STM32_USB_Device_Library/usbd_core.o
                0x08048496                USBD_SetClassConfig
 .text.USBD_ClrClassConfig
                0x080484ce       0x34 ./Middlewares/ST/STM32_USB_Device_Library/usbd_core.o
                0x080484ce                USBD_ClrClassConfig
 .text.USBD_LL_SetupStage
                0x08048502       0xaa ./Middlewares/ST/STM32_USB_Device_Library/usbd_core.o
                0x08048502                USBD_LL_SetupStage
 .text.USBD_LL_DataOutStage
                0x080485ac      0x166 ./Middlewares/ST/STM32_USB_Device_Library/usbd_core.o
                0x080485ac                USBD_LL_DataOutStage
 .text.USBD_LL_DataInStage
                0x08048712      0x164 ./Middlewares/ST/STM32_USB_Device_Library/usbd_core.o
                0x08048712                USBD_LL_DataInStage
 .text.USBD_LL_Reset
                0x08048876       0xa4 ./Middlewares/ST/STM32_USB_Device_Library/usbd_core.o
                0x08048876                USBD_LL_Reset
 .text.USBD_LL_SetSpeed
                0x0804891a       0x20 ./Middlewares/ST/STM32_USB_Device_Library/usbd_core.o
                0x0804891a                USBD_LL_SetSpeed
 .text.USBD_LL_Suspend
                0x0804893a       0x38 ./Middlewares/ST/STM32_USB_Device_Library/usbd_core.o
                0x0804893a                USBD_LL_Suspend
 .text.USBD_LL_Resume
                0x08048972       0x30 ./Middlewares/ST/STM32_USB_Device_Library/usbd_core.o
                0x08048972                USBD_LL_Resume
 .text.USBD_LL_SOF
                0x080489a2       0x40 ./Middlewares/ST/STM32_USB_Device_Library/usbd_core.o
                0x080489a2                USBD_LL_SOF
 .text.USBD_LL_IsoINIncomplete
                0x080489e2       0x64 ./Middlewares/ST/STM32_USB_Device_Library/usbd_core.o
                0x080489e2                USBD_LL_IsoINIncomplete
 .text.USBD_LL_IsoOUTIncomplete
                0x08048a46       0x64 ./Middlewares/ST/STM32_USB_Device_Library/usbd_core.o
                0x08048a46                USBD_LL_IsoOUTIncomplete
 .text.USBD_LL_DevConnected
                0x08048aaa       0x16 ./Middlewares/ST/STM32_USB_Device_Library/usbd_core.o
                0x08048aaa                USBD_LL_DevConnected
 .text.USBD_LL_DevDisconnected
                0x08048ac0       0x46 ./Middlewares/ST/STM32_USB_Device_Library/usbd_core.o
                0x08048ac0                USBD_LL_DevDisconnected
 .text.USBD_CoreFindIF
                0x08048b06       0x1a ./Middlewares/ST/STM32_USB_Device_Library/usbd_core.o
                0x08048b06                USBD_CoreFindIF
 .text.USBD_CoreFindEP
                0x08048b20       0x1a ./Middlewares/ST/STM32_USB_Device_Library/usbd_core.o
                0x08048b20                USBD_CoreFindEP
 .text.USBD_GetNextDesc
                0x08048b3a       0x38 ./Middlewares/ST/STM32_USB_Device_Library/usbd_core.o
                0x08048b3a                USBD_GetNextDesc
 .text.SWAPBYTE
                0x08048b72       0x3e ./Middlewares/ST/STM32_USB_Device_Library/usbd_ctlreq.o
 .text.USBD_StdDevReq
                0x08048bb0       0xe4 ./Middlewares/ST/STM32_USB_Device_Library/usbd_ctlreq.o
                0x08048bb0                USBD_StdDevReq
 .text.USBD_StdItfReq
                0x08048c94       0xd8 ./Middlewares/ST/STM32_USB_Device_Library/usbd_ctlreq.o
                0x08048c94                USBD_StdItfReq
 .text.USBD_StdEPReq
                0x08048d6c      0x33a ./Middlewares/ST/STM32_USB_Device_Library/usbd_ctlreq.o
                0x08048d6c                USBD_StdEPReq
 *fill*         0x080490a6        0x2 
 .text.USBD_GetDescriptor
                0x080490a8      0x374 ./Middlewares/ST/STM32_USB_Device_Library/usbd_ctlreq.o
 .text.USBD_SetAddress
                0x0804941c       0x88 ./Middlewares/ST/STM32_USB_Device_Library/usbd_ctlreq.o
 .text.USBD_SetConfig
                0x080494a4      0x154 ./Middlewares/ST/STM32_USB_Device_Library/usbd_ctlreq.o
 .text.USBD_GetConfig
                0x080495f8       0x6c ./Middlewares/ST/STM32_USB_Device_Library/usbd_ctlreq.o
 .text.USBD_GetStatus
                0x08049664       0x68 ./Middlewares/ST/STM32_USB_Device_Library/usbd_ctlreq.o
 .text.USBD_SetFeature
                0x080496cc       0x52 ./Middlewares/ST/STM32_USB_Device_Library/usbd_ctlreq.o
 .text.USBD_ClrFeature
                0x0804971e       0x44 ./Middlewares/ST/STM32_USB_Device_Library/usbd_ctlreq.o
 .text.USBD_ParseSetupRequest
                0x08049762       0x74 ./Middlewares/ST/STM32_USB_Device_Library/usbd_ctlreq.o
                0x08049762                USBD_ParseSetupRequest
 .text.USBD_CtlError
                0x080497d6       0x22 ./Middlewares/ST/STM32_USB_Device_Library/usbd_ctlreq.o
                0x080497d6                USBD_CtlError
 .text.USBD_GetString
                0x080497f8       0xa4 ./Middlewares/ST/STM32_USB_Device_Library/usbd_ctlreq.o
                0x080497f8                USBD_GetString
 .text.USBD_GetLen
                0x0804989c       0x34 ./Middlewares/ST/STM32_USB_Device_Library/usbd_ctlreq.o
 .text.__NVIC_SystemReset
                0x080498d0       0x2c ./Middlewares/ST/STM32_USB_Device_Library/usbd_dfu.o
 .text.USBD_DFU_Init
                0x080498fc       0xde ./Middlewares/ST/STM32_USB_Device_Library/usbd_dfu.o
 .text.USBD_DFU_DeInit
                0x080499da       0xa4 ./Middlewares/ST/STM32_USB_Device_Library/usbd_dfu.o
 *fill*         0x08049a7e        0x2 
 .text.USBD_DFU_Setup
                0x08049a80      0x208 ./Middlewares/ST/STM32_USB_Device_Library/usbd_dfu.o
 .text.USBD_DFU_GetCfgDesc
                0x08049c88       0x20 ./Middlewares/ST/STM32_USB_Device_Library/usbd_dfu.o
 .text.USBD_DFU_EP0_RxReady
                0x08049ca8       0x16 ./Middlewares/ST/STM32_USB_Device_Library/usbd_dfu.o
 .text.USBD_DFU_EP0_TxReady
                0x08049cbe      0x220 ./Middlewares/ST/STM32_USB_Device_Library/usbd_dfu.o
 .text.USBD_DFU_SOF
                0x08049ede       0x16 ./Middlewares/ST/STM32_USB_Device_Library/usbd_dfu.o
 .text.USBD_DFU_GetDeviceQualifierDesc
                0x08049ef4       0x20 ./Middlewares/ST/STM32_USB_Device_Library/usbd_dfu.o
 .text.USBD_DFU_GetUsrStringDesc
                0x08049f14       0x4c ./Middlewares/ST/STM32_USB_Device_Library/usbd_dfu.o
 .text.USBD_DFU_RegisterMedia
                0x08049f60       0x34 ./Middlewares/ST/STM32_USB_Device_Library/usbd_dfu.o
                0x08049f60                USBD_DFU_RegisterMedia
 .text.DFU_Detach
                0x08049f94       0xe0 ./Middlewares/ST/STM32_USB_Device_Library/usbd_dfu.o
 .text.DFU_Download
                0x0804a074       0xec ./Middlewares/ST/STM32_USB_Device_Library/usbd_dfu.o
 .text.DFU_Upload
                0x0804a160      0x210 ./Middlewares/ST/STM32_USB_Device_Library/usbd_dfu.o
 .text.DFU_GetStatus
                0x0804a370      0x198 ./Middlewares/ST/STM32_USB_Device_Library/usbd_dfu.o
 .text.DFU_ClearStatus
                0x0804a508       0xb0 ./Middlewares/ST/STM32_USB_Device_Library/usbd_dfu.o
 .text.DFU_GetState
                0x0804a5b8       0x38 ./Middlewares/ST/STM32_USB_Device_Library/usbd_dfu.o
 .text.DFU_Abort
                0x0804a5f0       0xaa ./Middlewares/ST/STM32_USB_Device_Library/usbd_dfu.o
 .text.DFU_Leave
                0x0804a69a       0xca ./Middlewares/ST/STM32_USB_Device_Library/usbd_dfu.o
 .text.USBD_DFU_GetDfuFuncDesc
                0x0804a764       0x5c ./Middlewares/ST/STM32_USB_Device_Library/usbd_dfu.o
 .text.USBD_CtlSendData
                0x0804a7c0       0x36 ./Middlewares/ST/STM32_USB_Device_Library/usbd_ioreq.o
                0x0804a7c0                USBD_CtlSendData
 .text.USBD_CtlContinueSendData
                0x0804a7f6       0x22 ./Middlewares/ST/STM32_USB_Device_Library/usbd_ioreq.o
                0x0804a7f6                USBD_CtlContinueSendData
 .text.USBD_CtlPrepareRx
                0x0804a818       0x3a ./Middlewares/ST/STM32_USB_Device_Library/usbd_ioreq.o
                0x0804a818                USBD_CtlPrepareRx
 .text.USBD_CtlContinueRx
                0x0804a852       0x22 ./Middlewares/ST/STM32_USB_Device_Library/usbd_ioreq.o
                0x0804a852                USBD_CtlContinueRx
 .text.USBD_CtlSendStatus
                0x0804a874       0x26 ./Middlewares/ST/STM32_USB_Device_Library/usbd_ioreq.o
                0x0804a874                USBD_CtlSendStatus
 .text.USBD_CtlReceiveStatus
                0x0804a89a       0x26 ./Middlewares/ST/STM32_USB_Device_Library/usbd_ioreq.o
                0x0804a89a                USBD_CtlReceiveStatus
 .text.MX_USB_DEVICE_Init
                0x0804a8c0       0x64 ./USB_DEVICE/App/usb_device.o
                0x0804a8c0                MX_USB_DEVICE_Init
 .text.USBD_HS_DeviceDescriptor
                0x0804a924       0x24 ./USB_DEVICE/App/usbd_desc.o
                0x0804a924                USBD_HS_DeviceDescriptor
 .text.USBD_HS_LangIDStrDescriptor
                0x0804a948       0x24 ./USB_DEVICE/App/usbd_desc.o
                0x0804a948                USBD_HS_LangIDStrDescriptor
 .text.USBD_HS_ProductStrDescriptor
                0x0804a96c       0x3c ./USB_DEVICE/App/usbd_desc.o
                0x0804a96c                USBD_HS_ProductStrDescriptor
 .text.USBD_HS_ManufacturerStrDescriptor
                0x0804a9a8       0x28 ./USB_DEVICE/App/usbd_desc.o
                0x0804a9a8                USBD_HS_ManufacturerStrDescriptor
 .text.USBD_HS_SerialStrDescriptor
                0x0804a9d0       0x24 ./USB_DEVICE/App/usbd_desc.o
                0x0804a9d0                USBD_HS_SerialStrDescriptor
 .text.USBD_HS_ConfigStrDescriptor
                0x0804a9f4       0x3c ./USB_DEVICE/App/usbd_desc.o
                0x0804a9f4                USBD_HS_ConfigStrDescriptor
 .text.USBD_HS_InterfaceStrDescriptor
                0x0804aa30       0x3c ./USB_DEVICE/App/usbd_desc.o
                0x0804aa30                USBD_HS_InterfaceStrDescriptor
 .text.Get_SerialNum
                0x0804aa6c       0x58 ./USB_DEVICE/App/usbd_desc.o
 .text.IntToUnicode
                0x0804aac4       0x7e ./USB_DEVICE/App/usbd_desc.o
 .text.MEM_If_Init_HS
                0x0804ab42       0x10 ./USB_DEVICE/App/usbd_dfu_if.o
 .text.MEM_If_DeInit_HS
                0x0804ab52       0x10 ./USB_DEVICE/App/usbd_dfu_if.o
 .text.MEM_If_Erase_HS
                0x0804ab62       0x16 ./USB_DEVICE/App/usbd_dfu_if.o
 .text.MEM_If_Write_HS
                0x0804ab78       0x1a ./USB_DEVICE/App/usbd_dfu_if.o
 .text.MEM_If_Read_HS
                0x0804ab92       0x1a ./USB_DEVICE/App/usbd_dfu_if.o
 .text.MEM_If_GetStatus_HS
                0x0804abac       0x22 ./USB_DEVICE/App/usbd_dfu_if.o
 *fill*         0x0804abce        0x2 
 .text.HAL_PCD_MspInit
                0x0804abd0      0x24c ./USB_DEVICE/Target/usbd_conf.o
                0x0804abd0                HAL_PCD_MspInit
 .text.HAL_PCD_SetupStageCallback
                0x0804ae1c       0x24 ./USB_DEVICE/Target/usbd_conf.o
                0x0804ae1c                HAL_PCD_SetupStageCallback
 .text.HAL_PCD_DataOutStageCallback
                0x0804ae40       0x36 ./USB_DEVICE/Target/usbd_conf.o
                0x0804ae40                HAL_PCD_DataOutStageCallback
 .text.HAL_PCD_DataInStageCallback
                0x0804ae76       0x34 ./USB_DEVICE/Target/usbd_conf.o
                0x0804ae76                HAL_PCD_DataInStageCallback
 .text.HAL_PCD_SOFCallback
                0x0804aeaa       0x1c ./USB_DEVICE/Target/usbd_conf.o
                0x0804aeaa                HAL_PCD_SOFCallback
 .text.HAL_PCD_ResetCallback
                0x0804aec6       0x50 ./USB_DEVICE/Target/usbd_conf.o
                0x0804aec6                HAL_PCD_ResetCallback
 *fill*         0x0804af16        0x2 
 .text.HAL_PCD_SuspendCallback
                0x0804af18       0x4c ./USB_DEVICE/Target/usbd_conf.o
                0x0804af18                HAL_PCD_SuspendCallback
 .text.HAL_PCD_ResumeCallback
                0x0804af64       0x1c ./USB_DEVICE/Target/usbd_conf.o
                0x0804af64                HAL_PCD_ResumeCallback
 .text.HAL_PCD_ISOOUTIncompleteCallback
                0x0804af80       0x24 ./USB_DEVICE/Target/usbd_conf.o
                0x0804af80                HAL_PCD_ISOOUTIncompleteCallback
 .text.HAL_PCD_ISOINIncompleteCallback
                0x0804afa4       0x24 ./USB_DEVICE/Target/usbd_conf.o
                0x0804afa4                HAL_PCD_ISOINIncompleteCallback
 .text.HAL_PCD_ConnectCallback
                0x0804afc8       0x1c ./USB_DEVICE/Target/usbd_conf.o
                0x0804afc8                HAL_PCD_ConnectCallback
 .text.HAL_PCD_DisconnectCallback
                0x0804afe4       0x1c ./USB_DEVICE/Target/usbd_conf.o
                0x0804afe4                HAL_PCD_DisconnectCallback
 .text.USBD_LL_Init
                0x0804b000       0xa4 ./USB_DEVICE/Target/usbd_conf.o
                0x0804b000                USBD_LL_Init
 .text.USBD_LL_Start
                0x0804b0a4       0x36 ./USB_DEVICE/Target/usbd_conf.o
                0x0804b0a4                USBD_LL_Start
 .text.USBD_LL_Stop
                0x0804b0da       0x36 ./USB_DEVICE/Target/usbd_conf.o
                0x0804b0da                USBD_LL_Stop
 .text.USBD_LL_OpenEP
                0x0804b110       0x4c ./USB_DEVICE/Target/usbd_conf.o
                0x0804b110                USBD_LL_OpenEP
 .text.USBD_LL_StallEP
                0x0804b15c       0x3e ./USB_DEVICE/Target/usbd_conf.o
                0x0804b15c                USBD_LL_StallEP
 .text.USBD_LL_ClearStallEP
                0x0804b19a       0x3e ./USB_DEVICE/Target/usbd_conf.o
                0x0804b19a                USBD_LL_ClearStallEP
 .text.USBD_LL_IsStallEP
                0x0804b1d8       0x58 ./USB_DEVICE/Target/usbd_conf.o
                0x0804b1d8                USBD_LL_IsStallEP
 .text.USBD_LL_SetUSBAddress
                0x0804b230       0x3e ./USB_DEVICE/Target/usbd_conf.o
                0x0804b230                USBD_LL_SetUSBAddress
 .text.USBD_LL_Transmit
                0x0804b26e       0x42 ./USB_DEVICE/Target/usbd_conf.o
                0x0804b26e                USBD_LL_Transmit
 .text.USBD_LL_PrepareReceive
                0x0804b2b0       0x42 ./USB_DEVICE/Target/usbd_conf.o
                0x0804b2b0                USBD_LL_PrepareReceive
 *fill*         0x0804b2f2        0x2 
 .text.USBD_static_malloc
                0x0804b2f4       0x1c ./USB_DEVICE/Target/usbd_conf.o
                0x0804b2f4                USBD_static_malloc
 .text.USBD_static_free
                0x0804b310       0x14 ./USB_DEVICE/Target/usbd_conf.o
                0x0804b310                USBD_static_free
 .text.USBD_Get_USB_Status
                0x0804b324       0x58 ./USB_DEVICE/Target/usbd_conf.o
                0x0804b324                USBD_Get_USB_Status
 .text.std      0x0804b37c       0x6c C:/ST/STM32CubeIDE_1.19.0/STM32CubeIDE/plugins/com.st.stm32cube.ide.mcu.externaltools.gnu-tools-for-stm32.13.3.rel1.win32_1.0.0.202411081344/tools/bin/../lib/gcc/arm-none-eabi/13.3.1/../../../../arm-none-eabi/lib/thumb/v7e-m+dp/hard\libc_nano.a(libc_a-findfp.o)
 .text.stdio_exit_handler
                0x0804b3e8       0x18 C:/ST/STM32CubeIDE_1.19.0/STM32CubeIDE/plugins/com.st.stm32cube.ide.mcu.externaltools.gnu-tools-for-stm32.13.3.rel1.win32_1.0.0.202411081344/tools/bin/../lib/gcc/arm-none-eabi/13.3.1/../../../../arm-none-eabi/lib/thumb/v7e-m+dp/hard\libc_nano.a(libc_a-findfp.o)
 .text.cleanup_stdio
                0x0804b400       0x40 C:/ST/STM32CubeIDE_1.19.0/STM32CubeIDE/plugins/com.st.stm32cube.ide.mcu.externaltools.gnu-tools-for-stm32.13.3.rel1.win32_1.0.0.202411081344/tools/bin/../lib/gcc/arm-none-eabi/13.3.1/../../../../arm-none-eabi/lib/thumb/v7e-m+dp/hard\libc_nano.a(libc_a-findfp.o)
 .text.global_stdio_init.part.0
                0x0804b440       0x3c C:/ST/STM32CubeIDE_1.19.0/STM32CubeIDE/plugins/com.st.stm32cube.ide.mcu.externaltools.gnu-tools-for-stm32.13.3.rel1.win32_1.0.0.202411081344/tools/bin/../lib/gcc/arm-none-eabi/13.3.1/../../../../arm-none-eabi/lib/thumb/v7e-m+dp/hard\libc_nano.a(libc_a-findfp.o)
 .text.__sfp_lock_acquire
                0x0804b47c        0xc C:/ST/STM32CubeIDE_1.19.0/STM32CubeIDE/plugins/com.st.stm32cube.ide.mcu.externaltools.gnu-tools-for-stm32.13.3.rel1.win32_1.0.0.202411081344/tools/bin/../lib/gcc/arm-none-eabi/13.3.1/../../../../arm-none-eabi/lib/thumb/v7e-m+dp/hard\libc_nano.a(libc_a-findfp.o)
                0x0804b47c                __sfp_lock_acquire
 .text.__sfp_lock_release
                0x0804b488        0xc C:/ST/STM32CubeIDE_1.19.0/STM32CubeIDE/plugins/com.st.stm32cube.ide.mcu.externaltools.gnu-tools-for-stm32.13.3.rel1.win32_1.0.0.202411081344/tools/bin/../lib/gcc/arm-none-eabi/13.3.1/../../../../arm-none-eabi/lib/thumb/v7e-m+dp/hard\libc_nano.a(libc_a-findfp.o)
                0x0804b488                __sfp_lock_release
 .text.__sinit  0x0804b494       0x30 C:/ST/STM32CubeIDE_1.19.0/STM32CubeIDE/plugins/com.st.stm32cube.ide.mcu.externaltools.gnu-tools-for-stm32.13.3.rel1.win32_1.0.0.202411081344/tools/bin/../lib/gcc/arm-none-eabi/13.3.1/../../../../arm-none-eabi/lib/thumb/v7e-m+dp/hard\libc_nano.a(libc_a-findfp.o)
                0x0804b494                __sinit
 .text._fwalk_sglue
                0x0804b4c4       0x3c C:/ST/STM32CubeIDE_1.19.0/STM32CubeIDE/plugins/com.st.stm32cube.ide.mcu.externaltools.gnu-tools-for-stm32.13.3.rel1.win32_1.0.0.202411081344/tools/bin/../lib/gcc/arm-none-eabi/13.3.1/../../../../arm-none-eabi/lib/thumb/v7e-m+dp/hard\libc_nano.a(libc_a-fwalk.o)
                0x0804b4c4                _fwalk_sglue
 .text.printf   0x0804b500       0x24 C:/ST/STM32CubeIDE_1.19.0/STM32CubeIDE/plugins/com.st.stm32cube.ide.mcu.externaltools.gnu-tools-for-stm32.13.3.rel1.win32_1.0.0.202411081344/tools/bin/../lib/gcc/arm-none-eabi/13.3.1/../../../../arm-none-eabi/lib/thumb/v7e-m+dp/hard\libc_nano.a(libc_a-printf.o)
                0x0804b500                iprintf
                0x0804b500                printf
 .text.__sread  0x0804b524       0x22 C:/ST/STM32CubeIDE_1.19.0/STM32CubeIDE/plugins/com.st.stm32cube.ide.mcu.externaltools.gnu-tools-for-stm32.13.3.rel1.win32_1.0.0.202411081344/tools/bin/../lib/gcc/arm-none-eabi/13.3.1/../../../../arm-none-eabi/lib/thumb/v7e-m+dp/hard\libc_nano.a(libc_a-stdio.o)
                0x0804b524                __sread
 .text.__swrite
                0x0804b546       0x38 C:/ST/STM32CubeIDE_1.19.0/STM32CubeIDE/plugins/com.st.stm32cube.ide.mcu.externaltools.gnu-tools-for-stm32.13.3.rel1.win32_1.0.0.202411081344/tools/bin/../lib/gcc/arm-none-eabi/13.3.1/../../../../arm-none-eabi/lib/thumb/v7e-m+dp/hard\libc_nano.a(libc_a-stdio.o)
                0x0804b546                __swrite
 .text.__sseek  0x0804b57e       0x24 C:/ST/STM32CubeIDE_1.19.0/STM32CubeIDE/plugins/com.st.stm32cube.ide.mcu.externaltools.gnu-tools-for-stm32.13.3.rel1.win32_1.0.0.202411081344/tools/bin/../lib/gcc/arm-none-eabi/13.3.1/../../../../arm-none-eabi/lib/thumb/v7e-m+dp/hard\libc_nano.a(libc_a-stdio.o)
                0x0804b57e                __sseek
 .text.__sclose
                0x0804b5a2        0x8 C:/ST/STM32CubeIDE_1.19.0/STM32CubeIDE/plugins/com.st.stm32cube.ide.mcu.externaltools.gnu-tools-for-stm32.13.3.rel1.win32_1.0.0.202411081344/tools/bin/../lib/gcc/arm-none-eabi/13.3.1/../../../../arm-none-eabi/lib/thumb/v7e-m+dp/hard\libc_nano.a(libc_a-stdio.o)
                0x0804b5a2                __sclose
 .text.memset   0x0804b5aa       0x10 C:/ST/STM32CubeIDE_1.19.0/STM32CubeIDE/plugins/com.st.stm32cube.ide.mcu.externaltools.gnu-tools-for-stm32.13.3.rel1.win32_1.0.0.202411081344/tools/bin/../lib/gcc/arm-none-eabi/13.3.1/../../../../arm-none-eabi/lib/thumb/v7e-m+dp/hard\libc_nano.a(libc_a-memset.o)
                0x0804b5aa                memset
 *fill*         0x0804b5ba        0x2 
 .text._close_r
                0x0804b5bc       0x20 C:/ST/STM32CubeIDE_1.19.0/STM32CubeIDE/plugins/com.st.stm32cube.ide.mcu.externaltools.gnu-tools-for-stm32.13.3.rel1.win32_1.0.0.202411081344/tools/bin/../lib/gcc/arm-none-eabi/13.3.1/../../../../arm-none-eabi/lib/thumb/v7e-m+dp/hard\libc_nano.a(libc_a-closer.o)
                0x0804b5bc                _close_r
 .text._lseek_r
                0x0804b5dc       0x24 C:/ST/STM32CubeIDE_1.19.0/STM32CubeIDE/plugins/com.st.stm32cube.ide.mcu.externaltools.gnu-tools-for-stm32.13.3.rel1.win32_1.0.0.202411081344/tools/bin/../lib/gcc/arm-none-eabi/13.3.1/../../../../arm-none-eabi/lib/thumb/v7e-m+dp/hard\libc_nano.a(libc_a-lseekr.o)
                0x0804b5dc                _lseek_r
 .text._read_r  0x0804b600       0x24 C:/ST/STM32CubeIDE_1.19.0/STM32CubeIDE/plugins/com.st.stm32cube.ide.mcu.externaltools.gnu-tools-for-stm32.13.3.rel1.win32_1.0.0.202411081344/tools/bin/../lib/gcc/arm-none-eabi/13.3.1/../../../../arm-none-eabi/lib/thumb/v7e-m+dp/hard\libc_nano.a(libc_a-readr.o)
                0x0804b600                _read_r
 .text._write_r
                0x0804b624       0x24 C:/ST/STM32CubeIDE_1.19.0/STM32CubeIDE/plugins/com.st.stm32cube.ide.mcu.externaltools.gnu-tools-for-stm32.13.3.rel1.win32_1.0.0.202411081344/tools/bin/../lib/gcc/arm-none-eabi/13.3.1/../../../../arm-none-eabi/lib/thumb/v7e-m+dp/hard\libc_nano.a(libc_a-writer.o)
                0x0804b624                _write_r
 .text.__errno  0x0804b648        0xc C:/ST/STM32CubeIDE_1.19.0/STM32CubeIDE/plugins/com.st.stm32cube.ide.mcu.externaltools.gnu-tools-for-stm32.13.3.rel1.win32_1.0.0.202411081344/tools/bin/../lib/gcc/arm-none-eabi/13.3.1/../../../../arm-none-eabi/lib/thumb/v7e-m+dp/hard\libc_nano.a(libc_a-errno.o)
                0x0804b648                __errno
 .text.__libc_init_array
                0x0804b654       0x48 C:/ST/STM32CubeIDE_1.19.0/STM32CubeIDE/plugins/com.st.stm32cube.ide.mcu.externaltools.gnu-tools-for-stm32.13.3.rel1.win32_1.0.0.202411081344/tools/bin/../lib/gcc/arm-none-eabi/13.3.1/../../../../arm-none-eabi/lib/thumb/v7e-m+dp/hard\libc_nano.a(libc_a-init.o)
                0x0804b654                __libc_init_array
 .text.__retarget_lock_init_recursive
                0x0804b69c        0x2 C:/ST/STM32CubeIDE_1.19.0/STM32CubeIDE/plugins/com.st.stm32cube.ide.mcu.externaltools.gnu-tools-for-stm32.13.3.rel1.win32_1.0.0.202411081344/tools/bin/../lib/gcc/arm-none-eabi/13.3.1/../../../../arm-none-eabi/lib/thumb/v7e-m+dp/hard\libc_nano.a(libc_a-lock.o)
                0x0804b69c                __retarget_lock_init_recursive
 .text.__retarget_lock_acquire_recursive
                0x0804b69e        0x2 C:/ST/STM32CubeIDE_1.19.0/STM32CubeIDE/plugins/com.st.stm32cube.ide.mcu.externaltools.gnu-tools-for-stm32.13.3.rel1.win32_1.0.0.202411081344/tools/bin/../lib/gcc/arm-none-eabi/13.3.1/../../../../arm-none-eabi/lib/thumb/v7e-m+dp/hard\libc_nano.a(libc_a-lock.o)
                0x0804b69e                __retarget_lock_acquire_recursive
 .text.__retarget_lock_release_recursive
                0x0804b6a0        0x2 C:/ST/STM32CubeIDE_1.19.0/STM32CubeIDE/plugins/com.st.stm32cube.ide.mcu.externaltools.gnu-tools-for-stm32.13.3.rel1.win32_1.0.0.202411081344/tools/bin/../lib/gcc/arm-none-eabi/13.3.1/../../../../arm-none-eabi/lib/thumb/v7e-m+dp/hard\libc_nano.a(libc_a-lock.o)
                0x0804b6a0                __retarget_lock_release_recursive
 *fill*         0x0804b6a2        0x2 
 .text._free_r  0x0804b6a4       0x94 C:/ST/STM32CubeIDE_1.19.0/STM32CubeIDE/plugins/com.st.stm32cube.ide.mcu.externaltools.gnu-tools-for-stm32.13.3.rel1.win32_1.0.0.202411081344/tools/bin/../lib/gcc/arm-none-eabi/13.3.1/../../../../arm-none-eabi/lib/thumb/v7e-m+dp/hard\libc_nano.a(libc_a-freer.o)
                0x0804b6a4                _free_r
 .text.sbrk_aligned
                0x0804b738       0x44 C:/ST/STM32CubeIDE_1.19.0/STM32CubeIDE/plugins/com.st.stm32cube.ide.mcu.externaltools.gnu-tools-for-stm32.13.3.rel1.win32_1.0.0.202411081344/tools/bin/../lib/gcc/arm-none-eabi/13.3.1/../../../../arm-none-eabi/lib/thumb/v7e-m+dp/hard\libc_nano.a(libc_a-mallocr.o)
 .text._malloc_r
                0x0804b77c      0x100 C:/ST/STM32CubeIDE_1.19.0/STM32CubeIDE/plugins/com.st.stm32cube.ide.mcu.externaltools.gnu-tools-for-stm32.13.3.rel1.win32_1.0.0.202411081344/tools/bin/../lib/gcc/arm-none-eabi/13.3.1/../../../../arm-none-eabi/lib/thumb/v7e-m+dp/hard\libc_nano.a(libc_a-mallocr.o)
                0x0804b77c                _malloc_r
 .text.__malloc_lock
                0x0804b87c        0xc C:/ST/STM32CubeIDE_1.19.0/STM32CubeIDE/plugins/com.st.stm32cube.ide.mcu.externaltools.gnu-tools-for-stm32.13.3.rel1.win32_1.0.0.202411081344/tools/bin/../lib/gcc/arm-none-eabi/13.3.1/../../../../arm-none-eabi/lib/thumb/v7e-m+dp/hard\libc_nano.a(libc_a-mlock.o)
                0x0804b87c                __malloc_lock
 .text.__malloc_unlock
                0x0804b888        0xc C:/ST/STM32CubeIDE_1.19.0/STM32CubeIDE/plugins/com.st.stm32cube.ide.mcu.externaltools.gnu-tools-for-stm32.13.3.rel1.win32_1.0.0.202411081344/tools/bin/../lib/gcc/arm-none-eabi/13.3.1/../../../../arm-none-eabi/lib/thumb/v7e-m+dp/hard\libc_nano.a(libc_a-mlock.o)
                0x0804b888                __malloc_unlock
 .text.__sfputc_r
                0x0804b894       0x2e C:/ST/STM32CubeIDE_1.19.0/STM32CubeIDE/plugins/com.st.stm32cube.ide.mcu.externaltools.gnu-tools-for-stm32.13.3.rel1.win32_1.0.0.202411081344/tools/bin/../lib/gcc/arm-none-eabi/13.3.1/../../../../arm-none-eabi/lib/thumb/v7e-m+dp/hard\libc_nano.a(libc_a-nano-vfprintf.o)
 .text.__sfputs_r
                0x0804b8c2       0x24 C:/ST/STM32CubeIDE_1.19.0/STM32CubeIDE/plugins/com.st.stm32cube.ide.mcu.externaltools.gnu-tools-for-stm32.13.3.rel1.win32_1.0.0.202411081344/tools/bin/../lib/gcc/arm-none-eabi/13.3.1/../../../../arm-none-eabi/lib/thumb/v7e-m+dp/hard\libc_nano.a(libc_a-nano-vfprintf.o)
                0x0804b8c2                __sfputs_r
 *fill*         0x0804b8e6        0x2 
 .text._vfprintf_r
                0x0804b8e8      0x230 C:/ST/STM32CubeIDE_1.19.0/STM32CubeIDE/plugins/com.st.stm32cube.ide.mcu.externaltools.gnu-tools-for-stm32.13.3.rel1.win32_1.0.0.202411081344/tools/bin/../lib/gcc/arm-none-eabi/13.3.1/../../../../arm-none-eabi/lib/thumb/v7e-m+dp/hard\libc_nano.a(libc_a-nano-vfprintf.o)
                0x0804b8e8                _vfprintf_r
                0x0804b8e8                _vfiprintf_r
 .text._printf_common
                0x0804bb18       0xda C:/ST/STM32CubeIDE_1.19.0/STM32CubeIDE/plugins/com.st.stm32cube.ide.mcu.externaltools.gnu-tools-for-stm32.13.3.rel1.win32_1.0.0.202411081344/tools/bin/../lib/gcc/arm-none-eabi/13.3.1/../../../../arm-none-eabi/lib/thumb/v7e-m+dp/hard\libc_nano.a(libc_a-nano-vfprintf_i.o)
                0x0804bb18                _printf_common
 *fill*         0x0804bbf2        0x2 
 .text._printf_i
                0x0804bbf4      0x23c C:/ST/STM32CubeIDE_1.19.0/STM32CubeIDE/plugins/com.st.stm32cube.ide.mcu.externaltools.gnu-tools-for-stm32.13.3.rel1.win32_1.0.0.202411081344/tools/bin/../lib/gcc/arm-none-eabi/13.3.1/../../../../arm-none-eabi/lib/thumb/v7e-m+dp/hard\libc_nano.a(libc_a-nano-vfprintf_i.o)
                0x0804bbf4                _printf_i
 .text.__sflush_r
                0x0804be30      0x108 C:/ST/STM32CubeIDE_1.19.0/STM32CubeIDE/plugins/com.st.stm32cube.ide.mcu.externaltools.gnu-tools-for-stm32.13.3.rel1.win32_1.0.0.202411081344/tools/bin/../lib/gcc/arm-none-eabi/13.3.1/../../../../arm-none-eabi/lib/thumb/v7e-m+dp/hard\libc_nano.a(libc_a-fflush.o)
                0x0804be30                __sflush_r
 .text._fflush_r
                0x0804bf38       0x50 C:/ST/STM32CubeIDE_1.19.0/STM32CubeIDE/plugins/com.st.stm32cube.ide.mcu.externaltools.gnu-tools-for-stm32.13.3.rel1.win32_1.0.0.202411081344/tools/bin/../lib/gcc/arm-none-eabi/13.3.1/../../../../arm-none-eabi/lib/thumb/v7e-m+dp/hard\libc_nano.a(libc_a-fflush.o)
                0x0804bf38                _fflush_r
 .text.__swbuf_r
                0x0804bf88       0x7c C:/ST/STM32CubeIDE_1.19.0/STM32CubeIDE/plugins/com.st.stm32cube.ide.mcu.externaltools.gnu-tools-for-stm32.13.3.rel1.win32_1.0.0.202411081344/tools/bin/../lib/gcc/arm-none-eabi/13.3.1/../../../../arm-none-eabi/lib/thumb/v7e-m+dp/hard\libc_nano.a(libc_a-wbuf.o)
                0x0804bf88                __swbuf_r
 .text.__swsetup_r
                0x0804c004       0xac C:/ST/STM32CubeIDE_1.19.0/STM32CubeIDE/plugins/com.st.stm32cube.ide.mcu.externaltools.gnu-tools-for-stm32.13.3.rel1.win32_1.0.0.202411081344/tools/bin/../lib/gcc/arm-none-eabi/13.3.1/../../../../arm-none-eabi/lib/thumb/v7e-m+dp/hard\libc_nano.a(libc_a-wsetup.o)
                0x0804c004                __swsetup_r
 .text._sbrk_r  0x0804c0b0       0x20 C:/ST/STM32CubeIDE_1.19.0/STM32CubeIDE/plugins/com.st.stm32cube.ide.mcu.externaltools.gnu-tools-for-stm32.13.3.rel1.win32_1.0.0.202411081344/tools/bin/../lib/gcc/arm-none-eabi/13.3.1/../../../../arm-none-eabi/lib/thumb/v7e-m+dp/hard\libc_nano.a(libc_a-sbrkr.o)
                0x0804c0b0                _sbrk_r
 .text.__swhatbuf_r
                0x0804c0d0       0x4c C:/ST/STM32CubeIDE_1.19.0/STM32CubeIDE/plugins/com.st.stm32cube.ide.mcu.externaltools.gnu-tools-for-stm32.13.3.rel1.win32_1.0.0.202411081344/tools/bin/../lib/gcc/arm-none-eabi/13.3.1/../../../../arm-none-eabi/lib/thumb/v7e-m+dp/hard\libc_nano.a(libc_a-makebuf.o)
                0x0804c0d0                __swhatbuf_r
 .text.__smakebuf_r
                0x0804c11c       0x78 C:/ST/STM32CubeIDE_1.19.0/STM32CubeIDE/plugins/com.st.stm32cube.ide.mcu.externaltools.gnu-tools-for-stm32.13.3.rel1.win32_1.0.0.202411081344/tools/bin/../lib/gcc/arm-none-eabi/13.3.1/../../../../arm-none-eabi/lib/thumb/v7e-m+dp/hard\libc_nano.a(libc_a-makebuf.o)
                0x0804c11c                __smakebuf_r
 .text._fstat_r
                0x0804c194       0x24 C:/ST/STM32CubeIDE_1.19.0/STM32CubeIDE/plugins/com.st.stm32cube.ide.mcu.externaltools.gnu-tools-for-stm32.13.3.rel1.win32_1.0.0.202411081344/tools/bin/../lib/gcc/arm-none-eabi/13.3.1/../../../../arm-none-eabi/lib/thumb/v7e-m+dp/hard\libc_nano.a(libc_a-fstatr.o)
                0x0804c194                _fstat_r
 .text._isatty_r
                0x0804c1b8       0x20 C:/ST/STM32CubeIDE_1.19.0/STM32CubeIDE/plugins/com.st.stm32cube.ide.mcu.externaltools.gnu-tools-for-stm32.13.3.rel1.win32_1.0.0.202411081344/tools/bin/../lib/gcc/arm-none-eabi/13.3.1/../../../../arm-none-eabi/lib/thumb/v7e-m+dp/hard\libc_nano.a(libc_a-isattyr.o)
                0x0804c1b8                _isatty_r
 *(.glue_7)
 .glue_7        0x0804c1d8        0x0 linker stubs
 *(.glue_7t)
 .glue_7t       0x0804c1d8        0x0 linker stubs
 *(.eh_frame)
 .eh_frame      0x0804c1d8        0x0 C:/ST/STM32CubeIDE_1.19.0/STM32CubeIDE/plugins/com.st.stm32cube.ide.mcu.externaltools.gnu-tools-for-stm32.13.3.rel1.win32_1.0.0.202411081344/tools/bin/../lib/gcc/arm-none-eabi/13.3.1/thumb/v7e-m+dp/hard/crtbegin.o
 *(.init)
 .init          0x0804c1d8        0x4 C:/ST/STM32CubeIDE_1.19.0/STM32CubeIDE/plugins/com.st.stm32cube.ide.mcu.externaltools.gnu-tools-for-stm32.13.3.rel1.win32_1.0.0.202411081344/tools/bin/../lib/gcc/arm-none-eabi/13.3.1/thumb/v7e-m+dp/hard/crti.o
                0x0804c1d8                _init
 .init          0x0804c1dc        0x8 C:/ST/STM32CubeIDE_1.19.0/STM32CubeIDE/plugins/com.st.stm32cube.ide.mcu.externaltools.gnu-tools-for-stm32.13.3.rel1.win32_1.0.0.202411081344/tools/bin/../lib/gcc/arm-none-eabi/13.3.1/thumb/v7e-m+dp/hard/crtn.o
 *(.fini)
 .fini          0x0804c1e4        0x4 C:/ST/STM32CubeIDE_1.19.0/STM32CubeIDE/plugins/com.st.stm32cube.ide.mcu.externaltools.gnu-tools-for-stm32.13.3.rel1.win32_1.0.0.202411081344/tools/bin/../lib/gcc/arm-none-eabi/13.3.1/thumb/v7e-m+dp/hard/crti.o
                0x0804c1e4                _fini
 .fini          0x0804c1e8        0x8 C:/ST/STM32CubeIDE_1.19.0/STM32CubeIDE/plugins/com.st.stm32cube.ide.mcu.externaltools.gnu-tools-for-stm32.13.3.rel1.win32_1.0.0.202411081344/tools/bin/../lib/gcc/arm-none-eabi/13.3.1/thumb/v7e-m+dp/hard/crtn.o
                0x0804c1f0                        . = ALIGN (0x4)
                0x0804c1f0                        _etext = .

.vfp11_veneer   0x0804c1f0        0x0
 .vfp11_veneer  0x0804c1f0        0x0 linker stubs

.v4_bx          0x0804c1f0        0x0
 .v4_bx         0x0804c1f0        0x0 linker stubs

.iplt           0x0804c1f0        0x0
 .iplt          0x0804c1f0        0x0 C:/ST/STM32CubeIDE_1.19.0/STM32CubeIDE/plugins/com.st.stm32cube.ide.mcu.externaltools.gnu-tools-for-stm32.13.3.rel1.win32_1.0.0.202411081344/tools/bin/../lib/gcc/arm-none-eabi/13.3.1/thumb/v7e-m+dp/hard/crtbegin.o

.rodata         0x0804c1f0      0x154
                0x0804c1f0                        . = ALIGN (0x4)
 *(.rodata)
 .rodata        0x0804c1f0       0x38 ./Core/Src/main.o
 .rodata        0x0804c228       0x4e ./USB_DEVICE/App/usbd_desc.o
 *fill*         0x0804c276        0x2 
 .rodata        0x0804c278       0x5d ./USB_DEVICE/App/usbd_dfu_if.o
 *(.rodata*)
 *fill*         0x0804c2d5        0x3 
 .rodata.D1CorePrescTable
                0x0804c2d8       0x10 ./Common/Src/system_stm32h7xx_dualcore_boot_cm4_cm7.o
                0x0804c2d8                D1CorePrescTable
 .rodata.UARTPrescTable
                0x0804c2e8       0x18 ./Drivers/STM32H7xx_HAL_Driver/stm32h7xx_hal_uart.o
                0x0804c2e8                UARTPrescTable
 .rodata.numerator.1
                0x0804c300        0x8 ./Drivers/STM32H7xx_HAL_Driver/stm32h7xx_hal_uart_ex.o
 .rodata.denominator.0
                0x0804c308        0x8 ./Drivers/STM32H7xx_HAL_Driver/stm32h7xx_hal_uart_ex.o
 .rodata._vfprintf_r.str1.1
                0x0804c310       0x33 C:/ST/STM32CubeIDE_1.19.0/STM32CubeIDE/plugins/com.st.stm32cube.ide.mcu.externaltools.gnu-tools-for-stm32.13.3.rel1.win32_1.0.0.202411081344/tools/bin/../lib/gcc/arm-none-eabi/13.3.1/../../../../arm-none-eabi/lib/thumb/v7e-m+dp/hard\libc_nano.a(libc_a-nano-vfprintf.o)
                                 0x11 (size before relaxing)
 .rodata._printf_i.str1.1
                0x0804c343       0x22 C:/ST/STM32CubeIDE_1.19.0/STM32CubeIDE/plugins/com.st.stm32cube.ide.mcu.externaltools.gnu-tools-for-stm32.13.3.rel1.win32_1.0.0.202411081344/tools/bin/../lib/gcc/arm-none-eabi/13.3.1/../../../../arm-none-eabi/lib/thumb/v7e-m+dp/hard\libc_nano.a(libc_a-nano-vfprintf_i.o)
                0x0804c368                        . = ALIGN (0x4)
 *fill*         0x0804c343        0x1 

.ARM.extab      0x0804c344        0x0
                0x0804c344                        . = ALIGN (0x4)
 *(.ARM.extab* .gnu.linkonce.armextab.*)
                0x0804c344                        . = ALIGN (0x4)

.ARM            0x0804c344        0x8
                0x0804c344                        . = ALIGN (0x4)
                0x0804c344                        __exidx_start = .
 *(.ARM.exidx*)
 .ARM.exidx     0x0804c344        0x8 C:/ST/STM32CubeIDE_1.19.0/STM32CubeIDE/plugins/com.st.stm32cube.ide.mcu.externaltools.gnu-tools-for-stm32.13.3.rel1.win32_1.0.0.202411081344/tools/bin/../lib/gcc/arm-none-eabi/13.3.1/../../../../arm-none-eabi/lib/thumb/v7e-m+dp/hard\libc_nano.a(libc_a-memchr.o)
 .ARM.exidx     0x0804c34c        0x0 C:/ST/STM32CubeIDE_1.19.0/STM32CubeIDE/plugins/com.st.stm32cube.ide.mcu.externaltools.gnu-tools-for-stm32.13.3.rel1.win32_1.0.0.202411081344/tools/bin/../lib/gcc/arm-none-eabi/13.3.1/thumb/v7e-m+dp/hard\libgcc.a(_udivmoddi4.o)
                                  0x8 (size before relaxing)
                0x0804c34c                        __exidx_end = .
                0x0804c34c                        . = ALIGN (0x4)

.preinit_array  0x0804c34c        0x0
                0x0804c34c                        . = ALIGN (0x4)
                0x0804c34c                        PROVIDE (__preinit_array_start = .)
 *(.preinit_array*)
                0x0804c34c                        PROVIDE (__preinit_array_end = .)
                0x0804c34c                        . = ALIGN (0x4)

.init_array     0x0804c34c        0x4
                0x0804c34c                        . = ALIGN (0x4)
                0x0804c34c                        PROVIDE (__init_array_start = .)
 *(SORT_BY_NAME(.init_array.*))
 *(.init_array*)
 .init_array    0x0804c34c        0x4 C:/ST/STM32CubeIDE_1.19.0/STM32CubeIDE/plugins/com.st.stm32cube.ide.mcu.externaltools.gnu-tools-for-stm32.13.3.rel1.win32_1.0.0.202411081344/tools/bin/../lib/gcc/arm-none-eabi/13.3.1/thumb/v7e-m+dp/hard/crtbegin.o
                0x0804c350                        PROVIDE (__init_array_end = .)
                0x0804c350                        . = ALIGN (0x4)

.fini_array     0x0804c350        0x4
                0x0804c350                        . = ALIGN (0x4)
                [!provide]                        PROVIDE (__fini_array_start = .)
 *(SORT_BY_NAME(.fini_array.*))
 *(.fini_array*)
 .fini_array    0x0804c350        0x4 C:/ST/STM32CubeIDE_1.19.0/STM32CubeIDE/plugins/com.st.stm32cube.ide.mcu.externaltools.gnu-tools-for-stm32.13.3.rel1.win32_1.0.0.202411081344/tools/bin/../lib/gcc/arm-none-eabi/13.3.1/thumb/v7e-m+dp/hard/crtbegin.o
                [!provide]                        PROVIDE (__fini_array_end = .)
                0x0804c354                        . = ALIGN (0x4)
                0x0804c354                        _sidata = LOADADDR (.data)

.rel.dyn        0x0804c354        0x0
 .rel.iplt      0x0804c354        0x0 C:/ST/STM32CubeIDE_1.19.0/STM32CubeIDE/plugins/com.st.stm32cube.ide.mcu.externaltools.gnu-tools-for-stm32.13.3.rel1.win32_1.0.0.202411081344/tools/bin/../lib/gcc/arm-none-eabi/13.3.1/thumb/v7e-m+dp/hard/crtbegin.o

.data           0x24000000      0x140 load address 0x0804c354
                0x24000000                        . = ALIGN (0x4)
                0x24000000                        _sdata = .
 *(.data)
 *(.data*)
 .data.SystemCoreClock
                0x24000000        0x4 ./Common/Src/system_stm32h7xx_dualcore_boot_cm4_cm7.o
                0x24000000                SystemCoreClock
 .data.SystemD2Clock
                0x24000004        0x4 ./Common/Src/system_stm32h7xx_dualcore_boot_cm4_cm7.o
                0x24000004                SystemD2Clock
 .data.uwTickPrio
                0x24000008        0x4 ./Drivers/STM32H7xx_HAL_Driver/stm32h7xx_hal.o
                0x24000008                uwTickPrio
 .data.uwTickFreq
                0x2400000c        0x1 ./Drivers/STM32H7xx_HAL_Driver/stm32h7xx_hal.o
                0x2400000c                uwTickFreq
 *fill*         0x2400000d        0x3 
 .data.USBD_DFU
                0x24000010       0x3c ./Middlewares/ST/STM32_USB_Device_Library/usbd_dfu.o
                0x24000010                USBD_DFU
 .data.USBD_DFU_CfgDesc
                0x2400004c       0x1b ./Middlewares/ST/STM32_USB_Device_Library/usbd_dfu.o
 *fill*         0x24000067        0x1 
 .data.USBD_DFU_DeviceQualifierDesc
                0x24000068        0xa ./Middlewares/ST/STM32_USB_Device_Library/usbd_dfu.o
 *fill*         0x24000072        0x2 
 .data.HS_Desc  0x24000074       0x20 ./USB_DEVICE/App/usbd_desc.o
                0x24000074                HS_Desc
 .data.USBD_HS_DeviceDesc
                0x24000094       0x12 ./USB_DEVICE/App/usbd_desc.o
                0x24000094                USBD_HS_DeviceDesc
 *fill*         0x240000a6        0x2 
 .data.USBD_LangIDDesc
                0x240000a8        0x4 ./USB_DEVICE/App/usbd_desc.o
                0x240000a8                USBD_LangIDDesc
 .data.USBD_StringSerial
                0x240000ac       0x1a ./USB_DEVICE/App/usbd_desc.o
                0x240000ac                USBD_StringSerial
 *fill*         0x240000c6        0x2 
 .data.USBD_DFU_fops_HS
                0x240000c8       0x1c ./USB_DEVICE/App/usbd_dfu_if.o
                0x240000c8                USBD_DFU_fops_HS
 .data.__sglue  0x240000e4        0xc C:/ST/STM32CubeIDE_1.19.0/STM32CubeIDE/plugins/com.st.stm32cube.ide.mcu.externaltools.gnu-tools-for-stm32.13.3.rel1.win32_1.0.0.202411081344/tools/bin/../lib/gcc/arm-none-eabi/13.3.1/../../../../arm-none-eabi/lib/thumb/v7e-m+dp/hard\libc_nano.a(libc_a-findfp.o)
                0x240000e4                __sglue
 .data._impure_ptr
                0x240000f0        0x4 C:/ST/STM32CubeIDE_1.19.0/STM32CubeIDE/plugins/com.st.stm32cube.ide.mcu.externaltools.gnu-tools-for-stm32.13.3.rel1.win32_1.0.0.202411081344/tools/bin/../lib/gcc/arm-none-eabi/13.3.1/../../../../arm-none-eabi/lib/thumb/v7e-m+dp/hard\libc_nano.a(libc_a-impure.o)
                0x240000f0                _impure_ptr
 .data._impure_data
                0x240000f4       0x4c C:/ST/STM32CubeIDE_1.19.0/STM32CubeIDE/plugins/com.st.stm32cube.ide.mcu.externaltools.gnu-tools-for-stm32.13.3.rel1.win32_1.0.0.202411081344/tools/bin/../lib/gcc/arm-none-eabi/13.3.1/../../../../arm-none-eabi/lib/thumb/v7e-m+dp/hard\libc_nano.a(libc_a-impure.o)
                0x240000f4                _impure_data
 *(.RamFunc)
 *(.RamFunc*)
                0x24000140                        . = ALIGN (0x4)
                0x24000140                        _edata = .

.igot.plt       0x24000140        0x0 load address 0x0804c494
 .igot.plt      0x24000140        0x0 C:/ST/STM32CubeIDE_1.19.0/STM32CubeIDE/plugins/com.st.stm32cube.ide.mcu.externaltools.gnu-tools-for-stm32.13.3.rel1.win32_1.0.0.202411081344/tools/bin/../lib/gcc/arm-none-eabi/13.3.1/thumb/v7e-m+dp/hard/crtbegin.o
                0x24000140                        . = ALIGN (0x4)

.bss            0x24000140     0x1110 load address 0x0804c494
                0x24000140                        _sbss = .
                0x24000140                        __bss_start__ = _sbss
 *(.bss)
 .bss           0x24000140       0x1c C:/ST/STM32CubeIDE_1.19.0/STM32CubeIDE/plugins/com.st.stm32cube.ide.mcu.externaltools.gnu-tools-for-stm32.13.3.rel1.win32_1.0.0.202411081344/tools/bin/../lib/gcc/arm-none-eabi/13.3.1/thumb/v7e-m+dp/hard/crtbegin.o
 *(.bss*)
 .bss.hcrc      0x2400015c       0x24 ./Core/Src/main.o
                0x2400015c                hcrc
 .bss.huart1    0x24000180       0x94 ./Core/Src/main.o
                0x24000180                huart1
 .bss.__sbrk_heap_end
                0x24000214        0x4 ./Core/Src/sysmem.o
 .bss.uwTick    0x24000218        0x4 ./Drivers/STM32H7xx_HAL_Driver/stm32h7xx_hal.o
                0x24000218                uwTick
 .bss.cfgidx.0  0x2400021c        0x1 ./Middlewares/ST/STM32_USB_Device_Library/usbd_ctlreq.o
 *fill*         0x2400021d        0x3 
 .bss.USBD_StrDesc.0
                0x24000220       0xff ./Middlewares/ST/STM32_USB_Device_Library/usbd_dfu.o
 *fill*         0x2400031f        0x1 
 .bss.hUsbDeviceHS
                0x24000320      0x2dc ./USB_DEVICE/App/usb_device.o
                0x24000320                hUsbDeviceHS
 .bss.USBD_StrDesc
                0x240005fc      0x200 ./USB_DEVICE/App/usbd_desc.o
                0x240005fc                USBD_StrDesc
 .bss.hpcd_USB_OTG_HS
                0x240007fc      0x4e4 ./USB_DEVICE/Target/usbd_conf.o
                0x240007fc                hpcd_USB_OTG_HS
 .bss.mem.0     0x24000ce0      0x424 ./USB_DEVICE/Target/usbd_conf.o
 .bss.__sf      0x24001104      0x138 C:/ST/STM32CubeIDE_1.19.0/STM32CubeIDE/plugins/com.st.stm32cube.ide.mcu.externaltools.gnu-tools-for-stm32.13.3.rel1.win32_1.0.0.202411081344/tools/bin/../lib/gcc/arm-none-eabi/13.3.1/../../../../arm-none-eabi/lib/thumb/v7e-m+dp/hard\libc_nano.a(libc_a-findfp.o)
                0x24001104                __sf
 .bss.__stdio_exit_handler
                0x2400123c        0x4 C:/ST/STM32CubeIDE_1.19.0/STM32CubeIDE/plugins/com.st.stm32cube.ide.mcu.externaltools.gnu-tools-for-stm32.13.3.rel1.win32_1.0.0.202411081344/tools/bin/../lib/gcc/arm-none-eabi/13.3.1/../../../../arm-none-eabi/lib/thumb/v7e-m+dp/hard\libc_nano.a(libc_a-findfp.o)
                0x2400123c                __stdio_exit_handler
 .bss.errno     0x24001240        0x4 C:/ST/STM32CubeIDE_1.19.0/STM32CubeIDE/plugins/com.st.stm32cube.ide.mcu.externaltools.gnu-tools-for-stm32.13.3.rel1.win32_1.0.0.202411081344/tools/bin/../lib/gcc/arm-none-eabi/13.3.1/../../../../arm-none-eabi/lib/thumb/v7e-m+dp/hard\libc_nano.a(libc_a-reent.o)
                0x24001240                errno
 .bss.__lock___malloc_recursive_mutex
                0x24001244        0x1 C:/ST/STM32CubeIDE_1.19.0/STM32CubeIDE/plugins/com.st.stm32cube.ide.mcu.externaltools.gnu-tools-for-stm32.13.3.rel1.win32_1.0.0.202411081344/tools/bin/../lib/gcc/arm-none-eabi/13.3.1/../../../../arm-none-eabi/lib/thumb/v7e-m+dp/hard\libc_nano.a(libc_a-lock.o)
                0x24001244                __lock___malloc_recursive_mutex
 .bss.__lock___sfp_recursive_mutex
                0x24001245        0x1 C:/ST/STM32CubeIDE_1.19.0/STM32CubeIDE/plugins/com.st.stm32cube.ide.mcu.externaltools.gnu-tools-for-stm32.13.3.rel1.win32_1.0.0.202411081344/tools/bin/../lib/gcc/arm-none-eabi/13.3.1/../../../../arm-none-eabi/lib/thumb/v7e-m+dp/hard\libc_nano.a(libc_a-lock.o)
                0x24001245                __lock___sfp_recursive_mutex
 *fill*         0x24001246        0x2 
 .bss.__malloc_sbrk_start
                0x24001248        0x4 C:/ST/STM32CubeIDE_1.19.0/STM32CubeIDE/plugins/com.st.stm32cube.ide.mcu.externaltools.gnu-tools-for-stm32.13.3.rel1.win32_1.0.0.202411081344/tools/bin/../lib/gcc/arm-none-eabi/13.3.1/../../../../arm-none-eabi/lib/thumb/v7e-m+dp/hard\libc_nano.a(libc_a-mallocr.o)
                0x24001248                __malloc_sbrk_start
 .bss.__malloc_free_list
                0x2400124c        0x4 C:/ST/STM32CubeIDE_1.19.0/STM32CubeIDE/plugins/com.st.stm32cube.ide.mcu.externaltools.gnu-tools-for-stm32.13.3.rel1.win32_1.0.0.202411081344/tools/bin/../lib/gcc/arm-none-eabi/13.3.1/../../../../arm-none-eabi/lib/thumb/v7e-m+dp/hard\libc_nano.a(libc_a-mallocr.o)
                0x2400124c                __malloc_free_list
 *(COMMON)
                0x24001250                        . = ALIGN (0x4)
                0x24001250                        _ebss = .
                0x24001250                        __bss_end__ = _ebss

._user_heap_stack
                0x24001250      0x600 load address 0x0804c494
                0x24001250                        . = ALIGN (0x8)
                [!provide]                        PROVIDE (end = .)
                0x24001250                        PROVIDE (_end = .)
                0x24001450                        . = (. + _Min_Heap_Size)
 *fill*         0x24001250      0x200 
                0x24001850                        . = (. + _Min_Stack_Size)
 *fill*         0x24001450      0x400 
                0x24001850                        . = ALIGN (0x8)

/DISCARD/
 libc.a(*)
 libm.a(*)
 libgcc.a(*)

.ARM.attributes
                0x00000000       0x2e
 *(.ARM.attributes)
 .ARM.attributes
                0x00000000       0x20 C:/ST/STM32CubeIDE_1.19.0/STM32CubeIDE/plugins/com.st.stm32cube.ide.mcu.externaltools.gnu-tools-for-stm32.13.3.rel1.win32_1.0.0.202411081344/tools/bin/../lib/gcc/arm-none-eabi/13.3.1/thumb/v7e-m+dp/hard/crti.o
 .ARM.attributes
                0x00000020       0x32 C:/ST/STM32CubeIDE_1.19.0/STM32CubeIDE/plugins/com.st.stm32cube.ide.mcu.externaltools.gnu-tools-for-stm32.13.3.rel1.win32_1.0.0.202411081344/tools/bin/../lib/gcc/arm-none-eabi/13.3.1/thumb/v7e-m+dp/hard/crtbegin.o
 .ARM.attributes
                0x00000052       0x32 ./Common/Src/system_stm32h7xx_dualcore_boot_cm4_cm7.o
 .ARM.attributes
                0x00000084       0x32 ./Core/Src/main.o
 .ARM.attributes
                0x000000b6       0x32 ./Core/Src/stm32h7xx_hal_msp.o
 .ARM.attributes
                0x000000e8       0x32 ./Core/Src/stm32h7xx_it.o
 .ARM.attributes
                0x0000011a       0x32 ./Core/Src/syscalls.o
 .ARM.attributes
                0x0000014c       0x32 ./Core/Src/sysmem.o
 .ARM.attributes
                0x0000017e       0x21 ./Core/Startup/startup_stm32h747xihx.o
 .ARM.attributes
                0x0000019f       0x32 ./Drivers/STM32H7xx_HAL_Driver/stm32h7xx_hal.o
 .ARM.attributes
                0x000001d1       0x32 ./Drivers/STM32H7xx_HAL_Driver/stm32h7xx_hal_cortex.o
 .ARM.attributes
                0x00000203       0x32 ./Drivers/STM32H7xx_HAL_Driver/stm32h7xx_hal_crc.o
 .ARM.attributes
                0x00000235       0x32 ./Drivers/STM32H7xx_HAL_Driver/stm32h7xx_hal_crc_ex.o
 .ARM.attributes
                0x00000267       0x32 ./Drivers/STM32H7xx_HAL_Driver/stm32h7xx_hal_gpio.o
 .ARM.attributes
                0x00000299       0x32 ./Drivers/STM32H7xx_HAL_Driver/stm32h7xx_hal_hsem.o
 .ARM.attributes
                0x000002cb       0x32 ./Drivers/STM32H7xx_HAL_Driver/stm32h7xx_hal_pcd.o
 .ARM.attributes
                0x000002fd       0x32 ./Drivers/STM32H7xx_HAL_Driver/stm32h7xx_hal_pcd_ex.o
 .ARM.attributes
                0x0000032f       0x32 ./Drivers/STM32H7xx_HAL_Driver/stm32h7xx_hal_pwr_ex.o
 .ARM.attributes
                0x00000361       0x32 ./Drivers/STM32H7xx_HAL_Driver/stm32h7xx_hal_rcc.o
 .ARM.attributes
                0x00000393       0x32 ./Drivers/STM32H7xx_HAL_Driver/stm32h7xx_hal_rcc_ex.o
 .ARM.attributes
                0x000003c5       0x32 ./Drivers/STM32H7xx_HAL_Driver/stm32h7xx_hal_uart.o
 .ARM.attributes
                0x000003f7       0x32 ./Drivers/STM32H7xx_HAL_Driver/stm32h7xx_hal_uart_ex.o
 .ARM.attributes
                0x00000429       0x32 ./Drivers/STM32H7xx_HAL_Driver/stm32h7xx_ll_usb.o
 .ARM.attributes
                0x0000045b       0x32 ./Middlewares/ST/STM32_USB_Device_Library/usbd_core.o
 .ARM.attributes
                0x0000048d       0x32 ./Middlewares/ST/STM32_USB_Device_Library/usbd_ctlreq.o
 .ARM.attributes
                0x000004bf       0x32 ./Middlewares/ST/STM32_USB_Device_Library/usbd_dfu.o
 .ARM.attributes
                0x000004f1       0x32 ./Middlewares/ST/STM32_USB_Device_Library/usbd_ioreq.o
 .ARM.attributes
                0x00000523       0x32 ./USB_DEVICE/App/usb_device.o
 .ARM.attributes
                0x00000555       0x32 ./USB_DEVICE/App/usbd_desc.o
 .ARM.attributes
                0x00000587       0x32 ./USB_DEVICE/App/usbd_dfu_if.o
 .ARM.attributes
                0x000005b9       0x32 ./USB_DEVICE/Target/usbd_conf.o
 .ARM.attributes
                0x000005eb       0x32 C:/ST/STM32CubeIDE_1.19.0/STM32CubeIDE/plugins/com.st.stm32cube.ide.mcu.externaltools.gnu-tools-for-stm32.13.3.rel1.win32_1.0.0.202411081344/tools/bin/../lib/gcc/arm-none-eabi/13.3.1/../../../../arm-none-eabi/lib/thumb/v7e-m+dp/hard\libc_nano.a(libc_a-findfp.o)
 .ARM.attributes
                0x0000061d       0x32 C:/ST/STM32CubeIDE_1.19.0/STM32CubeIDE/plugins/com.st.stm32cube.ide.mcu.externaltools.gnu-tools-for-stm32.13.3.rel1.win32_1.0.0.202411081344/tools/bin/../lib/gcc/arm-none-eabi/13.3.1/../../../../arm-none-eabi/lib/thumb/v7e-m+dp/hard\libc_nano.a(libc_a-fwalk.o)
 .ARM.attributes
                0x0000064f       0x32 C:/ST/STM32CubeIDE_1.19.0/STM32CubeIDE/plugins/com.st.stm32cube.ide.mcu.externaltools.gnu-tools-for-stm32.13.3.rel1.win32_1.0.0.202411081344/tools/bin/../lib/gcc/arm-none-eabi/13.3.1/../../../../arm-none-eabi/lib/thumb/v7e-m+dp/hard\libc_nano.a(libc_a-printf.o)
 .ARM.attributes
                0x00000681       0x32 C:/ST/STM32CubeIDE_1.19.0/STM32CubeIDE/plugins/com.st.stm32cube.ide.mcu.externaltools.gnu-tools-for-stm32.13.3.rel1.win32_1.0.0.202411081344/tools/bin/../lib/gcc/arm-none-eabi/13.3.1/../../../../arm-none-eabi/lib/thumb/v7e-m+dp/hard\libc_nano.a(libc_a-stdio.o)
 .ARM.attributes
                0x000006b3       0x32 C:/ST/STM32CubeIDE_1.19.0/STM32CubeIDE/plugins/com.st.stm32cube.ide.mcu.externaltools.gnu-tools-for-stm32.13.3.rel1.win32_1.0.0.202411081344/tools/bin/../lib/gcc/arm-none-eabi/13.3.1/../../../../arm-none-eabi/lib/thumb/v7e-m+dp/hard\libc_nano.a(libc_a-memset.o)
 .ARM.attributes
                0x000006e5       0x32 C:/ST/STM32CubeIDE_1.19.0/STM32CubeIDE/plugins/com.st.stm32cube.ide.mcu.externaltools.gnu-tools-for-stm32.13.3.rel1.win32_1.0.0.202411081344/tools/bin/../lib/gcc/arm-none-eabi/13.3.1/../../../../arm-none-eabi/lib/thumb/v7e-m+dp/hard\libc_nano.a(libc_a-closer.o)
 .ARM.attributes
                0x00000717       0x32 C:/ST/STM32CubeIDE_1.19.0/STM32CubeIDE/plugins/com.st.stm32cube.ide.mcu.externaltools.gnu-tools-for-stm32.13.3.rel1.win32_1.0.0.202411081344/tools/bin/../lib/gcc/arm-none-eabi/13.3.1/../../../../arm-none-eabi/lib/thumb/v7e-m+dp/hard\libc_nano.a(libc_a-reent.o)
 .ARM.attributes
                0x00000749       0x32 C:/ST/STM32CubeIDE_1.19.0/STM32CubeIDE/plugins/com.st.stm32cube.ide.mcu.externaltools.gnu-tools-for-stm32.13.3.rel1.win32_1.0.0.202411081344/tools/bin/../lib/gcc/arm-none-eabi/13.3.1/../../../../arm-none-eabi/lib/thumb/v7e-m+dp/hard\libc_nano.a(libc_a-impure.o)
 .ARM.attributes
                0x0000077b       0x32 C:/ST/STM32CubeIDE_1.19.0/STM32CubeIDE/plugins/com.st.stm32cube.ide.mcu.externaltools.gnu-tools-for-stm32.13.3.rel1.win32_1.0.0.202411081344/tools/bin/../lib/gcc/arm-none-eabi/13.3.1/../../../../arm-none-eabi/lib/thumb/v7e-m+dp/hard\libc_nano.a(libc_a-lseekr.o)
 .ARM.attributes
                0x000007ad       0x32 C:/ST/STM32CubeIDE_1.19.0/STM32CubeIDE/plugins/com.st.stm32cube.ide.mcu.externaltools.gnu-tools-for-stm32.13.3.rel1.win32_1.0.0.202411081344/tools/bin/../lib/gcc/arm-none-eabi/13.3.1/../../../../arm-none-eabi/lib/thumb/v7e-m+dp/hard\libc_nano.a(libc_a-readr.o)
 .ARM.attributes
                0x000007df       0x32 C:/ST/STM32CubeIDE_1.19.0/STM32CubeIDE/plugins/com.st.stm32cube.ide.mcu.externaltools.gnu-tools-for-stm32.13.3.rel1.win32_1.0.0.202411081344/tools/bin/../lib/gcc/arm-none-eabi/13.3.1/../../../../arm-none-eabi/lib/thumb/v7e-m+dp/hard\libc_nano.a(libc_a-writer.o)
 .ARM.attributes
                0x00000811       0x32 C:/ST/STM32CubeIDE_1.19.0/STM32CubeIDE/plugins/com.st.stm32cube.ide.mcu.externaltools.gnu-tools-for-stm32.13.3.rel1.win32_1.0.0.202411081344/tools/bin/../lib/gcc/arm-none-eabi/13.3.1/../../../../arm-none-eabi/lib/thumb/v7e-m+dp/hard\libc_nano.a(libc_a-errno.o)
 .ARM.attributes
                0x00000843       0x32 C:/ST/STM32CubeIDE_1.19.0/STM32CubeIDE/plugins/com.st.stm32cube.ide.mcu.externaltools.gnu-tools-for-stm32.13.3.rel1.win32_1.0.0.202411081344/tools/bin/../lib/gcc/arm-none-eabi/13.3.1/../../../../arm-none-eabi/lib/thumb/v7e-m+dp/hard\libc_nano.a(libc_a-init.o)
 .ARM.attributes
                0x00000875       0x32 C:/ST/STM32CubeIDE_1.19.0/STM32CubeIDE/plugins/com.st.stm32cube.ide.mcu.externaltools.gnu-tools-for-stm32.13.3.rel1.win32_1.0.0.202411081344/tools/bin/../lib/gcc/arm-none-eabi/13.3.1/../../../../arm-none-eabi/lib/thumb/v7e-m+dp/hard\libc_nano.a(libc_a-lock.o)
 .ARM.attributes
                0x000008a7       0x32 C:/ST/STM32CubeIDE_1.19.0/STM32CubeIDE/plugins/com.st.stm32cube.ide.mcu.externaltools.gnu-tools-for-stm32.13.3.rel1.win32_1.0.0.202411081344/tools/bin/../lib/gcc/arm-none-eabi/13.3.1/../../../../arm-none-eabi/lib/thumb/v7e-m+dp/hard\libc_nano.a(libc_a-freer.o)
 .ARM.attributes
                0x000008d9       0x32 C:/ST/STM32CubeIDE_1.19.0/STM32CubeIDE/plugins/com.st.stm32cube.ide.mcu.externaltools.gnu-tools-for-stm32.13.3.rel1.win32_1.0.0.202411081344/tools/bin/../lib/gcc/arm-none-eabi/13.3.1/../../../../arm-none-eabi/lib/thumb/v7e-m+dp/hard\libc_nano.a(libc_a-mallocr.o)
 .ARM.attributes
                0x0000090b       0x32 C:/ST/STM32CubeIDE_1.19.0/STM32CubeIDE/plugins/com.st.stm32cube.ide.mcu.externaltools.gnu-tools-for-stm32.13.3.rel1.win32_1.0.0.202411081344/tools/bin/../lib/gcc/arm-none-eabi/13.3.1/../../../../arm-none-eabi/lib/thumb/v7e-m+dp/hard\libc_nano.a(libc_a-mlock.o)
 .ARM.attributes
                0x0000093d       0x32 C:/ST/STM32CubeIDE_1.19.0/STM32CubeIDE/plugins/com.st.stm32cube.ide.mcu.externaltools.gnu-tools-for-stm32.13.3.rel1.win32_1.0.0.202411081344/tools/bin/../lib/gcc/arm-none-eabi/13.3.1/../../../../arm-none-eabi/lib/thumb/v7e-m+dp/hard\libc_nano.a(libc_a-nano-vfprintf.o)
 .ARM.attributes
                0x0000096f       0x32 C:/ST/STM32CubeIDE_1.19.0/STM32CubeIDE/plugins/com.st.stm32cube.ide.mcu.externaltools.gnu-tools-for-stm32.13.3.rel1.win32_1.0.0.202411081344/tools/bin/../lib/gcc/arm-none-eabi/13.3.1/../../../../arm-none-eabi/lib/thumb/v7e-m+dp/hard\libc_nano.a(libc_a-nano-vfprintf_i.o)
 .ARM.attributes